Archive member included to satisfy reference by file (symbol)

/usr/bin/../lib/gcc/arm-none-eabi/7.3.1/../../../../arm-none-eabi/lib/thumb/v7e-m/fpv4-sp/hard/libc.a(lib_a-exit.o)
                              /usr/bin/../lib/gcc/arm-none-eabi/7.3.1/../../../../arm-none-eabi/lib/thumb/v7e-m/fpv4-sp/hard/crt0.o (exit)
/usr/bin/../lib/gcc/arm-none-eabi/7.3.1/../../../../arm-none-eabi/lib/thumb/v7e-m/fpv4-sp/hard/libc.a(lib_a-impure.o)
                              /usr/bin/../lib/gcc/arm-none-eabi/7.3.1/../../../../arm-none-eabi/lib/thumb/v7e-m/fpv4-sp/hard/libc.a(lib_a-exit.o) (_global_impure_ptr)
/usr/bin/../lib/gcc/arm-none-eabi/7.3.1/../../../../arm-none-eabi/lib/thumb/v7e-m/fpv4-sp/hard/libc.a(lib_a-init.o)
                              /usr/bin/../lib/gcc/arm-none-eabi/7.3.1/../../../../arm-none-eabi/lib/thumb/v7e-m/fpv4-sp/hard/crt0.o (__libc_init_array)
/usr/bin/../lib/gcc/arm-none-eabi/7.3.1/../../../../arm-none-eabi/lib/thumb/v7e-m/fpv4-sp/hard/libc.a(lib_a-malloc.o)
                              build/usbh_cdc.o (malloc)
/usr/bin/../lib/gcc/arm-none-eabi/7.3.1/../../../../arm-none-eabi/lib/thumb/v7e-m/fpv4-sp/hard/libc.a(lib_a-mallocr.o)
                              /usr/bin/../lib/gcc/arm-none-eabi/7.3.1/../../../../arm-none-eabi/lib/thumb/v7e-m/fpv4-sp/hard/libc.a(lib_a-malloc.o) (_malloc_r)
/usr/bin/../lib/gcc/arm-none-eabi/7.3.1/../../../../arm-none-eabi/lib/thumb/v7e-m/fpv4-sp/hard/libc.a(lib_a-memset.o)
                              /usr/bin/../lib/gcc/arm-none-eabi/7.3.1/../../../../arm-none-eabi/lib/thumb/v7e-m/fpv4-sp/hard/crt0.o (memset)
/usr/bin/../lib/gcc/arm-none-eabi/7.3.1/../../../../arm-none-eabi/lib/thumb/v7e-m/fpv4-sp/hard/libc.a(lib_a-mlock.o)
                              /usr/bin/../lib/gcc/arm-none-eabi/7.3.1/../../../../arm-none-eabi/lib/thumb/v7e-m/fpv4-sp/hard/libc.a(lib_a-mallocr.o) (__malloc_lock)
/usr/bin/../lib/gcc/arm-none-eabi/7.3.1/../../../../arm-none-eabi/lib/thumb/v7e-m/fpv4-sp/hard/libc.a(lib_a-sbrkr.o)
                              /usr/bin/../lib/gcc/arm-none-eabi/7.3.1/../../../../arm-none-eabi/lib/thumb/v7e-m/fpv4-sp/hard/libc.a(lib_a-mallocr.o) (_sbrk_r)
/usr/bin/../lib/gcc/arm-none-eabi/7.3.1/../../../../arm-none-eabi/lib/thumb/v7e-m/fpv4-sp/hard/libc.a(lib_a-__call_atexit.o)
                              /usr/bin/../lib/gcc/arm-none-eabi/7.3.1/../../../../arm-none-eabi/lib/thumb/v7e-m/fpv4-sp/hard/libc.a(lib_a-exit.o) (__call_exitprocs)
/usr/bin/../lib/gcc/arm-none-eabi/7.3.1/../../../../arm-none-eabi/lib/thumb/v7e-m/fpv4-sp/hard/libc.a(lib_a-atexit.o)
                              /usr/bin/../lib/gcc/arm-none-eabi/7.3.1/../../../../arm-none-eabi/lib/thumb/v7e-m/fpv4-sp/hard/libc.a(lib_a-__call_atexit.o) (atexit)
/usr/bin/../lib/gcc/arm-none-eabi/7.3.1/../../../../arm-none-eabi/lib/thumb/v7e-m/fpv4-sp/hard/libc.a(lib_a-fini.o)
                              /usr/bin/../lib/gcc/arm-none-eabi/7.3.1/../../../../arm-none-eabi/lib/thumb/v7e-m/fpv4-sp/hard/libc.a(lib_a-__call_atexit.o) (__libc_fini_array)
/usr/bin/../lib/gcc/arm-none-eabi/7.3.1/../../../../arm-none-eabi/lib/thumb/v7e-m/fpv4-sp/hard/libc.a(lib_a-freer.o)
                              /usr/bin/../lib/gcc/arm-none-eabi/7.3.1/../../../../arm-none-eabi/lib/thumb/v7e-m/fpv4-sp/hard/libc.a(lib_a-malloc.o) (_free_r)
/usr/bin/../lib/gcc/arm-none-eabi/7.3.1/../../../../arm-none-eabi/lib/thumb/v7e-m/fpv4-sp/hard/libc.a(lib_a-lock.o)
                              /usr/bin/../lib/gcc/arm-none-eabi/7.3.1/../../../../arm-none-eabi/lib/thumb/v7e-m/fpv4-sp/hard/libc.a(lib_a-mlock.o) (__retarget_lock_acquire_recursive)
/usr/bin/../lib/gcc/arm-none-eabi/7.3.1/../../../../arm-none-eabi/lib/thumb/v7e-m/fpv4-sp/hard/libc.a(lib_a-reent.o)
                              /usr/bin/../lib/gcc/arm-none-eabi/7.3.1/../../../../arm-none-eabi/lib/thumb/v7e-m/fpv4-sp/hard/libc.a(lib_a-sbrkr.o) (errno)
/usr/bin/../lib/gcc/arm-none-eabi/7.3.1/../../../../arm-none-eabi/lib/thumb/v7e-m/fpv4-sp/hard/libc.a(lib_a-__atexit.o)
                              /usr/bin/../lib/gcc/arm-none-eabi/7.3.1/../../../../arm-none-eabi/lib/thumb/v7e-m/fpv4-sp/hard/libc.a(lib_a-atexit.o) (__register_exitproc)
/usr/bin/../lib/gcc/arm-none-eabi/7.3.1/../../../../arm-none-eabi/lib/thumb/v7e-m/fpv4-sp/hard/libnosys.a(sbrk.o)
                              /usr/bin/../lib/gcc/arm-none-eabi/7.3.1/../../../../arm-none-eabi/lib/thumb/v7e-m/fpv4-sp/hard/libc.a(lib_a-sbrkr.o) (_sbrk)
/usr/bin/../lib/gcc/arm-none-eabi/7.3.1/../../../../arm-none-eabi/lib/thumb/v7e-m/fpv4-sp/hard/libnosys.a(_exit.o)
                              /usr/bin/../lib/gcc/arm-none-eabi/7.3.1/../../../../arm-none-eabi/lib/thumb/v7e-m/fpv4-sp/hard/libc.a(lib_a-exit.o) (_exit)
/usr/bin/../lib/gcc/arm-none-eabi/7.3.1/thumb/v7e-m/fpv4-sp/hard/libgcc.a(_aeabi_uldivmod.o)
                              build/stm32f4xx_hal_rcc.o (__aeabi_uldivmod)
/usr/bin/../lib/gcc/arm-none-eabi/7.3.1/thumb/v7e-m/fpv4-sp/hard/libgcc.a(_udivmoddi4.o)
[...]
Memory Configuration

Name             Origin             Length             Attributes
RAM              0x0000000020000000 0x0000000000040000 xrw
FLASH            0x0000000008000000 0x0000000000100000 xr
*default*        0x0000000000000000 0xffffffffffffffff

Linker script and memory map

LOAD /usr/bin/../lib/gcc/arm-none-eabi/7.3.1/thumb/v7e-m/fpv4-sp/hard/crti.o
LOAD /usr/bin/../lib/gcc/arm-none-eabi/7.3.1/thumb/v7e-m/fpv4-sp/hard/crtbegin.o
LOAD /usr/bin/../lib/gcc/arm-none-eabi/7.3.1/../../../../arm-none-eabi/lib/thumb/v7e-m/fpv4-sp/hard/crt0.o
LOAD build/stm32f4xx_hal.o
LOAD build/stm32f4xx_hal_cortex.o
LOAD build/stm32f4xx_hal_dma.o
LOAD build/stm32f4xx_hal_dma_ex.o
LOAD build/stm32f4xx_hal_exti.o
LOAD build/stm32f4xx_hal_flash.o
LOAD build/stm32f4xx_hal_flash_ex.o
LOAD build/stm32f4xx_hal_flash_ramfunc.o
LOAD build/stm32f4xx_hal_gpio.o
LOAD build/stm32f4xx_hal_hcd.o
LOAD build/stm32f4xx_hal_i2c.o
LOAD build/stm32f4xx_hal_i2c_ex.o
LOAD build/stm32f4xx_hal_i2s.o
LOAD build/stm32f4xx_hal_i2s_ex.o
LOAD build/stm32f4xx_hal_pwr.o
LOAD build/stm32f4xx_hal_pwr_ex.o
LOAD build/stm32f4xx_hal_qspi.o
LOAD build/stm32f4xx_hal_rcc.o
LOAD build/stm32f4xx_hal_rcc_ex.o
LOAD build/stm32f4xx_hal_sd.o
LOAD build/stm32f4xx_hal_sram.o
LOAD build/stm32f4xx_hal_tim.o
LOAD build/stm32f4xx_hal_tim_ex.o
LOAD build/stm32f4xx_hal_uart.o
LOAD build/stm32f4xx_ll_fsmc.o
LOAD build/stm32f4xx_ll_sdmmc.o
LOAD build/stm32f4xx_ll_usb.o
LOAD build/usbh_cdc.o
LOAD build/usbh_core.o
LOAD build/usbh_ctlreq.o
LOAD build/usbh_ioreq.o
LOAD build/usbh_pipes.o
LOAD build/main.o
LOAD build/stm32f4xx_hal_msp.o
LOAD build/stm32f4xx_it.o
LOAD build/system_stm32f4xx.o
LOAD build/usb_host.o
LOAD build/usbh_conf.o
LOAD build/usbh_platform.o
LOAD build/startup_stm32f412zx.o
LOAD /usr/bin/../lib/gcc/arm-none-eabi/7.3.1/../../../../arm-none-eabi/lib/thumb/v7e-m/fpv4-sp/hard/libc.a
LOAD /usr/bin/../lib/gcc/arm-none-eabi/7.3.1/../../../../arm-none-eabi/lib/thumb/v7e-m/fpv4-sp/hard/libm.a
LOAD /usr/bin/../lib/gcc/arm-none-eabi/7.3.1/../../../../arm-none-eabi/lib/thumb/v7e-m/fpv4-sp/hard/libnosys.a
START GROUP
LOAD /usr/bin/../lib/gcc/arm-none-eabi/7.3.1/thumb/v7e-m/fpv4-sp/hard/libgcc.a
LOAD /usr/bin/../lib/gcc/arm-none-eabi/7.3.1/../../../../arm-none-eabi/lib/thumb/v7e-m/fpv4-sp/hard/libc.a
END GROUP
START GROUP
LOAD /usr/bin/../lib/gcc/arm-none-eabi/7.3.1/thumb/v7e-m/fpv4-sp/hard/libgcc.a
LOAD /usr/bin/../lib/gcc/arm-none-eabi/7.3.1/../../../../arm-none-eabi/lib/thumb/v7e-m/fpv4-sp/hard/libc.a
LOAD /usr/bin/../lib/gcc/arm-none-eabi/7.3.1/../../../../arm-none-eabi/lib/thumb/v7e-m/fpv4-sp/hard/libnosys.a
END GROUP
LOAD /usr/bin/../lib/gcc/arm-none-eabi/7.3.1/thumb/v7e-m/fpv4-sp/hard/crtend.o
LOAD /usr/bin/../lib/gcc/arm-none-eabi/7.3.1/thumb/v7e-m/fpv4-sp/hard/crtn.o
                0x0000000020040000                _estack = 0x20040000
                0x0000000000000200                _Min_Heap_Size = 0x200
                0x0000000000000400                _Min_Stack_Size = 0x400

.isr_vector     0x0000000008000000      0x1c4
                0x0000000008000000                . = ALIGN (0x4)
 *(.isr_vector)
 .isr_vector    0x0000000008000000      0x1c4 build/startup_stm32f412zx.o
                0x0000000008000000                g_pfnVectors
                0x00000000080001c4                . = ALIGN (0x4)

.text           0x00000000080001c4     0x64a8
                0x00000000080001c4                . = ALIGN (0x4)
 *(.text)
 .text          0x00000000080001c4       0x40 /usr/bin/../lib/gcc/arm-none-eabi/7.3.1/thumb/v7e-m/fpv4-sp/hard/crtbegin.o
 .text          0x0000000008000204       0x30 /usr/bin/../lib/gcc/arm-none-eabi/7.3.1/thumb/v7e-m/fpv4-sp/hard/libgcc.a(_aeabi_uldivmod.o)
                0x0000000008000204                __aeabi_uldivmod
 .text          0x0000000008000234      0x2cc /usr/bin/../lib/gcc/arm-none-eabi/7.3.1/thumb/v7e-m/fpv4-sp/hard/libgcc.a(_udivmoddi4.o)
                0x0000000008000234                __udivmoddi4
 .text          0x0000000008000500        0x4 /usr/bin/../lib/gcc/arm-none-eabi/7.3.1/thumb/v7e-m/fpv4-sp/hard/libgcc.a(_dvmd_tls.o)
                0x0000000008000500                __aeabi_ldiv0
                0x0000000008000500                __aeabi_idiv0
 *(.text*)
 .text.HAL_InitTick
                0x0000000008000504       0x4c build/stm32f4xx_hal.o
                0x0000000008000504                HAL_InitTick
 .text.HAL_Init
                0x0000000008000550       0x34 build/stm32f4xx_hal.o
                0x0000000008000550                HAL_Init
 .text.HAL_IncTick
                0x0000000008000584       0x18 build/stm32f4xx_hal.o
                0x0000000008000584                HAL_IncTick
 .text.HAL_GetTick
                0x000000000800059c        0xc build/stm32f4xx_hal.o
                0x000000000800059c                HAL_GetTick
 .text.HAL_Delay
                0x00000000080005a8       0x28 build/stm32f4xx_hal.o
                0x00000000080005a8                HAL_Delay
 .text.HAL_NVIC_SetPriorityGrouping
                0x00000000080005d0       0x24 build/stm32f4xx_hal_cortex.o
                0x00000000080005d0                HAL_NVIC_SetPriorityGrouping
 .text.HAL_NVIC_SetPriority
                0x00000000080005f4       0x68 build/stm32f4xx_hal_cortex.o
                0x00000000080005f4                HAL_NVIC_SetPriority
 .text.HAL_NVIC_EnableIRQ
                0x000000000800065c       0x1c build/stm32f4xx_hal_cortex.o
                0x000000000800065c                HAL_NVIC_EnableIRQ
 .text.HAL_SYSTICK_Config
                0x0000000008000678       0x2c build/stm32f4xx_hal_cortex.o
                0x0000000008000678                HAL_SYSTICK_Config
 .text.HAL_GPIO_Init
                0x00000000080006a4      0x1bc build/stm32f4xx_hal_gpio.o
                0x00000000080006a4                HAL_GPIO_Init
 .text.HAL_GPIO_WritePin
                0x0000000008000860        0xc build/stm32f4xx_hal_gpio.o
                0x0000000008000860                HAL_GPIO_WritePin
 .text.HCD_RXQLVL_IRQHandler
                0x000000000800086c       0x7c build/stm32f4xx_hal_hcd.o
 .text.HAL_HCD_HC_Init
                0x00000000080008e8       0xa0 build/stm32f4xx_hal_hcd.o
                0x00000000080008e8                HAL_HCD_HC_Init
 .text.HAL_HCD_HC_Halt
                0x0000000008000988       0x24 build/stm32f4xx_hal_hcd.o
                0x0000000008000988                HAL_HCD_HC_Halt
 .text.HAL_HCD_Init
                0x00000000080009ac       0x94 build/stm32f4xx_hal_hcd.o
                0x00000000080009ac                HAL_HCD_Init
 .text.HAL_HCD_HC_SubmitRequest
                0x0000000008000a40      0x18e build/stm32f4xx_hal_hcd.o
                0x0000000008000a40                HAL_HCD_HC_SubmitRequest
 .text.HCD_Port_IRQHandler
                0x0000000008000bce       0xd4 build/stm32f4xx_hal_hcd.o
 .text.HCD_HC_IN_IRQHandler
                0x0000000008000ca2      0x2bc build/stm32f4xx_hal_hcd.o
 .text.HCD_HC_OUT_IRQHandler
                0x0000000008000f5e      0x2b4 build/stm32f4xx_hal_hcd.o
 .text.HAL_HCD_IRQHandler
                0x0000000008001212      0x148 build/stm32f4xx_hal_hcd.o
                0x0000000008001212                HAL_HCD_IRQHandler
 .text.HAL_HCD_Start
                0x000000000800135a       0x2c build/stm32f4xx_hal_hcd.o
                0x000000000800135a                HAL_HCD_Start
 .text.HAL_HCD_Stop
                0x0000000008001386       0x24 build/stm32f4xx_hal_hcd.o
                0x0000000008001386                HAL_HCD_Stop
 .text.HAL_HCD_ResetPort
                0x00000000080013aa        0xa build/stm32f4xx_hal_hcd.o
                0x00000000080013aa                HAL_HCD_ResetPort
 .text.HAL_HCD_HC_GetURBState
                0x00000000080013b4        0xe build/stm32f4xx_hal_hcd.o
                0x00000000080013b4                HAL_HCD_HC_GetURBState
 .text.HAL_HCD_HC_GetXferCount
                0x00000000080013c2        0xc build/stm32f4xx_hal_hcd.o
                0x00000000080013c2                HAL_HCD_HC_GetXferCount
 .text.HAL_HCD_GetCurrentFrame
                0x00000000080013ce        0xa build/stm32f4xx_hal_hcd.o
                0x00000000080013ce                HAL_HCD_GetCurrentFrame
 .text.HAL_HCD_GetCurrentSpeed
                0x00000000080013d8        0xa build/stm32f4xx_hal_hcd.o
                0x00000000080013d8                HAL_HCD_GetCurrentSpeed
 *fill*         0x00000000080013e2        0x2 
 .text.HAL_I2C_Init
                0x00000000080013e4      0x1b4 build/stm32f4xx_hal_i2c.o
                0x00000000080013e4                HAL_I2C_Init
 .text.HAL_I2S_Init
                0x0000000008001598      0x1c4 build/stm32f4xx_hal_i2s.o
                0x0000000008001598                HAL_I2S_Init
 .text.HAL_I2S_TxCpltCallback
                0x000000000800175c        0x2 build/stm32f4xx_hal_i2s.o
                0x000000000800175c                HAL_I2S_TxCpltCallback
 .text.I2S_Transmit_IT
                0x000000000800175e       0x36 build/stm32f4xx_hal_i2s.o
 .text.HAL_I2S_RxCpltCallback
                0x0000000008001794        0x2 build/stm32f4xx_hal_i2s.o
                0x0000000008001794                HAL_I2S_RxCpltCallback
 .text.I2S_Receive_IT
                0x0000000008001796       0x36 build/stm32f4xx_hal_i2s.o
 .text.HAL_I2S_ErrorCallback
                0x00000000080017cc        0x2 build/stm32f4xx_hal_i2s.o
                0x00000000080017cc                HAL_I2S_ErrorCallback
 .text.I2S_IRQHandler
                0x00000000080017ce       0xd0 build/stm32f4xx_hal_i2s.o
 .text.HAL_I2SEx_TxRxCpltCallback
                0x000000000800189e        0x2 build/stm32f4xx_hal_i2s_ex.o
                0x000000000800189e                HAL_I2SEx_TxRxCpltCallback
 .text.I2SEx_TxISR_I2S
                0x00000000080018a0       0x3a build/stm32f4xx_hal_i2s_ex.o
 *fill*         0x00000000080018da        0x2 
 .text.I2SEx_RxISR_I2SExt
                0x00000000080018dc       0x60 build/stm32f4xx_hal_i2s_ex.o
 .text.I2SEx_TxISR_I2SExt
                0x000000000800193c       0x60 build/stm32f4xx_hal_i2s_ex.o
 .text.I2SEx_RxISR_I2S
                0x000000000800199c       0x3a build/stm32f4xx_hal_i2s_ex.o
 *fill*         0x00000000080019d6        0x2 
 .text.HAL_I2SEx_FullDuplex_IRQHandler
                0x00000000080019d8      0x1d8 build/stm32f4xx_hal_i2s_ex.o
                0x00000000080019d8                HAL_I2SEx_FullDuplex_IRQHandler
 .text.QSPI_WaitFlagStateUntilTimeout
                0x0000000008001bb0       0x4a build/stm32f4xx_hal_qspi.o
 .text.HAL_QSPI_SetTimeout
                0x0000000008001bfa        0x4 build/stm32f4xx_hal_qspi.o
                0x0000000008001bfa                HAL_QSPI_SetTimeout
 *fill*         0x0000000008001bfe        0x2 
 .text.HAL_QSPI_Init
                0x0000000008001c00       0xb4 build/stm32f4xx_hal_qspi.o
                0x0000000008001c00                HAL_QSPI_Init
 .text.HAL_RCC_MCOConfig
                0x0000000008001cb4       0x9c build/stm32f4xx_hal_rcc.o
                0x0000000008001cb4                HAL_RCC_MCOConfig
 .text.HAL_RCC_GetSysClockFreq
                0x0000000008001d50       0xd8 build/stm32f4xx_hal_rcc.o
                0x0000000008001d50                HAL_RCC_GetSysClockFreq
 .text.HAL_RCC_ClockConfig
                0x0000000008001e28      0x160 build/stm32f4xx_hal_rcc.o
                0x0000000008001e28                HAL_RCC_ClockConfig
 .text.HAL_RCC_GetHCLKFreq
                0x0000000008001f88        0xc build/stm32f4xx_hal_rcc.o
                0x0000000008001f88                HAL_RCC_GetHCLKFreq
 .text.HAL_RCC_GetPCLK1Freq
                0x0000000008001f94       0x20 build/stm32f4xx_hal_rcc.o
                0x0000000008001f94                HAL_RCC_GetPCLK1Freq
 .text.HAL_RCC_GetPCLK2Freq
                0x0000000008001fb4       0x20 build/stm32f4xx_hal_rcc.o
                0x0000000008001fb4                HAL_RCC_GetPCLK2Freq
 .text.HAL_RCCEx_PeriphCLKConfig
                0x0000000008001fd4      0x2bc build/stm32f4xx_hal_rcc_ex.o
                0x0000000008001fd4                HAL_RCCEx_PeriphCLKConfig
 .text.HAL_RCCEx_GetPeriphCLKFreq
                0x0000000008002290      0x1e8 build/stm32f4xx_hal_rcc_ex.o
                0x0000000008002290                HAL_RCCEx_GetPeriphCLKFreq
 .text.HAL_RCC_OscConfig
                0x0000000008002478      0x390 build/stm32f4xx_hal_rcc_ex.o
                0x0000000008002478                HAL_RCC_OscConfig
 .text.SD_PowerON
                0x0000000008002808       0xc0 build/stm32f4xx_hal_sd.o
 .text.SD_FindSCR
                0x00000000080028c8      0x106 build/stm32f4xx_hal_sd.o
 .text.SD_WideBus_Enable
                0x00000000080029ce       0x56 build/stm32f4xx_hal_sd.o
 .text.SD_WideBus_Disable
                0x0000000008002a24       0x56 build/stm32f4xx_hal_sd.o
 *fill*         0x0000000008002a7a        0x2 
 .text.HAL_SD_GetCardCSD
                0x0000000008002a7c      0x1bc build/stm32f4xx_hal_sd.o
                0x0000000008002a7c                HAL_SD_GetCardCSD
 .text.SD_InitCard
                0x0000000008002c38      0x100 build/stm32f4xx_hal_sd.o
 .text.HAL_SD_InitCard
                0x0000000008002d38       0x7c build/stm32f4xx_hal_sd.o
                0x0000000008002d38                HAL_SD_InitCard
 .text.HAL_SD_Init
                0x0000000008002db4       0x3e build/stm32f4xx_hal_sd.o
                0x0000000008002db4                HAL_SD_Init
 *fill*         0x0000000008002df2        0x2 
 .text.HAL_SD_ConfigWideBusOperation
                0x0000000008002df4       0xa4 build/stm32f4xx_hal_sd.o
                0x0000000008002df4                HAL_SD_ConfigWideBusOperation
 .text.HAL_SRAM_Init
                0x0000000008002e98       0x52 build/stm32f4xx_hal_sram.o
                0x0000000008002e98                HAL_SRAM_Init
 *fill*         0x0000000008002eea        0x2 
 .text.UART_SetConfig
                0x0000000008002eec      0x218 build/stm32f4xx_hal_uart.o
 .text.HAL_UART_Init
                0x0000000008003104       0x5e build/stm32f4xx_hal_uart.o
                0x0000000008003104                HAL_UART_Init
 *fill*         0x0000000008003162        0x2 
 .text.FSMC_NORSRAM_Init
                0x0000000008003164       0x80 build/stm32f4xx_ll_fsmc.o
                0x0000000008003164                FSMC_NORSRAM_Init
 .text.FSMC_NORSRAM_Timing_Init
                0x00000000080031e4       0x58 build/stm32f4xx_ll_fsmc.o
                0x00000000080031e4                FSMC_NORSRAM_Timing_Init
 .text.FSMC_NORSRAM_Extended_Timing_Init
                0x000000000800323c       0x44 build/stm32f4xx_ll_fsmc.o
                0x000000000800323c                FSMC_NORSRAM_Extended_Timing_Init
 .text.SDMMC_GetCmdError
                0x0000000008003280       0x38 build/stm32f4xx_ll_sdmmc.o
 .text.SDMMC_GetCmdResp2
                0x00000000080032b8       0x60 build/stm32f4xx_ll_sdmmc.o
 .text.SDMMC_GetCmdResp3
                0x0000000008003318       0x50 build/stm32f4xx_ll_sdmmc.o
 .text.SDMMC_GetCmdResp7
                0x0000000008003368       0x6c build/stm32f4xx_ll_sdmmc.o
 .text.SDIO_Init
                0x00000000080033d4       0x38 build/stm32f4xx_ll_sdmmc.o
                0x00000000080033d4                SDIO_Init
 .text.SDIO_ReadFIFO
                0x000000000800340c        0x6 build/stm32f4xx_ll_sdmmc.o
                0x000000000800340c                SDIO_ReadFIFO
 .text.SDIO_PowerState_ON
                0x0000000008003412       0x10 build/stm32f4xx_ll_sdmmc.o
                0x0000000008003412                SDIO_PowerState_ON
 .text.SDIO_GetPowerState
                0x0000000008003422        0x8 build/stm32f4xx_ll_sdmmc.o
                0x0000000008003422                SDIO_GetPowerState
 .text.SDIO_SendCommand
                0x000000000800342a       0x24 build/stm32f4xx_ll_sdmmc.o
                0x000000000800342a                SDIO_SendCommand
 .text.SDIO_GetCommandResponse
                0x000000000800344e        0x6 build/stm32f4xx_ll_sdmmc.o
                0x000000000800344e                SDIO_GetCommandResponse
 .text.SDIO_GetResponse
                0x0000000008003454        0x6 build/stm32f4xx_ll_sdmmc.o
                0x0000000008003454                SDIO_GetResponse
 *fill*         0x000000000800345a        0x2 
 .text.SDMMC_GetCmdResp1
                0x000000000800345c      0x158 build/stm32f4xx_ll_sdmmc.o
 .text.SDMMC_GetCmdResp6
                0x00000000080035b4       0xa4 build/stm32f4xx_ll_sdmmc.o
 .text.SDIO_ConfigData
                0x0000000008003658       0x24 build/stm32f4xx_ll_sdmmc.o
                0x0000000008003658                SDIO_ConfigData
 .text.SDMMC_CmdBlockLength
                0x000000000800367c       0x30 build/stm32f4xx_ll_sdmmc.o
                0x000000000800367c                SDMMC_CmdBlockLength
 .text.SDMMC_CmdSelDesel
                0x00000000080036ac       0x30 build/stm32f4xx_ll_sdmmc.o
                0x00000000080036ac                SDMMC_CmdSelDesel
 .text.SDMMC_CmdGoIdleState
                0x00000000080036dc       0x26 build/stm32f4xx_ll_sdmmc.o
                0x00000000080036dc                SDMMC_CmdGoIdleState
 .text.SDMMC_CmdOperCond
                0x0000000008003702       0x2e build/stm32f4xx_ll_sdmmc.o
                0x0000000008003702                SDMMC_CmdOperCond
 .text.SDMMC_CmdAppCommand
                0x0000000008003730       0x30 build/stm32f4xx_ll_sdmmc.o
                0x0000000008003730                SDMMC_CmdAppCommand
 .text.SDMMC_CmdAppOperCommand
                0x0000000008003760       0x32 build/stm32f4xx_ll_sdmmc.o
                0x0000000008003760                SDMMC_CmdAppOperCommand
 .text.SDMMC_CmdBusWidth
                0x0000000008003792       0x30 build/stm32f4xx_ll_sdmmc.o
                0x0000000008003792                SDMMC_CmdBusWidth
 .text.SDMMC_CmdSendSCR
                0x00000000080037c2       0x30 build/stm32f4xx_ll_sdmmc.o
                0x00000000080037c2                SDMMC_CmdSendSCR
 .text.SDMMC_CmdSendCID
                0x00000000080037f2       0x2a build/stm32f4xx_ll_sdmmc.o
                0x00000000080037f2                SDMMC_CmdSendCID
 .text.SDMMC_CmdSendCSD
                0x000000000800381c       0x2a build/stm32f4xx_ll_sdmmc.o
                0x000000000800381c                SDMMC_CmdSendCSD
 .text.SDMMC_CmdSetRelAdd
                0x0000000008003846       0x30 build/stm32f4xx_ll_sdmmc.o
                0x0000000008003846                SDMMC_CmdSetRelAdd
 *fill*         0x0000000008003876        0x2 
 .text.USB_CoreReset
                0x0000000008003878       0x3c build/stm32f4xx_ll_usb.o
 .text.USB_CoreInit
                0x00000000080038b4       0x8a build/stm32f4xx_ll_usb.o
                0x00000000080038b4                USB_CoreInit
 .text.USB_EnableGlobalInt
                0x000000000800393e        0xc build/stm32f4xx_ll_usb.o
                0x000000000800393e                USB_EnableGlobalInt
 .text.USB_DisableGlobalInt
                0x000000000800394a        0xc build/stm32f4xx_ll_usb.o
                0x000000000800394a                USB_DisableGlobalInt
 .text.USB_SetCurrentMode
                0x0000000008003956       0x30 build/stm32f4xx_ll_usb.o
                0x0000000008003956                USB_SetCurrentMode
 *fill*         0x0000000008003986        0x2 
 .text.USB_FlushTxFifo
                0x0000000008003988       0x28 build/stm32f4xx_ll_usb.o
                0x0000000008003988                USB_FlushTxFifo
 .text.USB_FlushRxFifo
                0x00000000080039b0       0x24 build/stm32f4xx_ll_usb.o
                0x00000000080039b0                USB_FlushRxFifo
 .text.USB_WritePacket
                0x00000000080039d4       0x28 build/stm32f4xx_ll_usb.o
                0x00000000080039d4                USB_WritePacket
 .text.USB_ReadPacket
                0x00000000080039fc       0x28 build/stm32f4xx_ll_usb.o
                0x00000000080039fc                USB_ReadPacket
 .text.USB_ReadInterrupts
                0x0000000008003a24        0x8 build/stm32f4xx_ll_usb.o
                0x0000000008003a24                USB_ReadInterrupts
 .text.USB_GetMode
                0x0000000008003a2c        0x8 build/stm32f4xx_ll_usb.o
                0x0000000008003a2c                USB_GetMode
 .text.USB_InitFSLSPClkSel
                0x0000000008003a34       0x40 build/stm32f4xx_ll_usb.o
                0x0000000008003a34                USB_InitFSLSPClkSel
 .text.USB_ResetPort
                0x0000000008003a74       0x3e build/stm32f4xx_ll_usb.o
                0x0000000008003a74                USB_ResetPort
 .text.USB_DriveVbus
                0x0000000008003ab2       0x46 build/stm32f4xx_ll_usb.o
                0x0000000008003ab2                USB_DriveVbus
 .text.USB_HostInit
                0x0000000008003af8       0xf4 build/stm32f4xx_ll_usb.o
                0x0000000008003af8                USB_HostInit
 .text.USB_GetHostSpeed
                0x0000000008003bec       0x16 build/stm32f4xx_ll_usb.o
                0x0000000008003bec                USB_GetHostSpeed
 .text.USB_GetCurrentFrame
                0x0000000008003c02        0xa build/stm32f4xx_ll_usb.o
                0x0000000008003c02                USB_GetCurrentFrame
 .text.USB_HC_Init
                0x0000000008003c0c      0x108 build/stm32f4xx_ll_usb.o
                0x0000000008003c0c                USB_HC_Init
 .text.USB_HC_ReadInterrupt
                0x0000000008003d14        0xa build/stm32f4xx_ll_usb.o
                0x0000000008003d14                USB_HC_ReadInterrupt
 .text.USB_HC_Halt
                0x0000000008003d1e       0xd0 build/stm32f4xx_ll_usb.o
                0x0000000008003d1e                USB_HC_Halt
 *fill*         0x0000000008003dee        0x2 
 .text.USB_DoPing
                0x0000000008003df0       0x24 build/stm32f4xx_ll_usb.o
                0x0000000008003df0                USB_DoPing
 .text.USB_HC_StartXfer
                0x0000000008003e14      0x158 build/stm32f4xx_ll_usb.o
                0x0000000008003e14                USB_HC_StartXfer
 .text.USB_StopHost
                0x0000000008003f6c       0x7e build/stm32f4xx_ll_usb.o
                0x0000000008003f6c                USB_StopHost
 .text.USBH_CDC_SOFProcess
                0x0000000008003fea        0x4 build/usbh_cdc.o
 .text.SetLineCoding
                0x0000000008003fee       0x1a build/usbh_cdc.o
 .text.GetLineCoding
                0x0000000008004008       0x1a build/usbh_cdc.o
 .text.USBH_CDC_ClassRequest
                0x0000000008004022       0x22 build/usbh_cdc.o
 .text.USBH_CDC_InterfaceDeInit
                0x0000000008004044       0x68 build/usbh_cdc.o
 .text.USBH_CDC_InterfaceInit
                0x00000000080040ac      0x160 build/usbh_cdc.o
 .text.USBH_CDC_TransmitCallback
                0x000000000800420c        0x2 build/usbh_cdc.o
                0x000000000800420c                USBH_CDC_TransmitCallback
 .text.CDC_ProcessTransmission
                0x000000000800420e       0x94 build/usbh_cdc.o
 .text.USBH_CDC_ReceiveCallback
                0x00000000080042a2        0x2 build/usbh_cdc.o
                0x00000000080042a2                USBH_CDC_ReceiveCallback
 .text.CDC_ProcessReception
                0x00000000080042a4       0x68 build/usbh_cdc.o
 .text.USBH_CDC_LineCodingChanged
                0x000000000800430c        0x2 build/usbh_cdc.o
                0x000000000800430c                USBH_CDC_LineCodingChanged
 .text.USBH_CDC_Process
                0x000000000800430e       0xb8 build/usbh_cdc.o
 .text.DeInitStateMachine
                0x00000000080043c6       0x4a build/usbh_core.o
 .text.USBH_HandleSof
                0x0000000008004410       0x1a build/usbh_core.o
 .text.USBH_HandleEnum
                0x000000000800442a      0x16e build/usbh_core.o
 .text.USBH_Init
                0x0000000008004598       0x2e build/usbh_core.o
                0x0000000008004598                USBH_Init
 .text.USBH_RegisterClass
                0x00000000080045c6       0x24 build/usbh_core.o
                0x00000000080045c6                USBH_RegisterClass
 .text.USBH_SelectInterface
                0x00000000080045ea       0x14 build/usbh_core.o
                0x00000000080045ea                USBH_SelectInterface
 .text.USBH_FindInterface
                0x00000000080045fe       0x50 build/usbh_core.o
                0x00000000080045fe                USBH_FindInterface
 .text.USBH_Start
                0x000000000800464e       0x14 build/usbh_core.o
                0x000000000800464e                USBH_Start
 .text.USBH_LL_SetTimer
                0x0000000008004662        0x6 build/usbh_core.o
                0x0000000008004662                USBH_LL_SetTimer
 .text.USBH_LL_IncTimer
                0x0000000008004668       0x12 build/usbh_core.o
                0x0000000008004668                USBH_LL_IncTimer
 .text.USBH_LL_PortEnabled
                0x000000000800467a        0x8 build/usbh_core.o
                0x000000000800467a                USBH_LL_PortEnabled
 .text.USBH_LL_PortDisabled
                0x0000000008004682        0x8 build/usbh_core.o
                0x0000000008004682                USBH_LL_PortDisabled
 .text.USBH_IsPortEnabled
                0x000000000800468a        0x6 build/usbh_core.o
                0x000000000800468a                USBH_IsPortEnabled
 .text.USBH_Process
                0x0000000008004690      0x1ec build/usbh_core.o
                0x0000000008004690                USBH_Process
 .text.USBH_LL_Connect
                0x000000000800487c       0x28 build/usbh_core.o
                0x000000000800487c                USBH_LL_Connect
 .text.USBH_LL_Disconnect
                0x00000000080048a4       0x38 build/usbh_core.o
                0x00000000080048a4                USBH_LL_Disconnect
 .text.USBH_ParseDevDesc
                0x00000000080048dc       0x5c build/usbh_ctlreq.o
 .text.USBH_ParseInterfaceDesc
                0x0000000008004938       0x26 build/usbh_ctlreq.o
 .text.USBH_ParseEPDesc
                0x000000000800495e       0x20 build/usbh_ctlreq.o
 .text.USBH_ParseStringDesc
                0x000000000800497e       0x3c build/usbh_ctlreq.o
 .text.USBH_HandleControl
                0x00000000080049ba      0x1d0 build/usbh_ctlreq.o
 .text.USBH_GetNextDesc
                0x0000000008004b8a        0xe build/usbh_ctlreq.o
                0x0000000008004b8a                USBH_GetNextDesc
 .text.USBH_ParseCfgDesc
                0x0000000008004b98       0xc2 build/usbh_ctlreq.o
 .text.USBH_CtlReq
                0x0000000008004c5a       0x4e build/usbh_ctlreq.o
                0x0000000008004c5a                USBH_CtlReq
 .text.USBH_GetDescriptor
                0x0000000008004ca8       0x3c build/usbh_ctlreq.o
                0x0000000008004ca8                USBH_GetDescriptor
 .text.USBH_Get_DevDesc
                0x0000000008004ce4       0x32 build/usbh_ctlreq.o
                0x0000000008004ce4                USBH_Get_DevDesc
 .text.USBH_Get_CfgDesc
                0x0000000008004d16       0x32 build/usbh_ctlreq.o
                0x0000000008004d16                USBH_Get_CfgDesc
 .text.USBH_Get_StringDesc
                0x0000000008004d48       0x30 build/usbh_ctlreq.o
                0x0000000008004d48                USBH_Get_StringDesc
 .text.USBH_SetAddress
                0x0000000008004d78       0x22 build/usbh_ctlreq.o
                0x0000000008004d78                USBH_SetAddress
 .text.USBH_SetCfg
                0x0000000008004d9a       0x22 build/usbh_ctlreq.o
                0x0000000008004d9a                USBH_SetCfg
 .text.USBH_SetFeature
                0x0000000008004dbc       0x22 build/usbh_ctlreq.o
                0x0000000008004dbc                USBH_SetFeature
 .text.USBH_ClrFeature
                0x0000000008004dde       0x24 build/usbh_ctlreq.o
                0x0000000008004dde                USBH_ClrFeature
 .text.USBH_CtlSendSetup
                0x0000000008004e02       0x22 build/usbh_ioreq.o
                0x0000000008004e02                USBH_CtlSendSetup
 .text.USBH_CtlSendData
                0x0000000008004e24       0x2c build/usbh_ioreq.o
                0x0000000008004e24                USBH_CtlSendData
 .text.USBH_CtlReceiveData
                0x0000000008004e50       0x20 build/usbh_ioreq.o
                0x0000000008004e50                USBH_CtlReceiveData
 .text.USBH_BulkSendData
                0x0000000008004e70       0x2c build/usbh_ioreq.o
                0x0000000008004e70                USBH_BulkSendData
 .text.USBH_BulkReceiveData
                0x0000000008004e9c       0x20 build/usbh_ioreq.o
                0x0000000008004e9c                USBH_BulkReceiveData
 .text.USBH_GetFreePipe
                0x0000000008004ebc       0x24 build/usbh_pipes.o
 .text.USBH_OpenPipe
                0x0000000008004ee0       0x20 build/usbh_pipes.o
                0x0000000008004ee0                USBH_OpenPipe
 .text.USBH_ClosePipe
                0x0000000008004f00        0xa build/usbh_pipes.o
                0x0000000008004f00                USBH_ClosePipe
 .text.USBH_AllocPipe
                0x0000000008004f0a       0x22 build/usbh_pipes.o
                0x0000000008004f0a                USBH_AllocPipe
 .text.USBH_FreePipe
                0x0000000008004f2c       0x16 build/usbh_pipes.o
                0x0000000008004f2c                USBH_FreePipe
 *fill*         0x0000000008004f42        0x2 
 .text.MX_GPIO_Init
                0x0000000008004f44      0x23c build/main.o
 .text.MX_FSMC_Init
                0x0000000008005180       0x5c build/main.o
 .text.MX_I2C1_Init
                0x00000000080051dc       0x34 build/main.o
 .text.MX_I2C2_Init
                0x0000000008005210       0x34 build/main.o
 .text.MX_I2S3_Init
                0x0000000008005244       0x34 build/main.o
 .text.MX_QUADSPI_Init
                0x0000000008005278       0x2c build/main.o
 .text.MX_SDIO_SD_Init
                0x00000000080052a4       0x30 build/main.o
 .text.MX_USART2_UART_Init
                0x00000000080052d4       0x2c build/main.o
 .text.SystemClock_Config
                0x0000000008005300       0xcc build/main.o
                0x0000000008005300                SystemClock_Config
 .text.main     0x00000000080053cc       0x34 build/main.o
                0x00000000080053cc                main
 .text.Error_Handler
                0x0000000008005400        0x2 build/main.o
                0x0000000008005400                Error_Handler
 *fill*         0x0000000008005402        0x2 
 .text.HAL_FSMC_MspInit
                0x0000000008005404       0x8c build/stm32f4xx_hal_msp.o
 .text.HAL_MspInit
                0x0000000008005490       0x38 build/stm32f4xx_hal_msp.o
                0x0000000008005490                HAL_MspInit
 .text.HAL_I2C_MspInit
                0x00000000080054c8       0xf4 build/stm32f4xx_hal_msp.o
                0x00000000080054c8                HAL_I2C_MspInit
 .text.HAL_I2S_MspInit
                0x00000000080055bc       0xdc build/stm32f4xx_hal_msp.o
                0x00000000080055bc                HAL_I2S_MspInit
 .text.HAL_QSPI_MspInit
                0x0000000008005698       0xec build/stm32f4xx_hal_msp.o
                0x0000000008005698                HAL_QSPI_MspInit
 .text.HAL_SD_MspInit
                0x0000000008005784       0xa0 build/stm32f4xx_hal_msp.o
                0x0000000008005784                HAL_SD_MspInit
 .text.HAL_UART_MspInit
                0x0000000008005824       0x74 build/stm32f4xx_hal_msp.o
                0x0000000008005824                HAL_UART_MspInit
 .text.HAL_SRAM_MspInit
                0x0000000008005898        0x8 build/stm32f4xx_hal_msp.o
                0x0000000008005898                HAL_SRAM_MspInit
 .text.NMI_Handler
                0x00000000080058a0        0x2 build/stm32f4xx_it.o
                0x00000000080058a0                NMI_Handler
 .text.HardFault_Handler
                0x00000000080058a2        0x2 build/stm32f4xx_it.o
                0x00000000080058a2                HardFault_Handler
 .text.MemManage_Handler
                0x00000000080058a4        0x2 build/stm32f4xx_it.o
                0x00000000080058a4                MemManage_Handler
 .text.BusFault_Handler
                0x00000000080058a6        0x2 build/stm32f4xx_it.o
                0x00000000080058a6                BusFault_Handler
 .text.UsageFault_Handler
                0x00000000080058a8        0x2 build/stm32f4xx_it.o
                0x00000000080058a8                UsageFault_Handler
 .text.SVC_Handler
                0x00000000080058aa        0x2 build/stm32f4xx_it.o
                0x00000000080058aa                SVC_Handler
 .text.DebugMon_Handler
                0x00000000080058ac        0x2 build/stm32f4xx_it.o
                0x00000000080058ac                DebugMon_Handler
 .text.PendSV_Handler
                0x00000000080058ae        0x2 build/stm32f4xx_it.o
                0x00000000080058ae                PendSV_Handler
 .text.SysTick_Handler
                0x00000000080058b0        0x8 build/stm32f4xx_it.o
                0x00000000080058b0                SysTick_Handler
 .text.OTG_FS_IRQHandler
                0x00000000080058b8       0x10 build/stm32f4xx_it.o
                0x00000000080058b8                OTG_FS_IRQHandler
 .text.SystemInit
                0x00000000080058c8       0x1c build/system_stm32f4xx.o
                0x00000000080058c8                SystemInit
 .text.USBH_UserProcess
                0x00000000080058e4       0x2c build/usb_host.o
 .text.MX_USB_HOST_Init
                0x0000000008005910       0x40 build/usb_host.o
                0x0000000008005910                MX_USB_HOST_Init
 .text.MX_USB_HOST_Process
                0x0000000008005950       0x10 build/usb_host.o
                0x0000000008005950                MX_USB_HOST_Process
 .text.HAL_HCD_MspInit
                0x0000000008005960       0x84 build/usbh_conf.o
                0x0000000008005960                HAL_HCD_MspInit
 .text.HAL_HCD_SOF_Callback
                0x00000000080059e4        0xc build/usbh_conf.o
                0x00000000080059e4                HAL_HCD_SOF_Callback
 .text.HAL_HCD_Connect_Callback
                0x00000000080059f0        0xc build/usbh_conf.o
                0x00000000080059f0                HAL_HCD_Connect_Callback
 .text.HAL_HCD_Disconnect_Callback
                0x00000000080059fc        0xc build/usbh_conf.o
                0x00000000080059fc                HAL_HCD_Disconnect_Callback
 .text.HAL_HCD_HC_NotifyURBChange_Callback
                0x0000000008005a08        0x2 build/usbh_conf.o
                0x0000000008005a08                HAL_HCD_HC_NotifyURBChange_Callback
 .text.HAL_HCD_PortEnabled_Callback
                0x0000000008005a0a        0xc build/usbh_conf.o
                0x0000000008005a0a                HAL_HCD_PortEnabled_Callback
 .text.HAL_HCD_PortDisabled_Callback
                0x0000000008005a16        0xc build/usbh_conf.o
                0x0000000008005a16                HAL_HCD_PortDisabled_Callback
 *fill*         0x0000000008005a22        0x2 
 .text.USBH_LL_Init
                0x0000000008005a24       0x54 build/usbh_conf.o
                0x0000000008005a24                USBH_LL_Init
 .text.USBH_LL_GetSpeed
                0x0000000008005a78       0x1c build/usbh_conf.o
                0x0000000008005a78                USBH_LL_GetSpeed
 .text.USBH_LL_GetLastXferSize
                0x0000000008005a94        0xc build/usbh_conf.o
                0x0000000008005a94                USBH_LL_GetLastXferSize
 .text.USBH_LL_GetURBState
                0x0000000008005aa0        0xc build/usbh_conf.o
                0x0000000008005aa0                USBH_LL_GetURBState
 .text.USBH_LL_DriverVBUS
                0x0000000008005aac       0x1c build/usbh_conf.o
                0x0000000008005aac                USBH_LL_DriverVBUS
 .text.USBH_LL_SetToggle
                0x0000000008005ac8       0x32 build/usbh_conf.o
                0x0000000008005ac8                USBH_LL_SetToggle
 .text.USBH_Delay
                0x0000000008005afa        0x8 build/usbh_conf.o
                0x0000000008005afa                USBH_Delay
 .text.USBH_Get_USB_Status
                0x0000000008005b02       0x12 build/usbh_conf.o
                0x0000000008005b02                USBH_Get_USB_Status
 .text.USBH_LL_Start
                0x0000000008005b14       0x10 build/usbh_conf.o
                0x0000000008005b14                USBH_LL_Start
 .text.USBH_LL_Stop
                0x0000000008005b24       0x10 build/usbh_conf.o
                0x0000000008005b24                USBH_LL_Stop
 .text.USBH_LL_ResetPort
                0x0000000008005b34       0x10 build/usbh_conf.o
                0x0000000008005b34                USBH_LL_ResetPort
 .text.USBH_LL_OpenPipe
                0x0000000008005b44       0x26 build/usbh_conf.o
                0x0000000008005b44                USBH_LL_OpenPipe
 .text.USBH_LL_ClosePipe
                0x0000000008005b6a       0x10 build/usbh_conf.o
                0x0000000008005b6a                USBH_LL_ClosePipe
 .text.USBH_LL_SubmitURB
                0x0000000008005b7a       0x2a build/usbh_conf.o
                0x0000000008005b7a                USBH_LL_SubmitURB
 .text.MX_DriverVbusFS
                0x0000000008005ba4       0x1c build/usbh_platform.o
                0x0000000008005ba4                MX_DriverVbusFS
 .text.Reset_Handler
                0x0000000008005bc0       0x50 build/startup_stm32f412zx.o
                0x0000000008005bc0                Reset_Handler
 .text.Default_Handler
                0x0000000008005c10        0x2 build/startup_stm32f412zx.o
                0x0000000008005c10                RTC_Alarm_IRQHandler
                0x0000000008005c10                EXTI2_IRQHandler
                0x0000000008005c10                TIM8_CC_IRQHandler
                0x0000000008005c10                FMPI2C1_EV_IRQHandler
                0x0000000008005c10                SPI4_IRQHandler
                0x0000000008005c10                TIM1_CC_IRQHandler
                0x0000000008005c10                DMA2_Stream5_IRQHandler
                0x0000000008005c10                DMA1_Stream5_IRQHandler
                0x0000000008005c10                TIM6_IRQHandler
                0x0000000008005c10                PVD_IRQHandler
                0x0000000008005c10                SDIO_IRQHandler
                0x0000000008005c10                TAMP_STAMP_IRQHandler
                0x0000000008005c10                CAN2_RX1_IRQHandler
                0x0000000008005c10                EXTI3_IRQHandler
                0x0000000008005c10                TIM8_TRG_COM_TIM14_IRQHandler
                0x0000000008005c10                DFSDM1_FLT1_IRQHandler
                0x0000000008005c10                TIM1_UP_TIM10_IRQHandler
                0x0000000008005c10                TIM8_UP_TIM13_IRQHandler
                0x0000000008005c10                I2C3_ER_IRQHandler
                0x0000000008005c10                EXTI0_IRQHandler
                0x0000000008005c10                I2C2_EV_IRQHandler
                0x0000000008005c10                DMA1_Stream2_IRQHandler
                0x0000000008005c10                CAN1_RX0_IRQHandler
                0x0000000008005c10                FPU_IRQHandler
                0x0000000008005c10                CAN2_SCE_IRQHandler
                0x0000000008005c10                DMA2_Stream2_IRQHandler
                0x0000000008005c10                SPI1_IRQHandler
                0x0000000008005c10                TIM1_BRK_TIM9_IRQHandler
                0x0000000008005c10                CAN2_RX0_IRQHandler
                0x0000000008005c10                DMA2_Stream3_IRQHandler
                0x0000000008005c10                USART6_IRQHandler
                0x0000000008005c10                USART3_IRQHandler
                0x0000000008005c10                CAN1_RX1_IRQHandler
                0x0000000008005c10                DMA2_Stream0_IRQHandler
                0x0000000008005c10                TIM4_IRQHandler
                0x0000000008005c10                QUADSPI_IRQHandler
                0x0000000008005c10                I2C1_EV_IRQHandler
                0x0000000008005c10                DMA1_Stream6_IRQHandler
                0x0000000008005c10                DMA1_Stream1_IRQHandler
                0x0000000008005c10                TIM3_IRQHandler
                0x0000000008005c10                RCC_IRQHandler
                0x0000000008005c10                TIM8_BRK_TIM12_IRQHandler
                0x0000000008005c10                Default_Handler
                0x0000000008005c10                EXTI15_10_IRQHandler
                0x0000000008005c10                ADC_IRQHandler
                0x0000000008005c10                DMA1_Stream7_IRQHandler
                0x0000000008005c10                SPI5_IRQHandler
                0x0000000008005c10                TIM7_IRQHandler
                0x0000000008005c10                CAN2_TX_IRQHandler
                0x0000000008005c10                TIM5_IRQHandler
                0x0000000008005c10                DMA2_Stream7_IRQHandler
                0x0000000008005c10                I2C3_EV_IRQHandler
                0x0000000008005c10                EXTI9_5_IRQHandler
                0x0000000008005c10                RTC_WKUP_IRQHandler
                0x0000000008005c10                SPI2_IRQHandler
                0x0000000008005c10                DMA1_Stream0_IRQHandler
                0x0000000008005c10                CAN1_TX_IRQHandler
                0x0000000008005c10                FMPI2C1_ER_IRQHandler
                0x0000000008005c10                EXTI4_IRQHandler
                0x0000000008005c10                RNG_IRQHandler
                0x0000000008005c10                WWDG_IRQHandler
                0x0000000008005c10                TIM2_IRQHandler
                0x0000000008005c10                OTG_FS_WKUP_IRQHandler
                0x0000000008005c10                TIM1_TRG_COM_TIM11_IRQHandler
                0x0000000008005c10                EXTI1_IRQHandler
                0x0000000008005c10                USART2_IRQHandler
                0x0000000008005c10                DFSDM1_FLT0_IRQHandler
                0x0000000008005c10                I2C2_ER_IRQHandler
                0x0000000008005c10                DMA2_Stream1_IRQHandler
                0x0000000008005c10                CAN1_SCE_IRQHandler
                0x0000000008005c10                FLASH_IRQHandler
                0x0000000008005c10                DMA2_Stream4_IRQHandler
                0x0000000008005c10                USART1_IRQHandler
                0x0000000008005c10                SPI3_IRQHandler
                0x0000000008005c10                DMA1_Stream4_IRQHandler
                0x0000000008005c10                I2C1_ER_IRQHandler
                0x0000000008005c10                DMA2_Stream6_IRQHandler
                0x0000000008005c10                DMA1_Stream3_IRQHandler
 *fill*         0x0000000008005c12        0x2 
 .text.__libc_init_array
                0x0000000008005c14       0x48 /usr/bin/../lib/gcc/arm-none-eabi/7.3.1/../../../../arm-none-eabi/lib/thumb/v7e-m/fpv4-sp/hard/libc.a(lib_a-init.o)
                0x0000000008005c14                __libc_init_array
 .text.malloc   0x0000000008005c5c       0x10 /usr/bin/../lib/gcc/arm-none-eabi/7.3.1/../../../../arm-none-eabi/lib/thumb/v7e-m/fpv4-sp/hard/libc.a(lib_a-malloc.o)
                0x0000000008005c5c                malloc
 .text.free     0x0000000008005c6c       0x10 /usr/bin/../lib/gcc/arm-none-eabi/7.3.1/../../../../arm-none-eabi/lib/thumb/v7e-m/fpv4-sp/hard/libc.a(lib_a-malloc.o)
                0x0000000008005c6c                free
 .text._malloc_r
                0x0000000008005c7c      0x548 /usr/bin/../lib/gcc/arm-none-eabi/7.3.1/../../../../arm-none-eabi/lib/thumb/v7e-m/fpv4-sp/hard/libc.a(lib_a-mallocr.o)
                0x0000000008005c7c                _malloc_r
 .text.memset   0x00000000080061c4       0x94 /usr/bin/../lib/gcc/arm-none-eabi/7.3.1/../../../../arm-none-eabi/lib/thumb/v7e-m/fpv4-sp/hard/libc.a(lib_a-memset.o)
                0x00000000080061c4                memset
 .text.__malloc_lock
                0x0000000008006258        0xc /usr/bin/../lib/gcc/arm-none-eabi/7.3.1/../../../../arm-none-eabi/lib/thumb/v7e-m/fpv4-sp/hard/libc.a(lib_a-mlock.o)
                0x0000000008006258                __malloc_lock
 .text.__malloc_unlock
                0x0000000008006264        0xc /usr/bin/../lib/gcc/arm-none-eabi/7.3.1/../../../../arm-none-eabi/lib/thumb/v7e-m/fpv4-sp/hard/libc.a(lib_a-mlock.o)
                0x0000000008006264                __malloc_unlock
 .text._sbrk_r  0x0000000008006270       0x24 /usr/bin/../lib/gcc/arm-none-eabi/7.3.1/../../../../arm-none-eabi/lib/thumb/v7e-m/fpv4-sp/hard/libc.a(lib_a-sbrkr.o)
                0x0000000008006270                _sbrk_r
 .text.startup.register_fini
                0x0000000008006294       0x14 /usr/bin/../lib/gcc/arm-none-eabi/7.3.1/../../../../arm-none-eabi/lib/thumb/v7e-m/fpv4-sp/hard/libc.a(lib_a-__call_atexit.o)
 .text.atexit   0x00000000080062a8        0xc /usr/bin/../lib/gcc/arm-none-eabi/7.3.1/../../../../arm-none-eabi/lib/thumb/v7e-m/fpv4-sp/hard/libc.a(lib_a-atexit.o)
                0x00000000080062a8                atexit
 .text.__libc_fini_array
                0x00000000080062b4       0x34 /usr/bin/../lib/gcc/arm-none-eabi/7.3.1/../../../../arm-none-eabi/lib/thumb/v7e-m/fpv4-sp/hard/libc.a(lib_a-fini.o)
                0x00000000080062b4                __libc_fini_array
 .text._malloc_trim_r
                0x00000000080062e8       0xa0 /usr/bin/../lib/gcc/arm-none-eabi/7.3.1/../../../../arm-none-eabi/lib/thumb/v7e-m/fpv4-sp/hard/libc.a(lib_a-freer.o)
                0x00000000080062e8                _malloc_trim_r
 .text._free_r  0x0000000008006388      0x1e8 /usr/bin/../lib/gcc/arm-none-eabi/7.3.1/../../../../arm-none-eabi/lib/thumb/v7e-m/fpv4-sp/hard/libc.a(lib_a-freer.o)
                0x0000000008006388                _free_r
 .text.__retarget_lock_acquire_recursive
                0x0000000008006570        0x4 /usr/bin/../lib/gcc/arm-none-eabi/7.3.1/../../../../arm-none-eabi/lib/thumb/v7e-m/fpv4-sp/hard/libc.a(lib_a-lock.o)
                0x0000000008006570                __retarget_lock_acquire_recursive
 .text.__retarget_lock_release_recursive
                0x0000000008006574        0x4 /usr/bin/../lib/gcc/arm-none-eabi/7.3.1/../../../../arm-none-eabi/lib/thumb/v7e-m/fpv4-sp/hard/libc.a(lib_a-lock.o)
                0x0000000008006574                __retarget_lock_release_recursive
 .text.__register_exitproc
                0x0000000008006578       0xc0 /usr/bin/../lib/gcc/arm-none-eabi/7.3.1/../../../../arm-none-eabi/lib/thumb/v7e-m/fpv4-sp/hard/libc.a(lib_a-__atexit.o)
                0x0000000008006578                __register_exitproc
 .text._sbrk    0x0000000008006638       0x1c /usr/bin/../lib/gcc/arm-none-eabi/7.3.1/../../../../arm-none-eabi/lib/thumb/v7e-m/fpv4-sp/hard/libnosys.a(sbrk.o)
                0x0000000008006638                _sbrk
 *(.glue_7)
 .glue_7        0x0000000008006654        0x0 linker stubs
 *(.glue_7t)
 .glue_7t       0x0000000008006654        0x0 linker stubs
 *(.eh_frame)
 .eh_frame      0x0000000008006654        0x0 /usr/bin/../lib/gcc/arm-none-eabi/7.3.1/thumb/v7e-m/fpv4-sp/hard/crtbegin.o
 *(.init)
 .init          0x0000000008006654        0x4 /usr/bin/../lib/gcc/arm-none-eabi/7.3.1/thumb/v7e-m/fpv4-sp/hard/crti.o
                0x0000000008006654                _init
 .init          0x0000000008006658        0x8 /usr/bin/../lib/gcc/arm-none-eabi/7.3.1/thumb/v7e-m/fpv4-sp/hard/crtn.o
 *(.fini)
 .fini          0x0000000008006660        0x4 /usr/bin/../lib/gcc/arm-none-eabi/7.3.1/thumb/v7e-m/fpv4-sp/hard/crti.o
                0x0000000008006660                _fini
 .fini          0x0000000008006664        0x8 /usr/bin/../lib/gcc/arm-none-eabi/7.3.1/thumb/v7e-m/fpv4-sp/hard/crtn.o
                0x000000000800666c                . = ALIGN (0x4)
                0x000000000800666c                _etext = .

.vfp11_veneer   0x000000000800666c        0x0
 .vfp11_veneer  0x000000000800666c        0x0 linker stubs

.v4_bx          0x000000000800666c        0x0
 .v4_bx         0x000000000800666c        0x0 linker stubs

.iplt           0x000000000800666c        0x0
 .iplt          0x000000000800666c        0x0 /usr/bin/../lib/gcc/arm-none-eabi/7.3.1/thumb/v7e-m/fpv4-sp/hard/crtbegin.o

.rodata         0x000000000800666c       0x20
                0x000000000800666c                . = ALIGN (0x4)
 *(.rodata)
 *(.rodata*)
 .rodata.str1.4
                0x000000000800666c        0x4 build/usbh_cdc.o
 .rodata.AHBPrescTable
                0x0000000008006670       0x10 build/system_stm32f4xx.o
                0x0000000008006670                AHBPrescTable
 .rodata.APBPrescTable
                0x0000000008006680        0x8 build/system_stm32f4xx.o
                0x0000000008006680                APBPrescTable
 .rodata._global_impure_ptr
                0x0000000008006688        0x4 /usr/bin/../lib/gcc/arm-none-eabi/7.3.1/../../../../arm-none-eabi/lib/thumb/v7e-m/fpv4-sp/hard/libc.a(lib_a-impure.o)
                0x0000000008006688                _global_impure_ptr
                0x000000000800668c                . = ALIGN (0x4)

.ARM.extab
 *(.ARM.extab* .gnu.linkonce.armextab.*)

.ARM            0x000000000800668c        0x8
                0x000000000800668c                __exidx_start = .
 *(.ARM.exidx*)
 .ARM.exidx     0x000000000800668c        0x8 /usr/bin/../lib/gcc/arm-none-eabi/7.3.1/thumb/v7e-m/fpv4-sp/hard/libgcc.a(_udivmoddi4.o)
                0x0000000008006694                __exidx_end = .

.rel.dyn        0x0000000008006694        0x0
 .rel.iplt      0x0000000008006694        0x0 /usr/bin/../lib/gcc/arm-none-eabi/7.3.1/thumb/v7e-m/fpv4-sp/hard/crtbegin.o

.preinit_array  0x0000000008006694        0x0
                0x0000000008006694                PROVIDE (__preinit_array_start = .)
 *(.preinit_array*)
                0x0000000008006694                PROVIDE (__preinit_array_end = .)

.init_array     0x0000000008006694        0x8
                0x0000000008006694                PROVIDE (__init_array_start = .)
 *(SORT_BY_NAME(.init_array.*))
 .init_array.00000
                0x0000000008006694        0x4 /usr/bin/../lib/gcc/arm-none-eabi/7.3.1/../../../../arm-none-eabi/lib/thumb/v7e-m/fpv4-sp/hard/libc.a(lib_a-__call_atexit.o)
 *(.init_array*)
 .init_array    0x0000000008006698        0x4 /usr/bin/../lib/gcc/arm-none-eabi/7.3.1/thumb/v7e-m/fpv4-sp/hard/crtbegin.o
                0x000000000800669c                PROVIDE (__init_array_end = .)

.fini_array     0x000000000800669c        0x4
                0x000000000800669c                PROVIDE (__fini_array_start = .)
 *(SORT_BY_NAME(.fini_array.*))
 *(.fini_array*)
 .fini_array    0x000000000800669c        0x4 /usr/bin/../lib/gcc/arm-none-eabi/7.3.1/thumb/v7e-m/fpv4-sp/hard/crtbegin.o
                0x00000000080066a0                PROVIDE (__fini_array_end = .)
                0x00000000080066a0                _sidata = LOADADDR (.data)

.data           0x0000000020000000      0x86c load address 0x00000000080066a0
                0x0000000020000000                . = ALIGN (0x4)
                0x0000000020000000                _sdata = .
 *(.data)
 *(.data*)
 .data.uwTickFreq
                0x0000000020000000        0x1 build/stm32f4xx_hal.o
                0x0000000020000000                uwTickFreq
 *fill*         0x0000000020000001        0x3 
 .data.uwTickPrio
                0x0000000020000004        0x4 build/stm32f4xx_hal.o
                0x0000000020000004                uwTickPrio
 .data.CDC_Class
                0x0000000020000008       0x20 build/usbh_cdc.o
                0x0000000020000008                CDC_Class
 .data.SystemCoreClock
                0x0000000020000028        0x4 build/system_stm32f4xx.o
                0x0000000020000028                SystemCoreClock
 .data._impure_ptr
                0x000000002000002c        0x4 /usr/bin/../lib/gcc/arm-none-eabi/7.3.1/../../../../arm-none-eabi/lib/thumb/v7e-m/fpv4-sp/hard/libc.a(lib_a-impure.o)
                0x000000002000002c                _impure_ptr
 .data.impure_data
                0x0000000020000030      0x428 /usr/bin/../lib/gcc/arm-none-eabi/7.3.1/../../../../arm-none-eabi/lib/thumb/v7e-m/fpv4-sp/hard/libc.a(lib_a-impure.o)
 .data.__malloc_av_
                0x0000000020000458      0x408 /usr/bin/../lib/gcc/arm-none-eabi/7.3.1/../../../../arm-none-eabi/lib/thumb/v7e-m/fpv4-sp/hard/libc.a(lib_a-mallocr.o)
                0x0000000020000458                __malloc_av_
 .data.__malloc_sbrk_base
                0x0000000020000860        0x4 /usr/bin/../lib/gcc/arm-none-eabi/7.3.1/../../../../arm-none-eabi/lib/thumb/v7e-m/fpv4-sp/hard/libc.a(lib_a-mallocr.o)
                0x0000000020000860                __malloc_sbrk_base
 .data.__malloc_trim_threshold
                0x0000000020000864        0x4 /usr/bin/../lib/gcc/arm-none-eabi/7.3.1/../../../../arm-none-eabi/lib/thumb/v7e-m/fpv4-sp/hard/libc.a(lib_a-mallocr.o)
                0x0000000020000864                __malloc_trim_threshold
 .data.__atexit_recursive_mutex
                0x0000000020000868        0x4 /usr/bin/../lib/gcc/arm-none-eabi/7.3.1/../../../../arm-none-eabi/lib/thumb/v7e-m/fpv4-sp/hard/libc.a(lib_a-__call_atexit.o)
                0x0000000020000868                __atexit_recursive_mutex
                0x000000002000086c                . = ALIGN (0x4)
                0x000000002000086c                _edata = .

.igot.plt       0x000000002000086c        0x0 load address 0x0000000008006f0c
 .igot.plt      0x000000002000086c        0x0 /usr/bin/../lib/gcc/arm-none-eabi/7.3.1/thumb/v7e-m/fpv4-sp/hard/crtbegin.o
                0x000000002000086c                . = ALIGN (0x4)

.bss            0x000000002000086c      0x96c load address 0x0000000008006f0c
                0x000000002000086c                _sbss = .
                0x000000002000086c                __bss_start__ = _sbss
 *(.bss)
 .bss           0x000000002000086c       0x1c /usr/bin/../lib/gcc/arm-none-eabi/7.3.1/thumb/v7e-m/fpv4-sp/hard/crtbegin.o
 *(.bss*)
 .bss.tmpreg.9011
                0x0000000020000888        0x4 build/stm32f4xx_ll_usb.o
 .bss.FSMC_Initialized
                0x000000002000088c        0x4 build/stm32f4xx_hal_msp.o
 .bss.Appli_state
                0x0000000020000890        0x1 build/usb_host.o
                0x0000000020000890                Appli_state
 *fill*         0x0000000020000891        0x3 
 .bss.__malloc_current_mallinfo
                0x0000000020000894       0x28 /usr/bin/../lib/gcc/arm-none-eabi/7.3.1/../../../../arm-none-eabi/lib/thumb/v7e-m/fpv4-sp/hard/libc.a(lib_a-mallocr.o)
                0x0000000020000894                __malloc_current_mallinfo
 .bss.__malloc_max_sbrked_mem
                0x00000000200008bc        0x4 /usr/bin/../lib/gcc/arm-none-eabi/7.3.1/../../../../arm-none-eabi/lib/thumb/v7e-m/fpv4-sp/hard/libc.a(lib_a-mallocr.o)
                0x00000000200008bc                __malloc_max_sbrked_mem
 .bss.__malloc_max_total_mem
                0x00000000200008c0        0x4 /usr/bin/../lib/gcc/arm-none-eabi/7.3.1/../../../../arm-none-eabi/lib/thumb/v7e-m/fpv4-sp/hard/libc.a(lib_a-mallocr.o)
                0x00000000200008c0                __malloc_max_total_mem
 .bss.__malloc_top_pad
                0x00000000200008c4        0x4 /usr/bin/../lib/gcc/arm-none-eabi/7.3.1/../../../../arm-none-eabi/lib/thumb/v7e-m/fpv4-sp/hard/libc.a(lib_a-mallocr.o)
                0x00000000200008c4                __malloc_top_pad
 .bss.heap_end.5377
                0x00000000200008c8        0x4 /usr/bin/../lib/gcc/arm-none-eabi/7.3.1/../../../../arm-none-eabi/lib/thumb/v7e-m/fpv4-sp/hard/libnosys.a(sbrk.o)
 *(COMMON)
 COMMON         0x00000000200008cc        0x4 build/stm32f4xx_hal.o
                0x00000000200008cc                uwTick
 COMMON         0x00000000200008d0      0x250 build/main.o
                0x00000000200008d0                hi2c1
                0x0000000020000924                hi2c2
                0x0000000020000978                hsram1
                0x00000000200009c8                hsd
                0x0000000020000a4c                huart2
                0x0000000020000a8c                hi2s3
                0x0000000020000ad4                hqspi
 COMMON         0x0000000020000b20      0x3cc build/usb_host.o
                0x0000000020000b20                hUsbHostFS
 COMMON         0x0000000020000eec      0x2c4 build/usbh_conf.o
                0x0000000020000eec                hhcd_USB_OTG_FS
 COMMON         0x00000000200011b0       0x21 /usr/bin/../lib/gcc/arm-none-eabi/7.3.1/../../../../arm-none-eabi/lib/thumb/v7e-m/fpv4-sp/hard/libc.a(lib_a-lock.o)
                0x00000000200011b0                __lock___atexit_recursive_mutex
                0x00000000200011b4                __lock___arc4random_mutex
                0x00000000200011b8                __lock___env_recursive_mutex
                0x00000000200011bc                __lock___sinit_recursive_mutex
                0x00000000200011c0                __lock___malloc_recursive_mutex
                0x00000000200011c4                __lock___at_quick_exit_mutex
                0x00000000200011c8                __lock___dd_hash_mutex
                0x00000000200011cc                __lock___tz_mutex
                0x00000000200011d0                __lock___sfp_recursive_mutex
 *fill*         0x00000000200011d1        0x3 
 COMMON         0x00000000200011d4        0x4 /usr/bin/../lib/gcc/arm-none-eabi/7.3.1/../../../../arm-none-eabi/lib/thumb/v7e-m/fpv4-sp/hard/libc.a(lib_a-reent.o)
                0x00000000200011d4                errno
                0x00000000200011d8                . = ALIGN (0x4)
                0x00000000200011d8                _ebss = .
                0x00000000200011d8                __bss_end__ = _ebss

._user_heap_stack
                0x00000000200011d8      0x600 load address 0x0000000008006f0c
                0x00000000200011d8                . = ALIGN (0x8)
                0x00000000200011d8                PROVIDE (end = .)
                [!provide]                        PROVIDE (_end = .)
                0x00000000200013d8                . = (. + _Min_Heap_Size)
 *fill*         0x00000000200011d8      0x200 
                0x00000000200017d8                . = (. + _Min_Stack_Size)
 *fill*         0x00000000200013d8      0x400 
                0x00000000200017d8                . = ALIGN (0x8)

/DISCARD/
 libc.a(*)
 libm.a(*)
 libgcc.a(*)

.ARM.attributes
                0x0000000000000000       0x30
 *(.ARM.attributes)
 .ARM.attributes
                0x0000000000000000       0x22 /usr/bin/../lib/gcc/arm-none-eabi/7.3.1/thumb/v7e-m/fpv4-sp/hard/crti.o
 .ARM.attributes
                0x0000000000000022       0x34 /usr/bin/../lib/gcc/arm-none-eabi/7.3.1/thumb/v7e-m/fpv4-sp/hard/crtbegin.o
 .ARM.attributes
                0x0000000000000056       0x39 build/stm32f4xx_hal.o
 .ARM.attributes
                0x000000000000008f       0x39 build/stm32f4xx_hal_cortex.o
 .ARM.attributes
                0x00000000000000c8       0x39 build/stm32f4xx_hal_gpio.o
 .ARM.attributes
                0x0000000000000101       0x39 build/stm32f4xx_hal_hcd.o
 .ARM.attributes
                0x000000000000013a       0x39 build/stm32f4xx_hal_i2c.o
 .ARM.attributes
                0x0000000000000173       0x39 build/stm32f4xx_hal_i2s.o
 .ARM.attributes
                0x00000000000001ac       0x39 build/stm32f4xx_hal_i2s_ex.o
 .ARM.attributes
                0x00000000000001e5       0x39 build/stm32f4xx_hal_qspi.o
 .ARM.attributes
                0x000000000000021e       0x39 build/stm32f4xx_hal_rcc.o
 .ARM.attributes
                0x0000000000000257       0x39 build/stm32f4xx_hal_rcc_ex.o
 .ARM.attributes
                0x0000000000000290       0x39 build/stm32f4xx_hal_sd.o
 .ARM.attributes
                0x00000000000002c9       0x39 build/stm32f4xx_hal_sram.o
 .ARM.attributes
                0x0000000000000302       0x39 build/stm32f4xx_hal_uart.o
 .ARM.attributes
                0x000000000000033b       0x39 build/stm32f4xx_ll_fsmc.o
 .ARM.attributes
                0x0000000000000374       0x39 build/stm32f4xx_ll_sdmmc.o
 .ARM.attributes
                0x00000000000003ad       0x39 build/stm32f4xx_ll_usb.o
 .ARM.attributes
                0x00000000000003e6       0x39 build/usbh_cdc.o
 .ARM.attributes
                0x000000000000041f       0x39 build/usbh_core.o
 .ARM.attributes
                0x0000000000000458       0x39 build/usbh_ctlreq.o
 .ARM.attributes
                0x0000000000000491       0x39 build/usbh_ioreq.o
 .ARM.attributes
                0x00000000000004ca       0x39 build/usbh_pipes.o
 .ARM.attributes
                0x0000000000000503       0x39 build/main.o
 .ARM.attributes
                0x000000000000053c       0x39 build/stm32f4xx_hal_msp.o
 .ARM.attributes
                0x0000000000000575       0x39 build/stm32f4xx_it.o
 .ARM.attributes
                0x00000000000005ae       0x39 build/system_stm32f4xx.o
 .ARM.attributes
                0x00000000000005e7       0x39 build/usb_host.o
 .ARM.attributes
                0x0000000000000620       0x39 build/usbh_conf.o
 .ARM.attributes
                0x0000000000000659       0x39 build/usbh_platform.o
 .ARM.attributes
                0x0000000000000692       0x21 build/startup_stm32f412zx.o
 .ARM.attributes
                0x00000000000006b3       0x34 /usr/bin/../lib/gcc/arm-none-eabi/7.3.1/../../../../arm-none-eabi/lib/thumb/v7e-m/fpv4-sp/hard/libc.a(lib_a-impure.o)
 .ARM.attributes
                0x00000000000006e7       0x34 /usr/bin/../lib/gcc/arm-none-eabi/7.3.1/../../../../arm-none-eabi/lib/thumb/v7e-m/fpv4-sp/hard/libc.a(lib_a-init.o)
 .ARM.attributes
                0x000000000000071b       0x34 /usr/bin/../lib/gcc/arm-none-eabi/7.3.1/../../../../arm-none-eabi/lib/thumb/v7e-m/fpv4-sp/hard/libc.a(lib_a-malloc.o)
 .ARM.attributes
                0x000000000000074f       0x34 /usr/bin/../lib/gcc/arm-none-eabi/7.3.1/../../../../arm-none-eabi/lib/thumb/v7e-m/fpv4-sp/hard/libc.a(lib_a-mallocr.o)
 .ARM.attributes
                0x0000000000000783       0x34 /usr/bin/../lib/gcc/arm-none-eabi/7.3.1/../../../../arm-none-eabi/lib/thumb/v7e-m/fpv4-sp/hard/libc.a(lib_a-memset.o)
 .ARM.attributes
                0x00000000000007b7       0x34 /usr/bin/../lib/gcc/arm-none-eabi/7.3.1/../../../../arm-none-eabi/lib/thumb/v7e-m/fpv4-sp/hard/libc.a(lib_a-mlock.o)
 .ARM.attributes
                0x00000000000007eb       0x34 /usr/bin/../lib/gcc/arm-none-eabi/7.3.1/../../../../arm-none-eabi/lib/thumb/v7e-m/fpv4-sp/hard/libc.a(lib_a-sbrkr.o)
 .ARM.attributes
                0x000000000000081f       0x34 /usr/bin/../lib/gcc/arm-none-eabi/7.3.1/../../../../arm-none-eabi/lib/thumb/v7e-m/fpv4-sp/hard/libc.a(lib_a-__call_atexit.o)
 .ARM.attributes
                0x0000000000000853       0x34 /usr/bin/../lib/gcc/arm-none-eabi/7.3.1/../../../../arm-none-eabi/lib/thumb/v7e-m/fpv4-sp/hard/libc.a(lib_a-atexit.o)
 .ARM.attributes
                0x0000000000000887       0x34 /usr/bin/../lib/gcc/arm-none-eabi/7.3.1/../../../../arm-none-eabi/lib/thumb/v7e-m/fpv4-sp/hard/libc.a(lib_a-fini.o)
 .ARM.attributes
                0x00000000000008bb       0x34 /usr/bin/../lib/gcc/arm-none-eabi/7.3.1/../../../../arm-none-eabi/lib/thumb/v7e-m/fpv4-sp/hard/libc.a(lib_a-freer.o)
 .ARM.attributes
                0x00000000000008ef       0x34 /usr/bin/../lib/gcc/arm-none-eabi/7.3.1/../../../../arm-none-eabi/lib/thumb/v7e-m/fpv4-sp/hard/libc.a(lib_a-lock.o)
 .ARM.attributes
                0x0000000000000923       0x34 /usr/bin/../lib/gcc/arm-none-eabi/7.3.1/../../../../arm-none-eabi/lib/thumb/v7e-m/fpv4-sp/hard/libc.a(lib_a-reent.o)
 .ARM.attributes
                0x0000000000000957       0x34 /usr/bin/../lib/gcc/arm-none-eabi/7.3.1/../../../../arm-none-eabi/lib/thumb/v7e-m/fpv4-sp/hard/libc.a(lib_a-__atexit.o)
 .ARM.attributes
                0x000000000000098b       0x34 /usr/bin/../lib/gcc/arm-none-eabi/7.3.1/../../../../arm-none-eabi/lib/thumb/v7e-m/fpv4-sp/hard/libnosys.a(sbrk.o)
 .ARM.attributes
                0x00000000000009bf       0x22 /usr/bin/../lib/gcc/arm-none-eabi/7.3.1/thumb/v7e-m/fpv4-sp/hard/libgcc.a(_aeabi_uldivmod.o)
 .ARM.attributes
                0x00000000000009e1       0x34 /usr/bin/../lib/gcc/arm-none-eabi/7.3.1/thumb/v7e-m/fpv4-sp/hard/libgcc.a(_udivmoddi4.o)
 .ARM.attributes
                0x0000000000000a15       0x22 /usr/bin/../lib/gcc/arm-none-eabi/7.3.1/thumb/v7e-m/fpv4-sp/hard/libgcc.a(_dvmd_tls.o)
 .ARM.attributes
                0x0000000000000a37       0x22 /usr/bin/../lib/gcc/arm-none-eabi/7.3.1/thumb/v7e-m/fpv4-sp/hard/crtn.o
OUTPUT(build/MODPlayer-32F4DISCO.elf elf32-littlearm)

.debug_info     0x0000000000000000    0x25bf4
 .debug_info    0x0000000000000000      0xb00 build/stm32f4xx_hal.o
 .debug_info    0x0000000000000b00     0x1060 build/stm32f4xx_hal_cortex.o
 .debug_info    0x0000000000001b60      0x8c2 build/stm32f4xx_hal_gpio.o
 .debug_info    0x0000000000002422     0x1469 build/stm32f4xx_hal_hcd.o
 .debug_info    0x000000000000388b     0x352b build/stm32f4xx_hal_i2c.o
 .debug_info    0x0000000000006db6     0x110a build/stm32f4xx_hal_i2s.o
 .debug_info    0x0000000000007ec0      0xebb build/stm32f4xx_hal_i2s_ex.o
 .debug_info    0x0000000000008d7b     0x18ab build/stm32f4xx_hal_qspi.o
 .debug_info    0x000000000000a626      0xbc5 build/stm32f4xx_hal_rcc.o
 .debug_info    0x000000000000b1eb      0xab5 build/stm32f4xx_hal_rcc_ex.o
 .debug_info    0x000000000000bca0     0x25a5 build/stm32f4xx_hal_sd.o
 .debug_info    0x000000000000e245      0xd1d build/stm32f4xx_hal_sram.o
 .debug_info    0x000000000000ef62     0x189d build/stm32f4xx_hal_uart.o
 .debug_info    0x00000000000107ff      0x57e build/stm32f4xx_ll_fsmc.o
 .debug_info    0x0000000000010d7d     0x17cf build/stm32f4xx_ll_sdmmc.o
 .debug_info    0x000000000001254c     0x1da3 build/stm32f4xx_ll_usb.o
 .debug_info    0x00000000000142ef     0x20ff build/usbh_cdc.o
 .debug_info    0x00000000000163ee     0x1ddd build/usbh_core.o
 .debug_info    0x00000000000181cb     0x1c7d build/usbh_ctlreq.o
 .debug_info    0x0000000000019e48     0x1880 build/usbh_ioreq.o
 .debug_info    0x000000000001b6c8     0x1513 build/usbh_pipes.o
 .debug_info    0x000000000001cbdb     0x21ea build/main.o
 .debug_info    0x000000000001edc5     0x1f9f build/stm32f4xx_hal_msp.o
 .debug_info    0x0000000000020d64      0x800 build/stm32f4xx_it.o
 .debug_info    0x0000000000021564      0x618 build/system_stm32f4xx.o
 .debug_info    0x0000000000021b7c     0x14b6 build/usb_host.o
 .debug_info    0x0000000000023032     0x28d4 build/usbh_conf.o
 .debug_info    0x0000000000025906      0x2cc build/usbh_platform.o
 .debug_info    0x0000000000025bd2       0x22 build/startup_stm32f412zx.o

.debug_abbrev   0x0000000000000000     0x4538
 .debug_abbrev  0x0000000000000000      0x1ed build/stm32f4xx_hal.o
 .debug_abbrev  0x00000000000001ed      0x33d build/stm32f4xx_hal_cortex.o
 .debug_abbrev  0x000000000000052a      0x21c build/stm32f4xx_hal_gpio.o
 .debug_abbrev  0x0000000000000746      0x297 build/stm32f4xx_hal_hcd.o
 .debug_abbrev  0x00000000000009dd      0x2de build/stm32f4xx_hal_i2c.o
 .debug_abbrev  0x0000000000000cbb      0x271 build/stm32f4xx_hal_i2s.o
 .debug_abbrev  0x0000000000000f2c      0x29c build/stm32f4xx_hal_i2s_ex.o
 .debug_abbrev  0x00000000000011c8      0x293 build/stm32f4xx_hal_qspi.o
 .debug_abbrev  0x000000000000145b      0x28d build/stm32f4xx_hal_rcc.o
 .debug_abbrev  0x00000000000016e8      0x1c9 build/stm32f4xx_hal_rcc_ex.o
 .debug_abbrev  0x00000000000018b1      0x2b1 build/stm32f4xx_hal_sd.o
 .debug_abbrev  0x0000000000001b62      0x23b build/stm32f4xx_hal_sram.o
 .debug_abbrev  0x0000000000001d9d      0x2d7 build/stm32f4xx_hal_uart.o
 .debug_abbrev  0x0000000000002074      0x191 build/stm32f4xx_ll_fsmc.o
 .debug_abbrev  0x0000000000002205      0x228 build/stm32f4xx_ll_sdmmc.o
 .debug_abbrev  0x000000000000242d      0x2d1 build/stm32f4xx_ll_usb.o
 .debug_abbrev  0x00000000000026fe      0x35e build/usbh_cdc.o
 .debug_abbrev  0x0000000000002a5c      0x3b6 build/usbh_core.o
 .debug_abbrev  0x0000000000002e12      0x384 build/usbh_ctlreq.o
 .debug_abbrev  0x0000000000003196      0x274 build/usbh_ioreq.o
 .debug_abbrev  0x000000000000340a      0x2ca build/usbh_pipes.o
 .debug_abbrev  0x00000000000036d4      0x258 build/main.o
 .debug_abbrev  0x000000000000392c      0x213 build/stm32f4xx_hal_msp.o
 .debug_abbrev  0x0000000000003b3f      0x164 build/stm32f4xx_it.o
 .debug_abbrev  0x0000000000003ca3      0x12a build/system_stm32f4xx.o
 .debug_abbrev  0x0000000000003dcd      0x297 build/usb_host.o
 .debug_abbrev  0x0000000000004064      0x394 build/usbh_conf.o
 .debug_abbrev  0x00000000000043f8      0x12e build/usbh_platform.o
 .debug_abbrev  0x0000000000004526       0x12 build/startup_stm32f412zx.o

.debug_loc      0x0000000000000000    0x1613a
 .debug_loc     0x0000000000000000      0x1bb build/stm32f4xx_hal.o
 .debug_loc     0x00000000000001bb      0x65e build/stm32f4xx_hal_cortex.o
 .debug_loc     0x0000000000000819      0x53e build/stm32f4xx_hal_gpio.o
 .debug_loc     0x0000000000000d57      0xe26 build/stm32f4xx_hal_hcd.o
 .debug_loc     0x0000000000001b7d     0x42f8 build/stm32f4xx_hal_i2c.o
 .debug_loc     0x0000000000005e75      0xfdd build/stm32f4xx_hal_i2s.o
 .debug_loc     0x0000000000006e52      0xc85 build/stm32f4xx_hal_i2s_ex.o
 .debug_loc     0x0000000000007ad7     0x17e7 build/stm32f4xx_hal_qspi.o
 .debug_loc     0x00000000000092be      0x573 build/stm32f4xx_hal_rcc.o
 .debug_loc     0x0000000000009831      0x89b build/stm32f4xx_hal_rcc_ex.o
 .debug_loc     0x000000000000a0cc     0x2469 build/stm32f4xx_hal_sd.o
 .debug_loc     0x000000000000c535      0xa36 build/stm32f4xx_hal_sram.o
 .debug_loc     0x000000000000cf6b     0x1a4d build/stm32f4xx_hal_uart.o
 .debug_loc     0x000000000000e9b8      0x323 build/stm32f4xx_ll_fsmc.o
 .debug_loc     0x000000000000ecdb     0x148f build/stm32f4xx_ll_sdmmc.o
 .debug_loc     0x000000000001016a     0x232e build/stm32f4xx_ll_usb.o
 .debug_loc     0x0000000000012498      0x802 build/usbh_cdc.o
 .debug_loc     0x0000000000012c9a      0x890 build/usbh_core.o
 .debug_loc     0x000000000001352a      0xe71 build/usbh_ctlreq.o
 .debug_loc     0x000000000001439b      0x707 build/usbh_ioreq.o
 .debug_loc     0x0000000000014aa2      0x236 build/usbh_pipes.o
 .debug_loc     0x0000000000014cd8      0x18a build/main.o
 .debug_loc     0x0000000000014e62      0x582 build/stm32f4xx_hal_msp.o
 .debug_loc     0x00000000000153e4       0x40 build/stm32f4xx_it.o
 .debug_loc     0x0000000000015424      0x13e build/system_stm32f4xx.o
 .debug_loc     0x0000000000015562       0x40 build/usb_host.o
 .debug_loc     0x00000000000155a2      0xb23 build/usbh_conf.o
 .debug_loc     0x00000000000160c5       0x75 build/usbh_platform.o

.debug_aranges  0x0000000000000000     0x1608
 .debug_aranges
                0x0000000000000000       0xf0 build/stm32f4xx_hal.o
 .debug_aranges
                0x00000000000000f0       0xa8 build/stm32f4xx_hal_cortex.o
 .debug_aranges
                0x0000000000000198       0x58 build/stm32f4xx_hal_gpio.o
 .debug_aranges
                0x00000000000001f0       0xf0 build/stm32f4xx_hal_hcd.o
 .debug_aranges
                0x00000000000002e0      0x298 build/stm32f4xx_hal_i2c.o
 .debug_aranges
                0x0000000000000578      0x108 build/stm32f4xx_hal_i2s.o
 .debug_aranges
                0x0000000000000680       0x88 build/stm32f4xx_hal_i2s_ex.o
 .debug_aranges
                0x0000000000000708      0x160 build/stm32f4xx_hal_qspi.o
 .debug_aranges
                0x0000000000000868       0x88 build/stm32f4xx_hal_rcc.o
 .debug_aranges
                0x00000000000008f0       0x60 build/stm32f4xx_hal_rcc_ex.o
 .debug_aranges
                0x0000000000000950      0x168 build/stm32f4xx_hal_sd.o
 .debug_aranges
                0x0000000000000ab8       0xa0 build/stm32f4xx_hal_sram.o
 .debug_aranges
                0x0000000000000b58      0x1d0 build/stm32f4xx_hal_uart.o
 .debug_aranges
                0x0000000000000d28       0x48 build/stm32f4xx_ll_fsmc.o
 .debug_aranges
                0x0000000000000d70      0x178 build/stm32f4xx_ll_sdmmc.o
 .debug_aranges
                0x0000000000000ee8      0x198 build/stm32f4xx_ll_usb.o
 .debug_aranges
                0x0000000000001080       0xa8 build/usbh_cdc.o
 .debug_aranges
                0x0000000000001128       0xc0 build/usbh_core.o
 .debug_aranges
                0x00000000000011e8       0xa0 build/usbh_ctlreq.o
 .debug_aranges
                0x0000000000001288       0x60 build/usbh_ioreq.o
 .debug_aranges
                0x00000000000012e8       0x40 build/usbh_pipes.o
 .debug_aranges
                0x0000000000001328       0x70 build/main.o
 .debug_aranges
                0x0000000000001398       0x90 build/stm32f4xx_hal_msp.o
 .debug_aranges
                0x0000000000001428       0x68 build/stm32f4xx_it.o
 .debug_aranges
                0x0000000000001490       0x28 build/system_stm32f4xx.o
 .debug_aranges
                0x00000000000014b8       0x30 build/usb_host.o
 .debug_aranges
                0x00000000000014e8       0xd8 build/usbh_conf.o
 .debug_aranges
                0x00000000000015c0       0x20 build/usbh_platform.o
 .debug_aranges
                0x00000000000015e0       0x28 build/startup_stm32f412zx.o

.debug_ranges   0x0000000000000000     0x1500
 .debug_ranges  0x0000000000000000       0xe0 build/stm32f4xx_hal.o
 .debug_ranges  0x00000000000000e0       0xf8 build/stm32f4xx_hal_cortex.o
 .debug_ranges  0x00000000000001d8       0x48 build/stm32f4xx_hal_gpio.o
 .debug_ranges  0x0000000000000220       0xe0 build/stm32f4xx_hal_hcd.o
 .debug_ranges  0x0000000000000300      0x2a0 build/stm32f4xx_hal_i2c.o
 .debug_ranges  0x00000000000005a0       0xf8 build/stm32f4xx_hal_i2s.o
 .debug_ranges  0x0000000000000698       0x90 build/stm32f4xx_hal_i2s_ex.o
 .debug_ranges  0x0000000000000728      0x150 build/stm32f4xx_hal_qspi.o
 .debug_ranges  0x0000000000000878       0x90 build/stm32f4xx_hal_rcc.o
 .debug_ranges  0x0000000000000908       0x68 build/stm32f4xx_hal_rcc_ex.o
 .debug_ranges  0x0000000000000970      0x158 build/stm32f4xx_hal_sd.o
 .debug_ranges  0x0000000000000ac8       0x90 build/stm32f4xx_hal_sram.o
 .debug_ranges  0x0000000000000b58      0x1c0 build/stm32f4xx_hal_uart.o
 .debug_ranges  0x0000000000000d18       0x38 build/stm32f4xx_ll_fsmc.o
 .debug_ranges  0x0000000000000d50      0x168 build/stm32f4xx_ll_sdmmc.o
 .debug_ranges  0x0000000000000eb8      0x188 build/stm32f4xx_ll_usb.o
 .debug_ranges  0x0000000000001040       0x98 build/usbh_cdc.o
 .debug_ranges  0x00000000000010d8       0xb0 build/usbh_core.o
 .debug_ranges  0x0000000000001188       0x90 build/usbh_ctlreq.o
 .debug_ranges  0x0000000000001218       0x50 build/usbh_ioreq.o
 .debug_ranges  0x0000000000001268       0x30 build/usbh_pipes.o
 .debug_ranges  0x0000000000001298       0x60 build/main.o
 .debug_ranges  0x00000000000012f8       0x80 build/stm32f4xx_hal_msp.o
 .debug_ranges  0x0000000000001378       0x58 build/stm32f4xx_it.o
 .debug_ranges  0x00000000000013d0       0x18 build/system_stm32f4xx.o
 .debug_ranges  0x00000000000013e8       0x20 build/usb_host.o
 .debug_ranges  0x0000000000001408       0xc8 build/usbh_conf.o
 .debug_ranges  0x00000000000014d0       0x10 build/usbh_platform.o
 .debug_ranges  0x00000000000014e0       0x20 build/startup_stm32f412zx.o

.debug_line     0x0000000000000000     0x9df0
 .debug_line    0x0000000000000000      0x3a4 build/stm32f4xx_hal.o
 .debug_line    0x00000000000003a4      0x3ee build/stm32f4xx_hal_cortex.o
 .debug_line    0x0000000000000792      0x320 build/stm32f4xx_hal_gpio.o
 .debug_line    0x0000000000000ab2      0x5cf build/stm32f4xx_hal_hcd.o
 .debug_line    0x0000000000001081     0x175e build/stm32f4xx_hal_i2c.o
 .debug_line    0x00000000000027df      0x796 build/stm32f4xx_hal_i2s.o
 .debug_line    0x0000000000002f75      0x790 build/stm32f4xx_hal_i2s_ex.o
 .debug_line    0x0000000000003705      0x835 build/stm32f4xx_hal_qspi.o
 .debug_line    0x0000000000003f3a      0x466 build/stm32f4xx_hal_rcc.o
 .debug_line    0x00000000000043a0      0x4ce build/stm32f4xx_hal_rcc_ex.o
 .debug_line    0x000000000000486e      0xab0 build/stm32f4xx_hal_sd.o
 .debug_line    0x000000000000531e      0x490 build/stm32f4xx_hal_sram.o
 .debug_line    0x00000000000057ae      0xb1f build/stm32f4xx_hal_uart.o
 .debug_line    0x00000000000062cd      0x262 build/stm32f4xx_ll_fsmc.o
 .debug_line    0x000000000000652f      0x626 build/stm32f4xx_ll_sdmmc.o
 .debug_line    0x0000000000006b55      0x869 build/stm32f4xx_ll_usb.o
 .debug_line    0x00000000000073be      0x4ee build/usbh_cdc.o
 .debug_line    0x00000000000078ac      0x53b build/usbh_core.o
 .debug_line    0x0000000000007de7      0x539 build/usbh_ctlreq.o
 .debug_line    0x0000000000008320      0x2e9 build/usbh_ioreq.o
 .debug_line    0x0000000000008609      0x29f build/usbh_pipes.o
 .debug_line    0x00000000000088a8      0x42b build/main.o
 .debug_line    0x0000000000008cd3      0x435 build/stm32f4xx_hal_msp.o
 .debug_line    0x0000000000009108      0x22b build/stm32f4xx_it.o
 .debug_line    0x0000000000009333      0x182 build/system_stm32f4xx.o
 .debug_line    0x00000000000094b5      0x2aa build/usb_host.o
 .debug_line    0x000000000000975f      0x4af build/usbh_conf.o
 .debug_line    0x0000000000009c0e      0x16e build/usbh_platform.o
 .debug_line    0x0000000000009d7c       0x74 build/startup_stm32f412zx.o

.debug_str      0x0000000000000000     0x72e1
 .debug_str     0x0000000000000000      0xb36 build/stm32f4xx_hal.o
                                        0xbbe (size before relaxing)
 .debug_str     0x0000000000000b36      0x49e build/stm32f4xx_hal_cortex.o
                                        0xcd9 (size before relaxing)
 .debug_str     0x0000000000000fd4      0x1d5 build/stm32f4xx_hal_gpio.o
                                        0x5ef (size before relaxing)
 .debug_str     0x00000000000011a9      0x89f build/stm32f4xx_hal_hcd.o
                                        0xbef (size before relaxing)
 .debug_str     0x0000000000001a48      0xcfe build/stm32f4xx_hal_i2c.o
                                       0x10ff (size before relaxing)
 .debug_str     0x0000000000002746      0x44b build/stm32f4xx_hal_i2s.o
                                        0xa27 (size before relaxing)
 .debug_str     0x0000000000002b91      0x1ee build/stm32f4xx_hal_i2s_ex.o
                                        0x968 (size before relaxing)
 .debug_str     0x0000000000002d7f      0x69a build/stm32f4xx_hal_qspi.o
                                        0xcaa (size before relaxing)
 .debug_str     0x0000000000003419      0x2d6 build/stm32f4xx_hal_rcc.o
                                        0x7cc (size before relaxing)
 .debug_str     0x00000000000036ef      0x247 build/stm32f4xx_hal_rcc_ex.o
                                        0x791 (size before relaxing)
 .debug_str     0x0000000000003936      0xb6c build/stm32f4xx_hal_sd.o
                                       0x11b5 (size before relaxing)
 .debug_str     0x00000000000044a2      0x4bb build/stm32f4xx_hal_sram.o
                                        0xa01 (size before relaxing)
 .debug_str     0x000000000000495d      0x675 build/stm32f4xx_hal_uart.o
                                        0xd06 (size before relaxing)
 .debug_str     0x0000000000004fd2       0x43 build/stm32f4xx_ll_fsmc.o
                                        0x562 (size before relaxing)
 .debug_str     0x0000000000005015      0x1ff build/stm32f4xx_ll_sdmmc.o
                                        0x8b1 (size before relaxing)
 .debug_str     0x0000000000005214      0x50f build/stm32f4xx_ll_usb.o
                                        0xd5a (size before relaxing)
 .debug_str     0x0000000000005723     0x1231 build/usbh_cdc.o
                                       0x15ef (size before relaxing)
 .debug_str     0x0000000000006954      0x2ae build/usbh_core.o
                                       0x1181 (size before relaxing)
 .debug_str     0x0000000000006c02      0x1d8 build/usbh_ctlreq.o
                                       0x115f (size before relaxing)
 .debug_str     0x0000000000006dda       0xaf build/usbh_ioreq.o
                                        0xf94 (size before relaxing)
 .debug_str     0x0000000000006e89       0x7d build/usbh_pipes.o
                                        0xf2a (size before relaxing)
 .debug_str     0x0000000000006f06      0x110 build/main.o
                                       0x16c3 (size before relaxing)
 .debug_str     0x0000000000007016       0x60 build/stm32f4xx_hal_msp.o
                                       0x1312 (size before relaxing)
 .debug_str     0x0000000000007076       0xc5 build/stm32f4xx_it.o
                                        0x7a7 (size before relaxing)
 .debug_str     0x000000000000713b       0x42 build/system_stm32f4xx.o
                                        0x44d (size before relaxing)
 .debug_str     0x000000000000717d       0x96 build/usb_host.o
                                        0xf58 (size before relaxing)
 .debug_str     0x0000000000007213       0x96 build/usbh_conf.o
                                       0x1e0c (size before relaxing)
 .debug_str     0x00000000000072a9       0x14 build/usbh_platform.o
                                        0x337 (size before relaxing)
 .debug_str     0x00000000000072bd       0x24 build/startup_stm32f412zx.o
                                         0x6f (size before relaxing)

.comment        0x0000000000000000       0x7f
 .comment       0x0000000000000000       0x7f build/stm32f4xx_hal.o
                                         0x80 (size before relaxing)
 .comment       0x000000000000007f       0x80 build/stm32f4xx_hal_cortex.o
 .comment       0x000000000000007f       0x80 build/stm32f4xx_hal_gpio.o
 .comment       0x000000000000007f       0x80 build/stm32f4xx_hal_hcd.o
 .comment       0x000000000000007f       0x80 build/stm32f4xx_hal_i2c.o
 .comment       0x000000000000007f       0x80 build/stm32f4xx_hal_i2s.o
 .comment       0x000000000000007f       0x80 build/stm32f4xx_hal_i2s_ex.o
 .comment       0x000000000000007f       0x80 build/stm32f4xx_hal_qspi.o
 .comment       0x000000000000007f       0x80 build/stm32f4xx_hal_rcc.o
 .comment       0x000000000000007f       0x80 build/stm32f4xx_hal_rcc_ex.o
 .comment       0x000000000000007f       0x80 build/stm32f4xx_hal_sd.o
 .comment       0x000000000000007f       0x80 build/stm32f4xx_hal_sram.o
 .comment       0x000000000000007f       0x80 build/stm32f4xx_hal_uart.o
 .comment       0x000000000000007f       0x80 build/stm32f4xx_ll_fsmc.o
 .comment       0x000000000000007f       0x80 build/stm32f4xx_ll_sdmmc.o
 .comment       0x000000000000007f       0x80 build/stm32f4xx_ll_usb.o
 .comment       0x000000000000007f       0x80 build/usbh_cdc.o
 .comment       0x000000000000007f       0x80 build/usbh_core.o
 .comment       0x000000000000007f       0x80 build/usbh_ctlreq.o
 .comment       0x000000000000007f       0x80 build/usbh_ioreq.o
 .comment       0x000000000000007f       0x80 build/usbh_pipes.o
 .comment       0x000000000000007f       0x80 build/main.o
 .comment       0x000000000000007f       0x80 build/stm32f4xx_hal_msp.o
 .comment       0x000000000000007f       0x80 build/stm32f4xx_it.o
 .comment       0x000000000000007f       0x80 build/system_stm32f4xx.o
 .comment       0x000000000000007f       0x80 build/usb_host.o
 .comment       0x000000000000007f       0x80 build/usbh_conf.o
 .comment       0x000000000000007f       0x80 build/usbh_platform.o

.debug_frame    0x0000000000000000     0x4994
 .debug_frame   0x0000000000000000      0x200 build/stm32f4xx_hal.o
 .debug_frame   0x0000000000000200      0x16c build/stm32f4xx_hal_cortex.o
 .debug_frame   0x000000000000036c       0xf0 build/stm32f4xx_hal_gpio.o
 .debug_frame   0x000000000000045c      0x300 build/stm32f4xx_hal_hcd.o
 .debug_frame   0x000000000000075c      0xa38 build/stm32f4xx_hal_i2c.o
 .debug_frame   0x0000000000001194      0x37c build/stm32f4xx_hal_i2s.o
 .debug_frame   0x0000000000001510      0x1c0 build/stm32f4xx_hal_i2s_ex.o
 .debug_frame   0x00000000000016d0      0x478 build/stm32f4xx_hal_qspi.o
 .debug_frame   0x0000000000001b48      0x1c4 build/stm32f4xx_hal_rcc.o
 .debug_frame   0x0000000000001d0c      0x104 build/stm32f4xx_hal_rcc_ex.o
 .debug_frame   0x0000000000001e10      0x56c build/stm32f4xx_hal_sd.o
 .debug_frame   0x000000000000237c      0x1e8 build/stm32f4xx_hal_sram.o
 .debug_frame   0x0000000000002564      0x584 build/stm32f4xx_hal_uart.o
 .debug_frame   0x0000000000002ae8       0xbc build/stm32f4xx_ll_fsmc.o
 .debug_frame   0x0000000000002ba4      0x4f0 build/stm32f4xx_ll_sdmmc.o
 .debug_frame   0x0000000000003094      0x50c build/stm32f4xx_ll_usb.o
 .debug_frame   0x00000000000035a0      0x1e8 build/usbh_cdc.o
 .debug_frame   0x0000000000003788      0x23c build/usbh_core.o
 .debug_frame   0x00000000000039c4      0x218 build/usbh_ctlreq.o
 .debug_frame   0x0000000000003bdc      0x154 build/usbh_ioreq.o
 .debug_frame   0x0000000000003d30       0x8c build/usbh_pipes.o
 .debug_frame   0x0000000000003dbc      0x164 build/main.o
 .debug_frame   0x0000000000003f20      0x214 build/stm32f4xx_hal_msp.o
 .debug_frame   0x0000000000004134       0xc8 build/stm32f4xx_it.o
 .debug_frame   0x00000000000041fc       0x30 build/system_stm32f4xx.o
 .debug_frame   0x000000000000422c       0x58 build/usb_host.o
 .debug_frame   0x0000000000004284      0x2a4 build/usbh_conf.o
 .debug_frame   0x0000000000004528       0x2c build/usbh_platform.o
 .debug_frame   0x0000000000004554       0x2c /usr/bin/../lib/gcc/arm-none-eabi/7.3.1/../../../../arm-none-eabi/lib/thumb/v7e-m/fpv4-sp/hard/libc.a(lib_a-init.o)
 .debug_frame   0x0000000000004580       0x30 /usr/bin/../lib/gcc/arm-none-eabi/7.3.1/../../../../arm-none-eabi/lib/thumb/v7e-m/fpv4-sp/hard/libc.a(lib_a-malloc.o)
 .debug_frame   0x00000000000045b0       0x54 /usr/bin/../lib/gcc/arm-none-eabi/7.3.1/../../../../arm-none-eabi/lib/thumb/v7e-m/fpv4-sp/hard/libc.a(lib_a-mallocr.o)
 .debug_frame   0x0000000000004604       0x38 /usr/bin/../lib/gcc/arm-none-eabi/7.3.1/../../../../arm-none-eabi/lib/thumb/v7e-m/fpv4-sp/hard/libc.a(lib_a-memset.o)
 .debug_frame   0x000000000000463c       0x30 /usr/bin/../lib/gcc/arm-none-eabi/7.3.1/../../../../arm-none-eabi/lib/thumb/v7e-m/fpv4-sp/hard/libc.a(lib_a-mlock.o)
 .debug_frame   0x000000000000466c       0x2c /usr/bin/../lib/gcc/arm-none-eabi/7.3.1/../../../../arm-none-eabi/lib/thumb/v7e-m/fpv4-sp/hard/libc.a(lib_a-sbrkr.o)
 .debug_frame   0x0000000000004698       0x5c /usr/bin/../lib/gcc/arm-none-eabi/7.3.1/../../../../arm-none-eabi/lib/thumb/v7e-m/fpv4-sp/hard/libc.a(lib_a-__call_atexit.o)
 .debug_frame   0x00000000000046f4       0x20 /usr/bin/../lib/gcc/arm-none-eabi/7.3.1/../../../../arm-none-eabi/lib/thumb/v7e-m/fpv4-sp/hard/libc.a(lib_a-atexit.o)
 .debug_frame   0x0000000000004714       0x34 /usr/bin/../lib/gcc/arm-none-eabi/7.3.1/../../../../arm-none-eabi/lib/thumb/v7e-m/fpv4-sp/hard/libc.a(lib_a-fini.o)
 .debug_frame   0x0000000000004748       0x80 /usr/bin/../lib/gcc/arm-none-eabi/7.3.1/../../../../arm-none-eabi/lib/thumb/v7e-m/fpv4-sp/hard/libc.a(lib_a-freer.o)
 .debug_frame   0x00000000000047c8       0xb0 /usr/bin/../lib/gcc/arm-none-eabi/7.3.1/../../../../arm-none-eabi/lib/thumb/v7e-m/fpv4-sp/hard/libc.a(lib_a-lock.o)
 .debug_frame   0x0000000000004878       0x68 /usr/bin/../lib/gcc/arm-none-eabi/7.3.1/../../../../arm-none-eabi/lib/thumb/v7e-m/fpv4-sp/hard/libc.a(lib_a-reent.o)
 .debug_frame   0x00000000000048e0       0x34 /usr/bin/../lib/gcc/arm-none-eabi/7.3.1/../../../../arm-none-eabi/lib/thumb/v7e-m/fpv4-sp/hard/libc.a(lib_a-__atexit.o)
 .debug_frame   0x0000000000004914       0x20 /usr/bin/../lib/gcc/arm-none-eabi/7.3.1/../../../../arm-none-eabi/lib/thumb/v7e-m/fpv4-sp/hard/libnosys.a(sbrk.o)
 .debug_frame   0x0000000000004934       0x2c /usr/bin/../lib/gcc/arm-none-eabi/7.3.1/thumb/v7e-m/fpv4-sp/hard/libgcc.a(_aeabi_uldivmod.o)
 .debug_frame   0x0000000000004960       0x34 /usr/bin/../lib/gcc/arm-none-eabi/7.3.1/thumb/v7e-m/fpv4-sp/hard/libgcc.a(_udivmoddi4.o)

Cross Reference Table

Symbol                                            File
ADC_IRQHandler                                    build/startup_stm32f412zx.o
AHBPrescTable                                     build/system_stm32f4xx.o
                                                  build/stm32f4xx_hal_rcc.o
APBPrescTable                                     build/system_stm32f4xx.o
                                                  build/stm32f4xx_hal_rcc.o
Appli_state                                       build/usb_host.o
BusFault_Handler                                  build/stm32f4xx_it.o
CAN1_RX0_IRQHandler                               build/startup_stm32f412zx.o
CAN1_RX1_IRQHandler                               build/startup_stm32f412zx.o
CAN1_SCE_IRQHandler                               build/startup_stm32f412zx.o
CAN1_TX_IRQHandler                                build/startup_stm32f412zx.o
CAN2_RX0_IRQHandler                               build/startup_stm32f412zx.o
CAN2_RX1_IRQHandler                               build/startup_stm32f412zx.o
CAN2_SCE_IRQHandler                               build/startup_stm32f412zx.o
CAN2_TX_IRQHandler                                build/startup_stm32f412zx.o
CDC_Class                                         build/usbh_cdc.o
                                                  build/usb_host.o
DFSDM1_FLT0_IRQHandler                            build/startup_stm32f412zx.o
DFSDM1_FLT1_IRQHandler                            build/startup_stm32f412zx.o
DMA1_Stream0_IRQHandler                           build/startup_stm32f412zx.o
DMA1_Stream1_IRQHandler                           build/startup_stm32f412zx.o
DMA1_Stream2_IRQHandler                           build/startup_stm32f412zx.o
DMA1_Stream3_IRQHandler                           build/startup_stm32f412zx.o
DMA1_Stream4_IRQHandler                           build/startup_stm32f412zx.o
DMA1_Stream5_IRQHandler                           build/startup_stm32f412zx.o
DMA1_Stream6_IRQHandler                           build/startup_stm32f412zx.o
DMA1_Stream7_IRQHandler                           build/startup_stm32f412zx.o
DMA2_Stream0_IRQHandler                           build/startup_stm32f412zx.o
DMA2_Stream1_IRQHandler                           build/startup_stm32f412zx.o
DMA2_Stream2_IRQHandler                           build/startup_stm32f412zx.o
DMA2_Stream3_IRQHandler                           build/startup_stm32f412zx.o
DMA2_Stream4_IRQHandler                           build/startup_stm32f412zx.o
DMA2_Stream5_IRQHandler                           build/startup_stm32f412zx.o
DMA2_Stream6_IRQHandler                           build/startup_stm32f412zx.o
DMA2_Stream7_IRQHandler                           build/startup_stm32f412zx.o
DebugMon_Handler                                  build/stm32f4xx_it.o
Default_Handler                                   build/startup_stm32f412zx.o
EXTI0_IRQHandler                                  build/startup_stm32f412zx.o
EXTI15_10_IRQHandler                              build/startup_stm32f412zx.o
EXTI1_IRQHandler                                  build/startup_stm32f412zx.o
EXTI2_IRQHandler                                  build/startup_stm32f412zx.o
EXTI3_IRQHandler                                  build/startup_stm32f412zx.o
EXTI4_IRQHandler                                  build/startup_stm32f412zx.o
EXTI9_5_IRQHandler                                build/startup_stm32f412zx.o
Error_Handler                                     build/main.o
                                                  build/usbh_conf.o
                                                  build/usb_host.o
FLASH_Erase_Sector                                build/stm32f4xx_hal_flash_ex.o
                                                  build/stm32f4xx_hal_flash.o
FLASH_FlushCaches                                 build/stm32f4xx_hal_flash_ex.o
                                                  build/stm32f4xx_hal_flash.o
FLASH_IRQHandler                                  build/startup_stm32f412zx.o
FLASH_WaitForLastOperation                        build/stm32f4xx_hal_flash.o
                                                  build/stm32f4xx_hal_flash_ex.o
FMPI2C1_ER_IRQHandler                             build/startup_stm32f412zx.o
FMPI2C1_EV_IRQHandler                             build/startup_stm32f412zx.o
FPU_IRQHandler                                    build/startup_stm32f412zx.o
FSMC_NORSRAM_DeInit                               build/stm32f4xx_ll_fsmc.o
                                                  build/stm32f4xx_hal_sram.o
FSMC_NORSRAM_Extended_Timing_Init                 build/stm32f4xx_ll_fsmc.o
                                                  build/stm32f4xx_hal_sram.o
FSMC_NORSRAM_Init                                 build/stm32f4xx_ll_fsmc.o
                                                  build/stm32f4xx_hal_sram.o
FSMC_NORSRAM_Timing_Init                          build/stm32f4xx_ll_fsmc.o
                                                  build/stm32f4xx_hal_sram.o
FSMC_NORSRAM_WriteOperation_Disable               build/stm32f4xx_ll_fsmc.o
                                                  build/stm32f4xx_hal_sram.o
FSMC_NORSRAM_WriteOperation_Enable                build/stm32f4xx_ll_fsmc.o
                                                  build/stm32f4xx_hal_sram.o
HAL_DBGMCU_DisableDBGSleepMode                    build/stm32f4xx_hal.o
HAL_DBGMCU_DisableDBGStandbyMode                  build/stm32f4xx_hal.o
HAL_DBGMCU_DisableDBGStopMode                     build/stm32f4xx_hal.o
HAL_DBGMCU_EnableDBGSleepMode                     build/stm32f4xx_hal.o
HAL_DBGMCU_EnableDBGStandbyMode                   build/stm32f4xx_hal.o
HAL_DBGMCU_EnableDBGStopMode                      build/stm32f4xx_hal.o
HAL_DMAEx_ChangeMemory                            build/stm32f4xx_hal_dma_ex.o
HAL_DMAEx_MultiBufferStart                        build/stm32f4xx_hal_dma_ex.o
HAL_DMAEx_MultiBufferStart_IT                     build/stm32f4xx_hal_dma_ex.o
HAL_DMA_Abort                                     build/stm32f4xx_hal_dma.o
                                                  build/stm32f4xx_hal_uart.o