Archive member included to satisfy reference by file (symbol)

/usr/bin/../lib/gcc/arm-none-eabi/7.3.1/../../../../arm-none-eabi/lib/thumb/v7e-m/fpv4-sp/hard/libc.a(lib_a-exit.o)
                              /usr/bin/../lib/gcc/arm-none-eabi/7.3.1/../../../../arm-none-eabi/lib/thumb/v7e-m/fpv4-sp/hard/crt0.o (exit)
/usr/bin/../lib/gcc/arm-none-eabi/7.3.1/../../../../arm-none-eabi/lib/thumb/v7e-m/fpv4-sp/hard/libc.a(lib_a-impure.o)
                              /usr/bin/../lib/gcc/arm-none-eabi/7.3.1/../../../../arm-none-eabi/lib/thumb/v7e-m/fpv4-sp/hard/libc.a(lib_a-exit.o) (_global_impure_ptr)
/usr/bin/../lib/gcc/arm-none-eabi/7.3.1/../../../../arm-none-eabi/lib/thumb/v7e-m/fpv4-sp/hard/libc.a(lib_a-init.o)
                              /usr/bin/../lib/gcc/arm-none-eabi/7.3.1/../../../../arm-none-eabi/lib/thumb/v7e-m/fpv4-sp/hard/crt0.o (__libc_init_array)
/usr/bin/../lib/gcc/arm-none-eabi/7.3.1/../../../../arm-none-eabi/lib/thumb/v7e-m/fpv4-sp/hard/libc.a(lib_a-malloc.o)
                              build/usbh_cdc.o (malloc)
/usr/bin/../lib/gcc/arm-none-eabi/7.3.1/../../../../arm-none-eabi/lib/thumb/v7e-m/fpv4-sp/hard/libc.a(lib_a-mallocr.o)
                              /usr/bin/../lib/gcc/arm-none-eabi/7.3.1/../../../../arm-none-eabi/lib/thumb/v7e-m/fpv4-sp/hard/libc.a(lib_a-malloc.o) (_malloc_r)
/usr/bin/../lib/gcc/arm-none-eabi/7.3.1/../../../../arm-none-eabi/lib/thumb/v7e-m/fpv4-sp/hard/libc.a(lib_a-memset.o)
                              /usr/bin/../lib/gcc/arm-none-eabi/7.3.1/../../../../arm-none-eabi/lib/thumb/v7e-m/fpv4-sp/hard/crt0.o (memset)
/usr/bin/../lib/gcc/arm-none-eabi/7.3.1/../../../../arm-none-eabi/lib/thumb/v7e-m/fpv4-sp/hard/libc.a(lib_a-mlock.o)
                              /usr/bin/../lib/gcc/arm-none-eabi/7.3.1/../../../../arm-none-eabi/lib/thumb/v7e-m/fpv4-sp/hard/libc.a(lib_a-mallocr.o) (__malloc_lock)
/usr/bin/../lib/gcc/arm-none-eabi/7.3.1/../../../../arm-none-eabi/lib/thumb/v7e-m/fpv4-sp/hard/libc.a(lib_a-sbrkr.o)
                              /usr/bin/../lib/gcc/arm-none-eabi/7.3.1/../../../../arm-none-eabi/lib/thumb/v7e-m/fpv4-sp/hard/libc.a(lib_a-mallocr.o) (_sbrk_r)
/usr/bin/../lib/gcc/arm-none-eabi/7.3.1/../../../../arm-none-eabi/lib/thumb/v7e-m/fpv4-sp/hard/libc.a(lib_a-__call_atexit.o)
                              /usr/bin/../lib/gcc/arm-none-eabi/7.3.1/../../../../arm-none-eabi/lib/thumb/v7e-m/fpv4-sp/hard/libc.a(lib_a-exit.o) (__call_exitprocs)
/usr/bin/../lib/gcc/arm-none-eabi/7.3.1/../../../../arm-none-eabi/lib/thumb/v7e-m/fpv4-sp/hard/libc.a(lib_a-atexit.o)
                              /usr/bin/../lib/gcc/arm-none-eabi/7.3.1/../../../../arm-none-eabi/lib/thumb/v7e-m/fpv4-sp/hard/libc.a(lib_a-__call_atexit.o) (atexit)
/usr/bin/../lib/gcc/arm-none-eabi/7.3.1/../../../../arm-none-eabi/lib/thumb/v7e-m/fpv4-sp/hard/libc.a(lib_a-fini.o)
                              /usr/bin/../lib/gcc/arm-none-eabi/7.3.1/../../../../arm-none-eabi/lib/thumb/v7e-m/fpv4-sp/hard/libc.a(lib_a-__call_atexit.o) (__libc_fini_array)
/usr/bin/../lib/gcc/arm-none-eabi/7.3.1/../../../../arm-none-eabi/lib/thumb/v7e-m/fpv4-sp/hard/libc.a(lib_a-freer.o)
                              /usr/bin/../lib/gcc/arm-none-eabi/7.3.1/../../../../arm-none-eabi/lib/thumb/v7e-m/fpv4-sp/hard/libc.a(lib_a-malloc.o) (_free_r)
/usr/bin/../lib/gcc/arm-none-eabi/7.3.1/../../../../arm-none-eabi/lib/thumb/v7e-m/fpv4-sp/hard/libc.a(lib_a-lock.o)
                              /usr/bin/../lib/gcc/arm-none-eabi/7.3.1/../../../../arm-none-eabi/lib/thumb/v7e-m/fpv4-sp/hard/libc.a(lib_a-mlock.o) (__retarget_lock_acquire_recursive)
/usr/bin/../lib/gcc/arm-none-eabi/7.3.1/../../../../arm-none-eabi/lib/thumb/v7e-m/fpv4-sp/hard/libc.a(lib_a-reent.o)
                              /usr/bin/../lib/gcc/arm-none-eabi/7.3.1/../../../../arm-none-eabi/lib/thumb/v7e-m/fpv4-sp/hard/libc.a(lib_a-sbrkr.o) (errno)
/usr/bin/../lib/gcc/arm-none-eabi/7.3.1/../../../../arm-none-eabi/lib/thumb/v7e-m/fpv4-sp/hard/libc.a(lib_a-__atexit.o)
                              /usr/bin/../lib/gcc/arm-none-eabi/7.3.1/../../../../arm-none-eabi/lib/thumb/v7e-m/fpv4-sp/hard/libc.a(lib_a-atexit.o) (__register_exitproc)
/usr/bin/../lib/gcc/arm-none-eabi/7.3.1/../../../../arm-none-eabi/lib/thumb/v7e-m/fpv4-sp/hard/libnosys.a(sbrk.o)
                              /usr/bin/../lib/gcc/arm-none-eabi/7.3.1/../../../../arm-none-eabi/lib/thumb/v7e-m/fpv4-sp/hard/libc.a(lib_a-sbrkr.o) (_sbrk)
/usr/bin/../lib/gcc/arm-none-eabi/7.3.1/../../../../arm-none-eabi/lib/thumb/v7e-m/fpv4-sp/hard/libnosys.a(_exit.o)
                              /usr/bin/../lib/gcc/arm-none-eabi/7.3.1/../../../../arm-none-eabi/lib/thumb/v7e-m/fpv4-sp/hard/libc.a(lib_a-exit.o) (_exit)
/usr/bin/../lib/gcc/arm-none-eabi/7.3.1/thumb/v7e-m/fpv4-sp/hard/libgcc.a(_aeabi_uldivmod.o)
                              build/stm32f4xx_hal_rcc.o (__aeabi_uldivmod)
/usr/bin/../lib/gcc/arm-none-eabi/7.3.1/thumb/v7e-m/fpv4-sp/hard/libgcc.a(_udivmoddi4.o)
[...]
Memory Configuration

Name             Origin             Length             Attributes
RAM              0x0000000020000000 0x0000000000040000 xrw
FLASH            0x0000000008000000 0x0000000000100000 xr
*default*        0x0000000000000000 0xffffffffffffffff

Linker script and memory map

LOAD /usr/bin/../lib/gcc/arm-none-eabi/7.3.1/thumb/v7e-m/fpv4-sp/hard/crti.o
LOAD /usr/bin/../lib/gcc/arm-none-eabi/7.3.1/thumb/v7e-m/fpv4-sp/hard/crtbegin.o
LOAD /usr/bin/../lib/gcc/arm-none-eabi/7.3.1/../../../../arm-none-eabi/lib/thumb/v7e-m/fpv4-sp/hard/crt0.o
LOAD build/stm32f4xx_hal.o
LOAD build/stm32f4xx_hal_cortex.o
LOAD build/stm32f4xx_hal_dma.o
LOAD build/stm32f4xx_hal_dma_ex.o
LOAD build/stm32f4xx_hal_exti.o
LOAD build/stm32f4xx_hal_flash.o
LOAD build/stm32f4xx_hal_flash_ex.o
LOAD build/stm32f4xx_hal_flash_ramfunc.o
LOAD build/stm32f4xx_hal_gpio.o
LOAD build/stm32f4xx_hal_hcd.o
LOAD build/stm32f4xx_hal_i2c.o
LOAD build/stm32f4xx_hal_i2c_ex.o
LOAD build/stm32f4xx_hal_i2s.o
LOAD build/stm32f4xx_hal_i2s_ex.o
LOAD build/stm32f4xx_hal_pwr.o
LOAD build/stm32f4xx_hal_pwr_ex.o
LOAD build/stm32f4xx_hal_qspi.o
LOAD build/stm32f4xx_hal_rcc.o
LOAD build/stm32f4xx_hal_rcc_ex.o
LOAD build/stm32f4xx_hal_sd.o
LOAD build/stm32f4xx_hal_spi.o
LOAD build/stm32f4xx_hal_sram.o
LOAD build/stm32f4xx_hal_tim.o
LOAD build/stm32f4xx_hal_tim_ex.o
LOAD build/stm32f4xx_hal_uart.o
LOAD build/stm32f4xx_ll_fsmc.o
LOAD build/stm32f4xx_ll_sdmmc.o
LOAD build/stm32f4xx_ll_usb.o
LOAD build/w25qxx.o
LOAD build/usbh_cdc.o
LOAD build/usbh_core.o
LOAD build/usbh_ctlreq.o
LOAD build/usbh_ioreq.o
LOAD build/usbh_pipes.o
LOAD build/main.o
LOAD build/stm32f4xx_hal_msp.o
LOAD build/stm32f4xx_it.o
LOAD build/system_stm32f4xx.o
LOAD build/usb_host.o
LOAD build/usbh_conf.o
LOAD build/usbh_platform.o
LOAD build/startup_stm32f412zx.o
LOAD /usr/bin/../lib/gcc/arm-none-eabi/7.3.1/../../../../arm-none-eabi/lib/thumb/v7e-m/fpv4-sp/hard/libc.a
LOAD /usr/bin/../lib/gcc/arm-none-eabi/7.3.1/../../../../arm-none-eabi/lib/thumb/v7e-m/fpv4-sp/hard/libm.a
LOAD /usr/bin/../lib/gcc/arm-none-eabi/7.3.1/../../../../arm-none-eabi/lib/thumb/v7e-m/fpv4-sp/hard/libnosys.a
START GROUP
LOAD /usr/bin/../lib/gcc/arm-none-eabi/7.3.1/thumb/v7e-m/fpv4-sp/hard/libgcc.a
LOAD /usr/bin/../lib/gcc/arm-none-eabi/7.3.1/../../../../arm-none-eabi/lib/thumb/v7e-m/fpv4-sp/hard/libc.a
END GROUP
START GROUP
LOAD /usr/bin/../lib/gcc/arm-none-eabi/7.3.1/thumb/v7e-m/fpv4-sp/hard/libgcc.a
LOAD /usr/bin/../lib/gcc/arm-none-eabi/7.3.1/../../../../arm-none-eabi/lib/thumb/v7e-m/fpv4-sp/hard/libc.a
LOAD /usr/bin/../lib/gcc/arm-none-eabi/7.3.1/../../../../arm-none-eabi/lib/thumb/v7e-m/fpv4-sp/hard/libnosys.a
END GROUP
LOAD /usr/bin/../lib/gcc/arm-none-eabi/7.3.1/thumb/v7e-m/fpv4-sp/hard/crtend.o
LOAD /usr/bin/../lib/gcc/arm-none-eabi/7.3.1/thumb/v7e-m/fpv4-sp/hard/crtn.o
                0x0000000020040000                _estack = 0x20040000
                0x0000000000000200                _Min_Heap_Size = 0x200
                0x0000000000000400                _Min_Stack_Size = 0x400

.isr_vector     0x0000000008000000      0x1c4
                0x0000000008000000                . = ALIGN (0x4)
 *(.isr_vector)
 .isr_vector    0x0000000008000000      0x1c4 build/startup_stm32f412zx.o
                0x0000000008000000                g_pfnVectors
                0x00000000080001c4                . = ALIGN (0x4)

.text           0x00000000080001c4     0x65d4
                0x00000000080001c4                . = ALIGN (0x4)
 *(.text)
 .text          0x00000000080001c4       0x40 /usr/bin/../lib/gcc/arm-none-eabi/7.3.1/thumb/v7e-m/fpv4-sp/hard/crtbegin.o
 .text          0x0000000008000204       0x30 /usr/bin/../lib/gcc/arm-none-eabi/7.3.1/thumb/v7e-m/fpv4-sp/hard/libgcc.a(_aeabi_uldivmod.o)
                0x0000000008000204                __aeabi_uldivmod
 .text          0x0000000008000234      0x2cc /usr/bin/../lib/gcc/arm-none-eabi/7.3.1/thumb/v7e-m/fpv4-sp/hard/libgcc.a(_udivmoddi4.o)
                0x0000000008000234                __udivmoddi4
 .text          0x0000000008000500        0x4 /usr/bin/../lib/gcc/arm-none-eabi/7.3.1/thumb/v7e-m/fpv4-sp/hard/libgcc.a(_dvmd_tls.o)
                0x0000000008000500                __aeabi_ldiv0
                0x0000000008000500                __aeabi_idiv0
 *(.text*)
 .text.HAL_InitTick
                0x0000000008000504       0x4c build/stm32f4xx_hal.o
                0x0000000008000504                HAL_InitTick
 .text.HAL_Init
                0x0000000008000550       0x34 build/stm32f4xx_hal.o
                0x0000000008000550                HAL_Init
 .text.HAL_IncTick
                0x0000000008000584       0x18 build/stm32f4xx_hal.o
                0x0000000008000584                HAL_IncTick
 .text.HAL_GetTick
                0x000000000800059c        0xc build/stm32f4xx_hal.o
                0x000000000800059c                HAL_GetTick
 .text.HAL_Delay
                0x00000000080005a8       0x28 build/stm32f4xx_hal.o
                0x00000000080005a8                HAL_Delay
 .text.HAL_NVIC_SetPriorityGrouping
                0x00000000080005d0       0x24 build/stm32f4xx_hal_cortex.o
                0x00000000080005d0                HAL_NVIC_SetPriorityGrouping
 .text.HAL_NVIC_SetPriority
                0x00000000080005f4       0x68 build/stm32f4xx_hal_cortex.o
                0x00000000080005f4                HAL_NVIC_SetPriority
 .text.HAL_NVIC_EnableIRQ
                0x000000000800065c       0x1c build/stm32f4xx_hal_cortex.o
                0x000000000800065c                HAL_NVIC_EnableIRQ
 .text.HAL_SYSTICK_Config
                0x0000000008000678       0x2c build/stm32f4xx_hal_cortex.o
                0x0000000008000678                HAL_SYSTICK_Config
 .text.HAL_GPIO_Init
                0x00000000080006a4      0x1bc build/stm32f4xx_hal_gpio.o
                0x00000000080006a4                HAL_GPIO_Init
 .text.HAL_GPIO_WritePin
                0x0000000008000860        0xc build/stm32f4xx_hal_gpio.o
                0x0000000008000860                HAL_GPIO_WritePin
 .text.HCD_RXQLVL_IRQHandler
                0x000000000800086c       0x7c build/stm32f4xx_hal_hcd.o
 .text.HAL_HCD_HC_Init
                0x00000000080008e8       0xa0 build/stm32f4xx_hal_hcd.o
                0x00000000080008e8                HAL_HCD_HC_Init
 .text.HAL_HCD_HC_Halt
                0x0000000008000988       0x24 build/stm32f4xx_hal_hcd.o
                0x0000000008000988                HAL_HCD_HC_Halt
 .text.HAL_HCD_Init
                0x00000000080009ac       0x94 build/stm32f4xx_hal_hcd.o
                0x00000000080009ac                HAL_HCD_Init
 .text.HAL_HCD_HC_SubmitRequest
                0x0000000008000a40      0x18e build/stm32f4xx_hal_hcd.o
                0x0000000008000a40                HAL_HCD_HC_SubmitRequest
 .text.HCD_Port_IRQHandler
                0x0000000008000bce       0xd4 build/stm32f4xx_hal_hcd.o
 .text.HCD_HC_IN_IRQHandler
                0x0000000008000ca2      0x2bc build/stm32f4xx_hal_hcd.o
 .text.HCD_HC_OUT_IRQHandler
                0x0000000008000f5e      0x2b4 build/stm32f4xx_hal_hcd.o
 .text.HAL_HCD_IRQHandler
                0x0000000008001212      0x148 build/stm32f4xx_hal_hcd.o
                0x0000000008001212                HAL_HCD_IRQHandler
 .text.HAL_HCD_Start
                0x000000000800135a       0x2c build/stm32f4xx_hal_hcd.o
                0x000000000800135a                HAL_HCD_Start
 .text.HAL_HCD_Stop
                0x0000000008001386       0x24 build/stm32f4xx_hal_hcd.o
                0x0000000008001386                HAL_HCD_Stop
 .text.HAL_HCD_ResetPort
                0x00000000080013aa        0xa build/stm32f4xx_hal_hcd.o
                0x00000000080013aa                HAL_HCD_ResetPort
 .text.HAL_HCD_HC_GetURBState
                0x00000000080013b4        0xe build/stm32f4xx_hal_hcd.o
                0x00000000080013b4                HAL_HCD_HC_GetURBState
 .text.HAL_HCD_HC_GetXferCount
                0x00000000080013c2        0xc build/stm32f4xx_hal_hcd.o
                0x00000000080013c2                HAL_HCD_HC_GetXferCount
 .text.HAL_HCD_GetCurrentFrame
                0x00000000080013ce        0xa build/stm32f4xx_hal_hcd.o
                0x00000000080013ce                HAL_HCD_GetCurrentFrame
 .text.HAL_HCD_GetCurrentSpeed
                0x00000000080013d8        0xa build/stm32f4xx_hal_hcd.o
                0x00000000080013d8                HAL_HCD_GetCurrentSpeed
 *fill*         0x00000000080013e2        0x2 
 .text.HAL_I2C_Init
                0x00000000080013e4      0x1b4 build/stm32f4xx_hal_i2c.o
                0x00000000080013e4                HAL_I2C_Init
 .text.HAL_I2S_Init
                0x0000000008001598      0x1c4 build/stm32f4xx_hal_i2s.o
                0x0000000008001598                HAL_I2S_Init
 .text.HAL_I2S_TxCpltCallback
                0x000000000800175c        0x2 build/stm32f4xx_hal_i2s.o
                0x000000000800175c                HAL_I2S_TxCpltCallback
 .text.I2S_Transmit_IT
                0x000000000800175e       0x36 build/stm32f4xx_hal_i2s.o
 .text.HAL_I2S_RxCpltCallback
                0x0000000008001794        0x2 build/stm32f4xx_hal_i2s.o
                0x0000000008001794                HAL_I2S_RxCpltCallback
 .text.I2S_Receive_IT
                0x0000000008001796       0x36 build/stm32f4xx_hal_i2s.o
 .text.HAL_I2S_ErrorCallback
                0x00000000080017cc        0x2 build/stm32f4xx_hal_i2s.o
                0x00000000080017cc                HAL_I2S_ErrorCallback
 .text.I2S_IRQHandler
                0x00000000080017ce       0xd0 build/stm32f4xx_hal_i2s.o
 .text.HAL_I2SEx_TxRxCpltCallback
                0x000000000800189e        0x2 build/stm32f4xx_hal_i2s_ex.o
                0x000000000800189e                HAL_I2SEx_TxRxCpltCallback
 .text.I2SEx_TxISR_I2S
                0x00000000080018a0       0x3a build/stm32f4xx_hal_i2s_ex.o
 *fill*         0x00000000080018da        0x2 
 .text.I2SEx_RxISR_I2SExt
                0x00000000080018dc       0x60 build/stm32f4xx_hal_i2s_ex.o
 .text.I2SEx_TxISR_I2SExt
                0x000000000800193c       0x60 build/stm32f4xx_hal_i2s_ex.o
 .text.I2SEx_RxISR_I2S
                0x000000000800199c       0x3a build/stm32f4xx_hal_i2s_ex.o
 *fill*         0x00000000080019d6        0x2 
 .text.HAL_I2SEx_FullDuplex_IRQHandler
                0x00000000080019d8      0x1d8 build/stm32f4xx_hal_i2s_ex.o
                0x00000000080019d8                HAL_I2SEx_FullDuplex_IRQHandler
 .text.QSPI_WaitFlagStateUntilTimeout
                0x0000000008001bb0       0x4a build/stm32f4xx_hal_qspi.o
 .text.HAL_QSPI_SetTimeout
                0x0000000008001bfa        0x4 build/stm32f4xx_hal_qspi.o
                0x0000000008001bfa                HAL_QSPI_SetTimeout
 *fill*         0x0000000008001bfe        0x2 
 .text.HAL_QSPI_Init
                0x0000000008001c00       0xb4 build/stm32f4xx_hal_qspi.o
                0x0000000008001c00                HAL_QSPI_Init
 .text.HAL_RCC_MCOConfig
                0x0000000008001cb4       0x9c build/stm32f4xx_hal_rcc.o
                0x0000000008001cb4                HAL_RCC_MCOConfig
 .text.HAL_RCC_GetSysClockFreq
                0x0000000008001d50       0xd8 build/stm32f4xx_hal_rcc.o
                0x0000000008001d50                HAL_RCC_GetSysClockFreq
 .text.HAL_RCC_ClockConfig
                0x0000000008001e28      0x160 build/stm32f4xx_hal_rcc.o
                0x0000000008001e28                HAL_RCC_ClockConfig
 .text.HAL_RCC_GetHCLKFreq
                0x0000000008001f88        0xc build/stm32f4xx_hal_rcc.o
                0x0000000008001f88                HAL_RCC_GetHCLKFreq
 .text.HAL_RCC_GetPCLK1Freq
                0x0000000008001f94       0x20 build/stm32f4xx_hal_rcc.o
                0x0000000008001f94                HAL_RCC_GetPCLK1Freq
 .text.HAL_RCC_GetPCLK2Freq
                0x0000000008001fb4       0x20 build/stm32f4xx_hal_rcc.o
                0x0000000008001fb4                HAL_RCC_GetPCLK2Freq
 .text.HAL_RCCEx_PeriphCLKConfig
                0x0000000008001fd4      0x2bc build/stm32f4xx_hal_rcc_ex.o
                0x0000000008001fd4                HAL_RCCEx_PeriphCLKConfig
 .text.HAL_RCCEx_GetPeriphCLKFreq
                0x0000000008002290      0x1e8 build/stm32f4xx_hal_rcc_ex.o
                0x0000000008002290                HAL_RCCEx_GetPeriphCLKFreq
 .text.HAL_RCC_OscConfig
                0x0000000008002478      0x390 build/stm32f4xx_hal_rcc_ex.o
                0x0000000008002478                HAL_RCC_OscConfig
 .text.SD_PowerON
                0x0000000008002808       0xc0 build/stm32f4xx_hal_sd.o
 .text.SD_FindSCR
                0x00000000080028c8      0x106 build/stm32f4xx_hal_sd.o
 .text.SD_WideBus_Enable
                0x00000000080029ce       0x56 build/stm32f4xx_hal_sd.o
 .text.SD_WideBus_Disable
                0x0000000008002a24       0x56 build/stm32f4xx_hal_sd.o
 *fill*         0x0000000008002a7a        0x2 
 .text.HAL_SD_GetCardCSD
                0x0000000008002a7c      0x1bc build/stm32f4xx_hal_sd.o
                0x0000000008002a7c                HAL_SD_GetCardCSD
 .text.SD_InitCard
                0x0000000008002c38      0x100 build/stm32f4xx_hal_sd.o
 .text.HAL_SD_InitCard
                0x0000000008002d38       0x7c build/stm32f4xx_hal_sd.o
                0x0000000008002d38                HAL_SD_InitCard
 .text.HAL_SD_Init
                0x0000000008002db4       0x3e build/stm32f4xx_hal_sd.o
                0x0000000008002db4                HAL_SD_Init
 *fill*         0x0000000008002df2        0x2 
 .text.HAL_SD_ConfigWideBusOperation
                0x0000000008002df4       0xa4 build/stm32f4xx_hal_sd.o
                0x0000000008002df4                HAL_SD_ConfigWideBusOperation
 .text.HAL_SPI_Init
                0x0000000008002e98       0x80 build/stm32f4xx_hal_spi.o
                0x0000000008002e98                HAL_SPI_Init
 .text.HAL_SRAM_Init
                0x0000000008002f18       0x52 build/stm32f4xx_hal_sram.o
                0x0000000008002f18                HAL_SRAM_Init
 *fill*         0x0000000008002f6a        0x2 
 .text.UART_SetConfig
                0x0000000008002f6c      0x218 build/stm32f4xx_hal_uart.o
 .text.HAL_UART_Init
                0x0000000008003184       0x5e build/stm32f4xx_hal_uart.o
                0x0000000008003184                HAL_UART_Init
 *fill*         0x00000000080031e2        0x2 
 .text.FSMC_NORSRAM_Init
                0x00000000080031e4       0x80 build/stm32f4xx_ll_fsmc.o
                0x00000000080031e4                FSMC_NORSRAM_Init
 .text.FSMC_NORSRAM_Timing_Init
                0x0000000008003264       0x58 build/stm32f4xx_ll_fsmc.o
                0x0000000008003264                FSMC_NORSRAM_Timing_Init
 .text.FSMC_NORSRAM_Extended_Timing_Init
                0x00000000080032bc       0x44 build/stm32f4xx_ll_fsmc.o
                0x00000000080032bc                FSMC_NORSRAM_Extended_Timing_Init
 .text.SDMMC_GetCmdError
                0x0000000008003300       0x38 build/stm32f4xx_ll_sdmmc.o
 .text.SDMMC_GetCmdResp2
                0x0000000008003338       0x60 build/stm32f4xx_ll_sdmmc.o
 .text.SDMMC_GetCmdResp3
                0x0000000008003398       0x50 build/stm32f4xx_ll_sdmmc.o
 .text.SDMMC_GetCmdResp7
                0x00000000080033e8       0x6c build/stm32f4xx_ll_sdmmc.o
 .text.SDIO_Init
                0x0000000008003454       0x38 build/stm32f4xx_ll_sdmmc.o
                0x0000000008003454                SDIO_Init
 .text.SDIO_ReadFIFO
                0x000000000800348c        0x6 build/stm32f4xx_ll_sdmmc.o
                0x000000000800348c                SDIO_ReadFIFO
 .text.SDIO_PowerState_ON
                0x0000000008003492       0x10 build/stm32f4xx_ll_sdmmc.o
                0x0000000008003492                SDIO_PowerState_ON
 .text.SDIO_GetPowerState
                0x00000000080034a2        0x8 build/stm32f4xx_ll_sdmmc.o
                0x00000000080034a2                SDIO_GetPowerState
 .text.SDIO_SendCommand
                0x00000000080034aa       0x24 build/stm32f4xx_ll_sdmmc.o
                0x00000000080034aa                SDIO_SendCommand
 .text.SDIO_GetCommandResponse
                0x00000000080034ce        0x6 build/stm32f4xx_ll_sdmmc.o
                0x00000000080034ce                SDIO_GetCommandResponse
 .text.SDIO_GetResponse
                0x00000000080034d4        0x6 build/stm32f4xx_ll_sdmmc.o
                0x00000000080034d4                SDIO_GetResponse
 *fill*         0x00000000080034da        0x2 
 .text.SDMMC_GetCmdResp1
                0x00000000080034dc      0x158 build/stm32f4xx_ll_sdmmc.o
 .text.SDMMC_GetCmdResp6
                0x0000000008003634       0xa4 build/stm32f4xx_ll_sdmmc.o
 .text.SDIO_ConfigData
                0x00000000080036d8       0x24 build/stm32f4xx_ll_sdmmc.o
                0x00000000080036d8                SDIO_ConfigData
 .text.SDMMC_CmdBlockLength
                0x00000000080036fc       0x30 build/stm32f4xx_ll_sdmmc.o
                0x00000000080036fc                SDMMC_CmdBlockLength
 .text.SDMMC_CmdSelDesel
                0x000000000800372c       0x30 build/stm32f4xx_ll_sdmmc.o
                0x000000000800372c                SDMMC_CmdSelDesel
 .text.SDMMC_CmdGoIdleState
                0x000000000800375c       0x26 build/stm32f4xx_ll_sdmmc.o
                0x000000000800375c                SDMMC_CmdGoIdleState
 .text.SDMMC_CmdOperCond
                0x0000000008003782       0x2e build/stm32f4xx_ll_sdmmc.o
                0x0000000008003782                SDMMC_CmdOperCond
 .text.SDMMC_CmdAppCommand
                0x00000000080037b0       0x30 build/stm32f4xx_ll_sdmmc.o
                0x00000000080037b0                SDMMC_CmdAppCommand
 .text.SDMMC_CmdAppOperCommand
                0x00000000080037e0       0x32 build/stm32f4xx_ll_sdmmc.o
                0x00000000080037e0                SDMMC_CmdAppOperCommand
 .text.SDMMC_CmdBusWidth
                0x0000000008003812       0x30 build/stm32f4xx_ll_sdmmc.o
                0x0000000008003812                SDMMC_CmdBusWidth
 .text.SDMMC_CmdSendSCR
                0x0000000008003842       0x30 build/stm32f4xx_ll_sdmmc.o
                0x0000000008003842                SDMMC_CmdSendSCR
 .text.SDMMC_CmdSendCID
                0x0000000008003872       0x2a build/stm32f4xx_ll_sdmmc.o
                0x0000000008003872                SDMMC_CmdSendCID
 .text.SDMMC_CmdSendCSD
                0x000000000800389c       0x2a build/stm32f4xx_ll_sdmmc.o
                0x000000000800389c                SDMMC_CmdSendCSD
 .text.SDMMC_CmdSetRelAdd
                0x00000000080038c6       0x30 build/stm32f4xx_ll_sdmmc.o
                0x00000000080038c6                SDMMC_CmdSetRelAdd
 *fill*         0x00000000080038f6        0x2 
 .text.USB_CoreReset
                0x00000000080038f8       0x3c build/stm32f4xx_ll_usb.o
 .text.USB_CoreInit
                0x0000000008003934       0x8a build/stm32f4xx_ll_usb.o
                0x0000000008003934                USB_CoreInit
 .text.USB_EnableGlobalInt
                0x00000000080039be        0xc build/stm32f4xx_ll_usb.o
                0x00000000080039be                USB_EnableGlobalInt
 .text.USB_DisableGlobalInt
                0x00000000080039ca        0xc build/stm32f4xx_ll_usb.o
                0x00000000080039ca                USB_DisableGlobalInt
 .text.USB_SetCurrentMode
                0x00000000080039d6       0x30 build/stm32f4xx_ll_usb.o
                0x00000000080039d6                USB_SetCurrentMode
 *fill*         0x0000000008003a06        0x2 
 .text.USB_FlushTxFifo
                0x0000000008003a08       0x28 build/stm32f4xx_ll_usb.o
                0x0000000008003a08                USB_FlushTxFifo
 .text.USB_FlushRxFifo
                0x0000000008003a30       0x24 build/stm32f4xx_ll_usb.o
                0x0000000008003a30                USB_FlushRxFifo
 .text.USB_WritePacket
                0x0000000008003a54       0x28 build/stm32f4xx_ll_usb.o
                0x0000000008003a54                USB_WritePacket
 .text.USB_ReadPacket
                0x0000000008003a7c       0x28 build/stm32f4xx_ll_usb.o
                0x0000000008003a7c                USB_ReadPacket
 .text.USB_ReadInterrupts
                0x0000000008003aa4        0x8 build/stm32f4xx_ll_usb.o
                0x0000000008003aa4                USB_ReadInterrupts
 .text.USB_GetMode
                0x0000000008003aac        0x8 build/stm32f4xx_ll_usb.o
                0x0000000008003aac                USB_GetMode
 .text.USB_InitFSLSPClkSel
                0x0000000008003ab4       0x40 build/stm32f4xx_ll_usb.o
                0x0000000008003ab4                USB_InitFSLSPClkSel
 .text.USB_ResetPort
                0x0000000008003af4       0x3e build/stm32f4xx_ll_usb.o
                0x0000000008003af4                USB_ResetPort
 .text.USB_DriveVbus
                0x0000000008003b32       0x46 build/stm32f4xx_ll_usb.o
                0x0000000008003b32                USB_DriveVbus
 .text.USB_HostInit
                0x0000000008003b78       0xf4 build/stm32f4xx_ll_usb.o
                0x0000000008003b78                USB_HostInit
 .text.USB_GetHostSpeed
                0x0000000008003c6c       0x16 build/stm32f4xx_ll_usb.o
                0x0000000008003c6c                USB_GetHostSpeed
 .text.USB_GetCurrentFrame
                0x0000000008003c82        0xa build/stm32f4xx_ll_usb.o
                0x0000000008003c82                USB_GetCurrentFrame
 .text.USB_HC_Init
                0x0000000008003c8c      0x108 build/stm32f4xx_ll_usb.o
                0x0000000008003c8c                USB_HC_Init
 .text.USB_HC_ReadInterrupt
                0x0000000008003d94        0xa build/stm32f4xx_ll_usb.o
                0x0000000008003d94                USB_HC_ReadInterrupt
 .text.USB_HC_Halt
                0x0000000008003d9e       0xd0 build/stm32f4xx_ll_usb.o
                0x0000000008003d9e                USB_HC_Halt
 *fill*         0x0000000008003e6e        0x2 
 .text.USB_DoPing
                0x0000000008003e70       0x24 build/stm32f4xx_ll_usb.o
                0x0000000008003e70                USB_DoPing
 .text.USB_HC_StartXfer
                0x0000000008003e94      0x158 build/stm32f4xx_ll_usb.o
                0x0000000008003e94                USB_HC_StartXfer
 .text.USB_StopHost
                0x0000000008003fec       0x7e build/stm32f4xx_ll_usb.o
                0x0000000008003fec                USB_StopHost
 .text.USBH_CDC_SOFProcess
                0x000000000800406a        0x4 build/usbh_cdc.o
 .text.SetLineCoding
                0x000000000800406e       0x1a build/usbh_cdc.o
 .text.GetLineCoding
                0x0000000008004088       0x1a build/usbh_cdc.o
 .text.USBH_CDC_ClassRequest
                0x00000000080040a2       0x22 build/usbh_cdc.o
 .text.USBH_CDC_InterfaceDeInit
                0x00000000080040c4       0x68 build/usbh_cdc.o
 .text.USBH_CDC_InterfaceInit
                0x000000000800412c      0x160 build/usbh_cdc.o
 .text.USBH_CDC_TransmitCallback
                0x000000000800428c        0x2 build/usbh_cdc.o
                0x000000000800428c                USBH_CDC_TransmitCallback
 .text.CDC_ProcessTransmission
                0x000000000800428e       0x94 build/usbh_cdc.o
 .text.USBH_CDC_ReceiveCallback
                0x0000000008004322        0x2 build/usbh_cdc.o
                0x0000000008004322                USBH_CDC_ReceiveCallback
 .text.CDC_ProcessReception
                0x0000000008004324       0x68 build/usbh_cdc.o
 .text.USBH_CDC_LineCodingChanged
                0x000000000800438c        0x2 build/usbh_cdc.o
                0x000000000800438c                USBH_CDC_LineCodingChanged
 .text.USBH_CDC_Process
                0x000000000800438e       0xb8 build/usbh_cdc.o
 .text.DeInitStateMachine
                0x0000000008004446       0x4a build/usbh_core.o
 .text.USBH_HandleSof
                0x0000000008004490       0x1a build/usbh_core.o
 .text.USBH_HandleEnum
                0x00000000080044aa      0x16e build/usbh_core.o
 .text.USBH_Init
                0x0000000008004618       0x2e build/usbh_core.o
                0x0000000008004618                USBH_Init
 .text.USBH_RegisterClass
                0x0000000008004646       0x24 build/usbh_core.o
                0x0000000008004646                USBH_RegisterClass
 .text.USBH_SelectInterface
                0x000000000800466a       0x14 build/usbh_core.o
                0x000000000800466a                USBH_SelectInterface
 .text.USBH_FindInterface
                0x000000000800467e       0x50 build/usbh_core.o
                0x000000000800467e                USBH_FindInterface
 .text.USBH_Start
                0x00000000080046ce       0x14 build/usbh_core.o
                0x00000000080046ce                USBH_Start
 .text.USBH_LL_SetTimer
                0x00000000080046e2        0x6 build/usbh_core.o
                0x00000000080046e2                USBH_LL_SetTimer
 .text.USBH_LL_IncTimer
                0x00000000080046e8       0x12 build/usbh_core.o
                0x00000000080046e8                USBH_LL_IncTimer
 .text.USBH_LL_PortEnabled
                0x00000000080046fa        0x8 build/usbh_core.o
                0x00000000080046fa                USBH_LL_PortEnabled
 .text.USBH_LL_PortDisabled
                0x0000000008004702        0x8 build/usbh_core.o
                0x0000000008004702                USBH_LL_PortDisabled
 .text.USBH_IsPortEnabled
                0x000000000800470a        0x6 build/usbh_core.o
                0x000000000800470a                USBH_IsPortEnabled
 .text.USBH_Process
                0x0000000008004710      0x1ec build/usbh_core.o
                0x0000000008004710                USBH_Process
 .text.USBH_LL_Connect
                0x00000000080048fc       0x28 build/usbh_core.o
                0x00000000080048fc                USBH_LL_Connect
 .text.USBH_LL_Disconnect
                0x0000000008004924       0x38 build/usbh_core.o
                0x0000000008004924                USBH_LL_Disconnect
 .text.USBH_ParseDevDesc
                0x000000000800495c       0x5c build/usbh_ctlreq.o
 .text.USBH_ParseInterfaceDesc
                0x00000000080049b8       0x26 build/usbh_ctlreq.o
 .text.USBH_ParseEPDesc
                0x00000000080049de       0x20 build/usbh_ctlreq.o
 .text.USBH_ParseStringDesc
                0x00000000080049fe       0x3c build/usbh_ctlreq.o
 .text.USBH_HandleControl
                0x0000000008004a3a      0x1d0 build/usbh_ctlreq.o
 .text.USBH_GetNextDesc
                0x0000000008004c0a        0xe build/usbh_ctlreq.o
                0x0000000008004c0a                USBH_GetNextDesc
 .text.USBH_ParseCfgDesc
                0x0000000008004c18       0xc2 build/usbh_ctlreq.o
 .text.USBH_CtlReq
                0x0000000008004cda       0x4e build/usbh_ctlreq.o
                0x0000000008004cda                USBH_CtlReq
 .text.USBH_GetDescriptor
                0x0000000008004d28       0x3c build/usbh_ctlreq.o
                0x0000000008004d28                USBH_GetDescriptor
 .text.USBH_Get_DevDesc
                0x0000000008004d64       0x32 build/usbh_ctlreq.o
                0x0000000008004d64                USBH_Get_DevDesc
 .text.USBH_Get_CfgDesc
                0x0000000008004d96       0x32 build/usbh_ctlreq.o
                0x0000000008004d96                USBH_Get_CfgDesc
 .text.USBH_Get_StringDesc
                0x0000000008004dc8       0x30 build/usbh_ctlreq.o
                0x0000000008004dc8                USBH_Get_StringDesc
 .text.USBH_SetAddress
                0x0000000008004df8       0x22 build/usbh_ctlreq.o
                0x0000000008004df8                USBH_SetAddress
 .text.USBH_SetCfg
                0x0000000008004e1a       0x22 build/usbh_ctlreq.o
                0x0000000008004e1a                USBH_SetCfg
 .text.USBH_SetFeature
                0x0000000008004e3c       0x22 build/usbh_ctlreq.o
                0x0000000008004e3c                USBH_SetFeature
 .text.USBH_ClrFeature
                0x0000000008004e5e       0x24 build/usbh_ctlreq.o
                0x0000000008004e5e                USBH_ClrFeature
 .text.USBH_CtlSendSetup
                0x0000000008004e82       0x22 build/usbh_ioreq.o
                0x0000000008004e82                USBH_CtlSendSetup
 .text.USBH_CtlSendData
                0x0000000008004ea4       0x2c build/usbh_ioreq.o
                0x0000000008004ea4                USBH_CtlSendData
 .text.USBH_CtlReceiveData
                0x0000000008004ed0       0x20 build/usbh_ioreq.o
                0x0000000008004ed0                USBH_CtlReceiveData
 .text.USBH_BulkSendData
                0x0000000008004ef0       0x2c build/usbh_ioreq.o
                0x0000000008004ef0                USBH_BulkSendData
 .text.USBH_BulkReceiveData
                0x0000000008004f1c       0x20 build/usbh_ioreq.o
                0x0000000008004f1c                USBH_BulkReceiveData
 .text.USBH_GetFreePipe
                0x0000000008004f3c       0x24 build/usbh_pipes.o
 .text.USBH_OpenPipe
                0x0000000008004f60       0x20 build/usbh_pipes.o
                0x0000000008004f60                USBH_OpenPipe
 .text.USBH_ClosePipe
                0x0000000008004f80        0xa build/usbh_pipes.o
                0x0000000008004f80                USBH_ClosePipe
 .text.USBH_AllocPipe
                0x0000000008004f8a       0x22 build/usbh_pipes.o
                0x0000000008004f8a                USBH_AllocPipe
 .text.USBH_FreePipe
                0x0000000008004fac       0x16 build/usbh_pipes.o
                0x0000000008004fac                USBH_FreePipe
 *fill*         0x0000000008004fc2        0x2 
 .text.MX_GPIO_Init
                0x0000000008004fc4      0x23c build/main.o
 .text.MX_FSMC_Init
                0x0000000008005200       0x5c build/main.o
 .text.MX_I2C1_Init
                0x000000000800525c       0x34 build/main.o
 .text.MX_I2C2_Init
                0x0000000008005290       0x34 build/main.o
 .text.MX_I2S3_Init
                0x00000000080052c4       0x34 build/main.o
 .text.MX_QUADSPI_Init
                0x00000000080052f8       0x2c build/main.o
 .text.MX_SDIO_SD_Init
                0x0000000008005324       0x30 build/main.o
 .text.MX_USART2_UART_Init
                0x0000000008005354       0x2c build/main.o
 .text.MX_SPI1_Init
                0x0000000008005380       0x38 build/main.o
 .text.SystemClock_Config
                0x00000000080053b8       0xcc build/main.o
                0x00000000080053b8                SystemClock_Config
 .text.main     0x0000000008005484       0x38 build/main.o
                0x0000000008005484                main
 .text.Error_Handler
                0x00000000080054bc        0x2 build/main.o
                0x00000000080054bc                Error_Handler
 *fill*         0x00000000080054be        0x2 
 .text.HAL_FSMC_MspInit
                0x00000000080054c0       0x8c build/stm32f4xx_hal_msp.o
 .text.HAL_MspInit
                0x000000000800554c       0x38 build/stm32f4xx_hal_msp.o
                0x000000000800554c                HAL_MspInit
 .text.HAL_I2C_MspInit
                0x0000000008005584       0xf4 build/stm32f4xx_hal_msp.o
                0x0000000008005584                HAL_I2C_MspInit
 .text.HAL_I2S_MspInit
                0x0000000008005678       0xdc build/stm32f4xx_hal_msp.o
                0x0000000008005678                HAL_I2S_MspInit
 .text.HAL_QSPI_MspInit
                0x0000000008005754       0xec build/stm32f4xx_hal_msp.o
                0x0000000008005754                HAL_QSPI_MspInit
 .text.HAL_SD_MspInit
                0x0000000008005840       0xa0 build/stm32f4xx_hal_msp.o
                0x0000000008005840                HAL_SD_MspInit
 .text.HAL_SPI_MspInit
                0x00000000080058e0       0x70 build/stm32f4xx_hal_msp.o
                0x00000000080058e0                HAL_SPI_MspInit
 .text.HAL_UART_MspInit
                0x0000000008005950       0x74 build/stm32f4xx_hal_msp.o
                0x0000000008005950                HAL_UART_MspInit
 .text.HAL_SRAM_MspInit
                0x00000000080059c4        0x8 build/stm32f4xx_hal_msp.o
                0x00000000080059c4                HAL_SRAM_MspInit
 .text.NMI_Handler
                0x00000000080059cc        0x2 build/stm32f4xx_it.o
                0x00000000080059cc                NMI_Handler
 .text.HardFault_Handler
                0x00000000080059ce        0x2 build/stm32f4xx_it.o
                0x00000000080059ce                HardFault_Handler
 .text.MemManage_Handler
                0x00000000080059d0        0x2 build/stm32f4xx_it.o
                0x00000000080059d0                MemManage_Handler
 .text.BusFault_Handler
                0x00000000080059d2        0x2 build/stm32f4xx_it.o
                0x00000000080059d2                BusFault_Handler
 .text.UsageFault_Handler
                0x00000000080059d4        0x2 build/stm32f4xx_it.o
                0x00000000080059d4                UsageFault_Handler
 .text.SVC_Handler
                0x00000000080059d6        0x2 build/stm32f4xx_it.o
                0x00000000080059d6                SVC_Handler
 .text.DebugMon_Handler
                0x00000000080059d8        0x2 build/stm32f4xx_it.o
                0x00000000080059d8                DebugMon_Handler
 .text.PendSV_Handler
                0x00000000080059da        0x2 build/stm32f4xx_it.o
                0x00000000080059da                PendSV_Handler
 .text.SysTick_Handler
                0x00000000080059dc        0x8 build/stm32f4xx_it.o
                0x00000000080059dc                SysTick_Handler
 .text.OTG_FS_IRQHandler
                0x00000000080059e4       0x10 build/stm32f4xx_it.o
                0x00000000080059e4                OTG_FS_IRQHandler
 .text.SystemInit
                0x00000000080059f4       0x1c build/system_stm32f4xx.o
                0x00000000080059f4                SystemInit
 .text.USBH_UserProcess
                0x0000000008005a10       0x2c build/usb_host.o
 .text.MX_USB_HOST_Init
                0x0000000008005a3c       0x40 build/usb_host.o
                0x0000000008005a3c                MX_USB_HOST_Init
 .text.MX_USB_HOST_Process
                0x0000000008005a7c       0x10 build/usb_host.o
                0x0000000008005a7c                MX_USB_HOST_Process
 .text.HAL_HCD_MspInit
                0x0000000008005a8c       0x84 build/usbh_conf.o
                0x0000000008005a8c                HAL_HCD_MspInit
 .text.HAL_HCD_SOF_Callback
                0x0000000008005b10        0xc build/usbh_conf.o
                0x0000000008005b10                HAL_HCD_SOF_Callback
 .text.HAL_HCD_Connect_Callback
                0x0000000008005b1c        0xc build/usbh_conf.o
                0x0000000008005b1c                HAL_HCD_Connect_Callback
 .text.HAL_HCD_Disconnect_Callback
                0x0000000008005b28        0xc build/usbh_conf.o
                0x0000000008005b28                HAL_HCD_Disconnect_Callback
 .text.HAL_HCD_HC_NotifyURBChange_Callback
                0x0000000008005b34        0x2 build/usbh_conf.o
                0x0000000008005b34                HAL_HCD_HC_NotifyURBChange_Callback
 .text.HAL_HCD_PortEnabled_Callback
                0x0000000008005b36        0xc build/usbh_conf.o
                0x0000000008005b36                HAL_HCD_PortEnabled_Callback
 .text.HAL_HCD_PortDisabled_Callback
                0x0000000008005b42        0xc build/usbh_conf.o
                0x0000000008005b42                HAL_HCD_PortDisabled_Callback
 *fill*         0x0000000008005b4e        0x2 
 .text.USBH_LL_Init
                0x0000000008005b50       0x54 build/usbh_conf.o
                0x0000000008005b50                USBH_LL_Init
 .text.USBH_LL_GetSpeed
                0x0000000008005ba4       0x1c build/usbh_conf.o
                0x0000000008005ba4                USBH_LL_GetSpeed
 .text.USBH_LL_GetLastXferSize
                0x0000000008005bc0        0xc build/usbh_conf.o
                0x0000000008005bc0                USBH_LL_GetLastXferSize
 .text.USBH_LL_GetURBState
                0x0000000008005bcc        0xc build/usbh_conf.o
                0x0000000008005bcc                USBH_LL_GetURBState
 .text.USBH_LL_DriverVBUS
                0x0000000008005bd8       0x1c build/usbh_conf.o
                0x0000000008005bd8                USBH_LL_DriverVBUS
 .text.USBH_LL_SetToggle
                0x0000000008005bf4       0x32 build/usbh_conf.o
                0x0000000008005bf4                USBH_LL_SetToggle
 .text.USBH_Delay
                0x0000000008005c26        0x8 build/usbh_conf.o
                0x0000000008005c26                USBH_Delay
 .text.USBH_Get_USB_Status
                0x0000000008005c2e       0x12 build/usbh_conf.o
                0x0000000008005c2e                USBH_Get_USB_Status
 .text.USBH_LL_Start
                0x0000000008005c40       0x10 build/usbh_conf.o
                0x0000000008005c40                USBH_LL_Start
 .text.USBH_LL_Stop
                0x0000000008005c50       0x10 build/usbh_conf.o
                0x0000000008005c50                USBH_LL_Stop
 .text.USBH_LL_ResetPort
                0x0000000008005c60       0x10 build/usbh_conf.o
                0x0000000008005c60                USBH_LL_ResetPort
 .text.USBH_LL_OpenPipe
                0x0000000008005c70       0x26 build/usbh_conf.o
                0x0000000008005c70                USBH_LL_OpenPipe
 .text.USBH_LL_ClosePipe
                0x0000000008005c96       0x10 build/usbh_conf.o
                0x0000000008005c96                USBH_LL_ClosePipe
 .text.USBH_LL_SubmitURB
                0x0000000008005ca6       0x2a build/usbh_conf.o
                0x0000000008005ca6                USBH_LL_SubmitURB
 .text.MX_DriverVbusFS
                0x0000000008005cd0       0x1c build/usbh_platform.o
                0x0000000008005cd0                MX_DriverVbusFS
 .text.Reset_Handler
                0x0000000008005cec       0x50 build/startup_stm32f412zx.o
                0x0000000008005cec                Reset_Handler
 .text.Default_Handler
                0x0000000008005d3c        0x2 build/startup_stm32f412zx.o
                0x0000000008005d3c                RTC_Alarm_IRQHandler
                0x0000000008005d3c                EXTI2_IRQHandler
                0x0000000008005d3c                TIM8_CC_IRQHandler
                0x0000000008005d3c                FMPI2C1_EV_IRQHandler
                0x0000000008005d3c                SPI4_IRQHandler
                0x0000000008005d3c                TIM1_CC_IRQHandler
                0x0000000008005d3c                DMA2_Stream5_IRQHandler
                0x0000000008005d3c                DMA1_Stream5_IRQHandler
                0x0000000008005d3c                TIM6_IRQHandler
                0x0000000008005d3c                PVD_IRQHandler
                0x0000000008005d3c                SDIO_IRQHandler
                0x0000000008005d3c                TAMP_STAMP_IRQHandler
                0x0000000008005d3c                CAN2_RX1_IRQHandler
                0x0000000008005d3c                EXTI3_IRQHandler
                0x0000000008005d3c                TIM8_TRG_COM_TIM14_IRQHandler
                0x0000000008005d3c                DFSDM1_FLT1_IRQHandler
                0x0000000008005d3c                TIM1_UP_TIM10_IRQHandler
                0x0000000008005d3c                TIM8_UP_TIM13_IRQHandler
                0x0000000008005d3c                I2C3_ER_IRQHandler
                0x0000000008005d3c                EXTI0_IRQHandler
                0x0000000008005d3c                I2C2_EV_IRQHandler
                0x0000000008005d3c                DMA1_Stream2_IRQHandler
                0x0000000008005d3c                CAN1_RX0_IRQHandler
                0x0000000008005d3c                FPU_IRQHandler
                0x0000000008005d3c                CAN2_SCE_IRQHandler
                0x0000000008005d3c                DMA2_Stream2_IRQHandler
                0x0000000008005d3c                SPI1_IRQHandler
                0x0000000008005d3c                TIM1_BRK_TIM9_IRQHandler
                0x0000000008005d3c                CAN2_RX0_IRQHandler
                0x0000000008005d3c                DMA2_Stream3_IRQHandler
                0x0000000008005d3c                USART6_IRQHandler
                0x0000000008005d3c                USART3_IRQHandler
                0x0000000008005d3c                CAN1_RX1_IRQHandler
                0x0000000008005d3c                DMA2_Stream0_IRQHandler
                0x0000000008005d3c                TIM4_IRQHandler
                0x0000000008005d3c                QUADSPI_IRQHandler
                0x0000000008005d3c                I2C1_EV_IRQHandler
                0x0000000008005d3c                DMA1_Stream6_IRQHandler
                0x0000000008005d3c                DMA1_Stream1_IRQHandler
                0x0000000008005d3c                TIM3_IRQHandler
                0x0000000008005d3c                RCC_IRQHandler
                0x0000000008005d3c                TIM8_BRK_TIM12_IRQHandler
                0x0000000008005d3c                Default_Handler
                0x0000000008005d3c                EXTI15_10_IRQHandler
                0x0000000008005d3c                ADC_IRQHandler
                0x0000000008005d3c                DMA1_Stream7_IRQHandler
                0x0000000008005d3c                SPI5_IRQHandler
                0x0000000008005d3c                TIM7_IRQHandler
                0x0000000008005d3c                CAN2_TX_IRQHandler
                0x0000000008005d3c                TIM5_IRQHandler
                0x0000000008005d3c                DMA2_Stream7_IRQHandler
                0x0000000008005d3c                I2C3_EV_IRQHandler
                0x0000000008005d3c                EXTI9_5_IRQHandler
                0x0000000008005d3c                RTC_WKUP_IRQHandler
                0x0000000008005d3c                SPI2_IRQHandler
                0x0000000008005d3c                DMA1_Stream0_IRQHandler
                0x0000000008005d3c                CAN1_TX_IRQHandler
                0x0000000008005d3c                FMPI2C1_ER_IRQHandler
                0x0000000008005d3c                EXTI4_IRQHandler
                0x0000000008005d3c                RNG_IRQHandler
                0x0000000008005d3c                WWDG_IRQHandler
                0x0000000008005d3c                TIM2_IRQHandler
                0x0000000008005d3c                OTG_FS_WKUP_IRQHandler
                0x0000000008005d3c                TIM1_TRG_COM_TIM11_IRQHandler
                0x0000000008005d3c                EXTI1_IRQHandler
                0x0000000008005d3c                USART2_IRQHandler
                0x0000000008005d3c                DFSDM1_FLT0_IRQHandler
                0x0000000008005d3c                I2C2_ER_IRQHandler
                0x0000000008005d3c                DMA2_Stream1_IRQHandler
                0x0000000008005d3c                CAN1_SCE_IRQHandler
                0x0000000008005d3c                FLASH_IRQHandler
                0x0000000008005d3c                DMA2_Stream4_IRQHandler
                0x0000000008005d3c                USART1_IRQHandler
                0x0000000008005d3c                SPI3_IRQHandler
                0x0000000008005d3c                DMA1_Stream4_IRQHandler
                0x0000000008005d3c                I2C1_ER_IRQHandler
                0x0000000008005d3c                DMA2_Stream6_IRQHandler
                0x0000000008005d3c                DMA1_Stream3_IRQHandler
 *fill*         0x0000000008005d3e        0x2 
 .text.__libc_init_array
                0x0000000008005d40       0x48 /usr/bin/../lib/gcc/arm-none-eabi/7.3.1/../../../../arm-none-eabi/lib/thumb/v7e-m/fpv4-sp/hard/libc.a(lib_a-init.o)
                0x0000000008005d40                __libc_init_array
 .text.malloc   0x0000000008005d88       0x10 /usr/bin/../lib/gcc/arm-none-eabi/7.3.1/../../../../arm-none-eabi/lib/thumb/v7e-m/fpv4-sp/hard/libc.a(lib_a-malloc.o)
                0x0000000008005d88                malloc
 .text.free     0x0000000008005d98       0x10 /usr/bin/../lib/gcc/arm-none-eabi/7.3.1/../../../../arm-none-eabi/lib/thumb/v7e-m/fpv4-sp/hard/libc.a(lib_a-malloc.o)
                0x0000000008005d98                free
 .text._malloc_r
                0x0000000008005da8      0x548 /usr/bin/../lib/gcc/arm-none-eabi/7.3.1/../../../../arm-none-eabi/lib/thumb/v7e-m/fpv4-sp/hard/libc.a(lib_a-mallocr.o)
                0x0000000008005da8                _malloc_r
 .text.memset   0x00000000080062f0       0x94 /usr/bin/../lib/gcc/arm-none-eabi/7.3.1/../../../../arm-none-eabi/lib/thumb/v7e-m/fpv4-sp/hard/libc.a(lib_a-memset.o)
                0x00000000080062f0                memset
 .text.__malloc_lock
                0x0000000008006384        0xc /usr/bin/../lib/gcc/arm-none-eabi/7.3.1/../../../../arm-none-eabi/lib/thumb/v7e-m/fpv4-sp/hard/libc.a(lib_a-mlock.o)
                0x0000000008006384                __malloc_lock
 .text.__malloc_unlock
                0x0000000008006390        0xc /usr/bin/../lib/gcc/arm-none-eabi/7.3.1/../../../../arm-none-eabi/lib/thumb/v7e-m/fpv4-sp/hard/libc.a(lib_a-mlock.o)
                0x0000000008006390                __malloc_unlock
 .text._sbrk_r  0x000000000800639c       0x24 /usr/bin/../lib/gcc/arm-none-eabi/7.3.1/../../../../arm-none-eabi/lib/thumb/v7e-m/fpv4-sp/hard/libc.a(lib_a-sbrkr.o)
                0x000000000800639c                _sbrk_r
 .text.startup.register_fini
                0x00000000080063c0       0x14 /usr/bin/../lib/gcc/arm-none-eabi/7.3.1/../../../../arm-none-eabi/lib/thumb/v7e-m/fpv4-sp/hard/libc.a(lib_a-__call_atexit.o)
 .text.atexit   0x00000000080063d4        0xc /usr/bin/../lib/gcc/arm-none-eabi/7.3.1/../../../../arm-none-eabi/lib/thumb/v7e-m/fpv4-sp/hard/libc.a(lib_a-atexit.o)
                0x00000000080063d4                atexit
 .text.__libc_fini_array
                0x00000000080063e0       0x34 /usr/bin/../lib/gcc/arm-none-eabi/7.3.1/../../../../arm-none-eabi/lib/thumb/v7e-m/fpv4-sp/hard/libc.a(lib_a-fini.o)
                0x00000000080063e0                __libc_fini_array
 .text._malloc_trim_r
                0x0000000008006414       0xa0 /usr/bin/../lib/gcc/arm-none-eabi/7.3.1/../../../../arm-none-eabi/lib/thumb/v7e-m/fpv4-sp/hard/libc.a(lib_a-freer.o)
                0x0000000008006414                _malloc_trim_r
 .text._free_r  0x00000000080064b4      0x1e8 /usr/bin/../lib/gcc/arm-none-eabi/7.3.1/../../../../arm-none-eabi/lib/thumb/v7e-m/fpv4-sp/hard/libc.a(lib_a-freer.o)
                0x00000000080064b4                _free_r
 .text.__retarget_lock_acquire_recursive
                0x000000000800669c        0x4 /usr/bin/../lib/gcc/arm-none-eabi/7.3.1/../../../../arm-none-eabi/lib/thumb/v7e-m/fpv4-sp/hard/libc.a(lib_a-lock.o)
                0x000000000800669c                __retarget_lock_acquire_recursive
 .text.__retarget_lock_release_recursive
                0x00000000080066a0        0x4 /usr/bin/../lib/gcc/arm-none-eabi/7.3.1/../../../../arm-none-eabi/lib/thumb/v7e-m/fpv4-sp/hard/libc.a(lib_a-lock.o)
                0x00000000080066a0                __retarget_lock_release_recursive
 .text.__register_exitproc
                0x00000000080066a4       0xc0 /usr/bin/../lib/gcc/arm-none-eabi/7.3.1/../../../../arm-none-eabi/lib/thumb/v7e-m/fpv4-sp/hard/libc.a(lib_a-__atexit.o)
                0x00000000080066a4                __register_exitproc
 .text._sbrk    0x0000000008006764       0x1c /usr/bin/../lib/gcc/arm-none-eabi/7.3.1/../../../../arm-none-eabi/lib/thumb/v7e-m/fpv4-sp/hard/libnosys.a(sbrk.o)
                0x0000000008006764                _sbrk
 *(.glue_7)
 .glue_7        0x0000000008006780        0x0 linker stubs
 *(.glue_7t)
 .glue_7t       0x0000000008006780        0x0 linker stubs
 *(.eh_frame)
 .eh_frame      0x0000000008006780        0x0 /usr/bin/../lib/gcc/arm-none-eabi/7.3.1/thumb/v7e-m/fpv4-sp/hard/crtbegin.o
 *(.init)
 .init          0x0000000008006780        0x4 /usr/bin/../lib/gcc/arm-none-eabi/7.3.1/thumb/v7e-m/fpv4-sp/hard/crti.o
                0x0000000008006780                _init
 .init          0x0000000008006784        0x8 /usr/bin/../lib/gcc/arm-none-eabi/7.3.1/thumb/v7e-m/fpv4-sp/hard/crtn.o
 *(.fini)
 .fini          0x000000000800678c        0x4 /usr/bin/../lib/gcc/arm-none-eabi/7.3.1/thumb/v7e-m/fpv4-sp/hard/crti.o
                0x000000000800678c                _fini
 .fini          0x0000000008006790        0x8 /usr/bin/../lib/gcc/arm-none-eabi/7.3.1/thumb/v7e-m/fpv4-sp/hard/crtn.o
                0x0000000008006798                . = ALIGN (0x4)
                0x0000000008006798                _etext = .

.vfp11_veneer   0x0000000008006798        0x0
 .vfp11_veneer  0x0000000008006798        0x0 linker stubs

.v4_bx          0x0000000008006798        0x0
 .v4_bx         0x0000000008006798        0x0 linker stubs

.iplt           0x0000000008006798        0x0
 .iplt          0x0000000008006798        0x0 /usr/bin/../lib/gcc/arm-none-eabi/7.3.1/thumb/v7e-m/fpv4-sp/hard/crtbegin.o

.rodata         0x0000000008006798       0x20
                0x0000000008006798                . = ALIGN (0x4)
 *(.rodata)
 *(.rodata*)
 .rodata.str1.4
                0x0000000008006798        0x4 build/usbh_cdc.o
 .rodata.AHBPrescTable
                0x000000000800679c       0x10 build/system_stm32f4xx.o
                0x000000000800679c                AHBPrescTable
 .rodata.APBPrescTable
                0x00000000080067ac        0x8 build/system_stm32f4xx.o
                0x00000000080067ac                APBPrescTable
 .rodata._global_impure_ptr
                0x00000000080067b4        0x4 /usr/bin/../lib/gcc/arm-none-eabi/7.3.1/../../../../arm-none-eabi/lib/thumb/v7e-m/fpv4-sp/hard/libc.a(lib_a-impure.o)
                0x00000000080067b4                _global_impure_ptr
                0x00000000080067b8                . = ALIGN (0x4)

.ARM.extab
 *(.ARM.extab* .gnu.linkonce.armextab.*)

.ARM            0x00000000080067b8        0x8
                0x00000000080067b8                __exidx_start = .
 *(.ARM.exidx*)
 .ARM.exidx     0x00000000080067b8        0x8 /usr/bin/../lib/gcc/arm-none-eabi/7.3.1/thumb/v7e-m/fpv4-sp/hard/libgcc.a(_udivmoddi4.o)
                0x00000000080067c0                __exidx_end = .

.rel.dyn        0x00000000080067c0        0x0
 .rel.iplt      0x00000000080067c0        0x0 /usr/bin/../lib/gcc/arm-none-eabi/7.3.1/thumb/v7e-m/fpv4-sp/hard/crtbegin.o

.preinit_array  0x00000000080067c0        0x0
                0x00000000080067c0                PROVIDE (__preinit_array_start = .)
 *(.preinit_array*)
                0x00000000080067c0                PROVIDE (__preinit_array_end = .)

.init_array     0x00000000080067c0        0x8
                0x00000000080067c0                PROVIDE (__init_array_start = .)
 *(SORT_BY_NAME(.init_array.*))
 .init_array.00000
                0x00000000080067c0        0x4 /usr/bin/../lib/gcc/arm-none-eabi/7.3.1/../../../../arm-none-eabi/lib/thumb/v7e-m/fpv4-sp/hard/libc.a(lib_a-__call_atexit.o)
 *(.init_array*)
 .init_array    0x00000000080067c4        0x4 /usr/bin/../lib/gcc/arm-none-eabi/7.3.1/thumb/v7e-m/fpv4-sp/hard/crtbegin.o
                0x00000000080067c8                PROVIDE (__init_array_end = .)

.fini_array     0x00000000080067c8        0x4
                0x00000000080067c8                PROVIDE (__fini_array_start = .)
 *(SORT_BY_NAME(.fini_array.*))
 *(.fini_array*)
 .fini_array    0x00000000080067c8        0x4 /usr/bin/../lib/gcc/arm-none-eabi/7.3.1/thumb/v7e-m/fpv4-sp/hard/crtbegin.o
                0x00000000080067cc                PROVIDE (__fini_array_end = .)
                0x00000000080067cc                _sidata = LOADADDR (.data)

.data           0x0000000020000000      0x86c load address 0x00000000080067cc
                0x0000000020000000                . = ALIGN (0x4)
                0x0000000020000000                _sdata = .
 *(.data)
 *(.data*)
 .data.uwTickFreq
                0x0000000020000000        0x1 build/stm32f4xx_hal.o
                0x0000000020000000                uwTickFreq
 *fill*         0x0000000020000001        0x3 
 .data.uwTickPrio
                0x0000000020000004        0x4 build/stm32f4xx_hal.o
                0x0000000020000004                uwTickPrio
 .data.CDC_Class
                0x0000000020000008       0x20 build/usbh_cdc.o
                0x0000000020000008                CDC_Class
 .data.SystemCoreClock
                0x0000000020000028        0x4 build/system_stm32f4xx.o
                0x0000000020000028                SystemCoreClock
 .data._impure_ptr
                0x000000002000002c        0x4 /usr/bin/../lib/gcc/arm-none-eabi/7.3.1/../../../../arm-none-eabi/lib/thumb/v7e-m/fpv4-sp/hard/libc.a(lib_a-impure.o)
                0x000000002000002c                _impure_ptr
 .data.impure_data
                0x0000000020000030      0x428 /usr/bin/../lib/gcc/arm-none-eabi/7.3.1/../../../../arm-none-eabi/lib/thumb/v7e-m/fpv4-sp/hard/libc.a(lib_a-impure.o)
 .data.__malloc_av_
                0x0000000020000458      0x408 /usr/bin/../lib/gcc/arm-none-eabi/7.3.1/../../../../arm-none-eabi/lib/thumb/v7e-m/fpv4-sp/hard/libc.a(lib_a-mallocr.o)
                0x0000000020000458                __malloc_av_
 .data.__malloc_sbrk_base
                0x0000000020000860        0x4 /usr/bin/../lib/gcc/arm-none-eabi/7.3.1/../../../../arm-none-eabi/lib/thumb/v7e-m/fpv4-sp/hard/libc.a(lib_a-mallocr.o)
                0x0000000020000860                __malloc_sbrk_base
 .data.__malloc_trim_threshold
                0x0000000020000864        0x4 /usr/bin/../lib/gcc/arm-none-eabi/7.3.1/../../../../arm-none-eabi/lib/thumb/v7e-m/fpv4-sp/hard/libc.a(lib_a-mallocr.o)
                0x0000000020000864                __malloc_trim_threshold
 .data.__atexit_recursive_mutex
                0x0000000020000868        0x4 /usr/bin/../lib/gcc/arm-none-eabi/7.3.1/../../../../arm-none-eabi/lib/thumb/v7e-m/fpv4-sp/hard/libc.a(lib_a-__call_atexit.o)
                0x0000000020000868                __atexit_recursive_mutex
                0x000000002000086c                . = ALIGN (0x4)
                0x000000002000086c                _edata = .

.igot.plt       0x000000002000086c        0x0 load address 0x0000000008007038
 .igot.plt      0x000000002000086c        0x0 /usr/bin/../lib/gcc/arm-none-eabi/7.3.1/thumb/v7e-m/fpv4-sp/hard/crtbegin.o
                0x000000002000086c                . = ALIGN (0x4)

.bss            0x000000002000086c      0x9c4 load address 0x0000000008007038
                0x000000002000086c                _sbss = .
                0x000000002000086c                __bss_start__ = _sbss
 *(.bss)
 .bss           0x000000002000086c       0x1c /usr/bin/../lib/gcc/arm-none-eabi/7.3.1/thumb/v7e-m/fpv4-sp/hard/crtbegin.o
 *(.bss*)
 .bss.tmpreg.9135
                0x0000000020000888        0x4 build/stm32f4xx_ll_usb.o
 .bss.FSMC_Initialized
                0x000000002000088c        0x4 build/stm32f4xx_hal_msp.o
 .bss.Appli_state
                0x0000000020000890        0x1 build/usb_host.o
                0x0000000020000890                Appli_state
 *fill*         0x0000000020000891        0x3 
 .bss.__malloc_current_mallinfo
                0x0000000020000894       0x28 /usr/bin/../lib/gcc/arm-none-eabi/7.3.1/../../../../arm-none-eabi/lib/thumb/v7e-m/fpv4-sp/hard/libc.a(lib_a-mallocr.o)
                0x0000000020000894                __malloc_current_mallinfo
 .bss.__malloc_max_sbrked_mem
                0x00000000200008bc        0x4 /usr/bin/../lib/gcc/arm-none-eabi/7.3.1/../../../../arm-none-eabi/lib/thumb/v7e-m/fpv4-sp/hard/libc.a(lib_a-mallocr.o)
                0x00000000200008bc                __malloc_max_sbrked_mem
 .bss.__malloc_max_total_mem
                0x00000000200008c0        0x4 /usr/bin/../lib/gcc/arm-none-eabi/7.3.1/../../../../arm-none-eabi/lib/thumb/v7e-m/fpv4-sp/hard/libc.a(lib_a-mallocr.o)
                0x00000000200008c0                __malloc_max_total_mem
 .bss.__malloc_top_pad
                0x00000000200008c4        0x4 /usr/bin/../lib/gcc/arm-none-eabi/7.3.1/../../../../arm-none-eabi/lib/thumb/v7e-m/fpv4-sp/hard/libc.a(lib_a-mallocr.o)
                0x00000000200008c4                __malloc_top_pad
 .bss.heap_end.5377
                0x00000000200008c8        0x4 /usr/bin/../lib/gcc/arm-none-eabi/7.3.1/../../../../arm-none-eabi/lib/thumb/v7e-m/fpv4-sp/hard/libnosys.a(sbrk.o)
 *(COMMON)
 COMMON         0x00000000200008cc        0x4 build/stm32f4xx_hal.o
                0x00000000200008cc                uwTick
 COMMON         0x00000000200008d0      0x2a8 build/main.o
                0x00000000200008d0                hi2c1
                0x0000000020000924                hi2c2
                0x0000000020000978                hsram1
                0x00000000200009c8                hsd
                0x0000000020000a4c                hspi1
                0x0000000020000aa4                huart2
                0x0000000020000ae4                hi2s3
                0x0000000020000b2c                hqspi
 COMMON         0x0000000020000b78      0x3cc build/usb_host.o
                0x0000000020000b78                hUsbHostFS
 COMMON         0x0000000020000f44      0x2c4 build/usbh_conf.o
                0x0000000020000f44                hhcd_USB_OTG_FS
 COMMON         0x0000000020001208       0x21 /usr/bin/../lib/gcc/arm-none-eabi/7.3.1/../../../../arm-none-eabi/lib/thumb/v7e-m/fpv4-sp/hard/libc.a(lib_a-lock.o)
                0x0000000020001208                __lock___atexit_recursive_mutex
                0x000000002000120c                __lock___arc4random_mutex
                0x0000000020001210                __lock___env_recursive_mutex
                0x0000000020001214                __lock___sinit_recursive_mutex
                0x0000000020001218                __lock___malloc_recursive_mutex
                0x000000002000121c                __lock___at_quick_exit_mutex
                0x0000000020001220                __lock___dd_hash_mutex
                0x0000000020001224                __lock___tz_mutex
                0x0000000020001228                __lock___sfp_recursive_mutex
 *fill*         0x0000000020001229        0x3 
 COMMON         0x000000002000122c        0x4 /usr/bin/../lib/gcc/arm-none-eabi/7.3.1/../../../../arm-none-eabi/lib/thumb/v7e-m/fpv4-sp/hard/libc.a(lib_a-reent.o)
                0x000000002000122c                errno
                0x0000000020001230                . = ALIGN (0x4)
                0x0000000020001230                _ebss = .
                0x0000000020001230                __bss_end__ = _ebss

._user_heap_stack
                0x0000000020001230      0x600 load address 0x0000000008007038
                0x0000000020001230                . = ALIGN (0x8)
                0x0000000020001230                PROVIDE (end = .)
                [!provide]                        PROVIDE (_end = .)
                0x0000000020001430                . = (. + _Min_Heap_Size)
 *fill*         0x0000000020001230      0x200 
                0x0000000020001830                . = (. + _Min_Stack_Size)
 *fill*         0x0000000020001430      0x400 
                0x0000000020001830                . = ALIGN (0x8)

/DISCARD/
 libc.a(*)
 libm.a(*)
 libgcc.a(*)

.ARM.attributes
                0x0000000000000000       0x30
 *(.ARM.attributes)
 .ARM.attributes
                0x0000000000000000       0x22 /usr/bin/../lib/gcc/arm-none-eabi/7.3.1/thumb/v7e-m/fpv4-sp/hard/crti.o
 .ARM.attributes
                0x0000000000000022       0x34 /usr/bin/../lib/gcc/arm-none-eabi/7.3.1/thumb/v7e-m/fpv4-sp/hard/crtbegin.o
 .ARM.attributes
                0x0000000000000056       0x39 build/stm32f4xx_hal.o
 .ARM.attributes
                0x000000000000008f       0x39 build/stm32f4xx_hal_cortex.o
 .ARM.attributes
                0x00000000000000c8       0x39 build/stm32f4xx_hal_gpio.o
 .ARM.attributes
                0x0000000000000101       0x39 build/stm32f4xx_hal_hcd.o
 .ARM.attributes
                0x000000000000013a       0x39 build/stm32f4xx_hal_i2c.o
 .ARM.attributes
                0x0000000000000173       0x39 build/stm32f4xx_hal_i2s.o
 .ARM.attributes
                0x00000000000001ac       0x39 build/stm32f4xx_hal_i2s_ex.o
 .ARM.attributes
                0x00000000000001e5       0x39 build/stm32f4xx_hal_qspi.o
 .ARM.attributes
                0x000000000000021e       0x39 build/stm32f4xx_hal_rcc.o
 .ARM.attributes
                0x0000000000000257       0x39 build/stm32f4xx_hal_rcc_ex.o
 .ARM.attributes
                0x0000000000000290       0x39 build/stm32f4xx_hal_sd.o
 .ARM.attributes
                0x00000000000002c9       0x39 build/stm32f4xx_hal_spi.o
 .ARM.attributes
                0x0000000000000302       0x39 build/stm32f4xx_hal_sram.o
 .ARM.attributes
                0x000000000000033b       0x39 build/stm32f4xx_hal_uart.o
 .ARM.attributes
                0x0000000000000374       0x39 build/stm32f4xx_ll_fsmc.o
 .ARM.attributes
                0x00000000000003ad       0x39 build/stm32f4xx_ll_sdmmc.o
 .ARM.attributes
                0x00000000000003e6       0x39 build/stm32f4xx_ll_usb.o
 .ARM.attributes
                0x000000000000041f       0x39 build/usbh_cdc.o
 .ARM.attributes
                0x0000000000000458       0x39 build/usbh_core.o
 .ARM.attributes
                0x0000000000000491       0x39 build/usbh_ctlreq.o
 .ARM.attributes
                0x00000000000004ca       0x39 build/usbh_ioreq.o
 .ARM.attributes
                0x0000000000000503       0x39 build/usbh_pipes.o
 .ARM.attributes
                0x000000000000053c       0x39 build/main.o
 .ARM.attributes
                0x0000000000000575       0x39 build/stm32f4xx_hal_msp.o
 .ARM.attributes
                0x00000000000005ae       0x39 build/stm32f4xx_it.o
 .ARM.attributes
                0x00000000000005e7       0x39 build/system_stm32f4xx.o
 .ARM.attributes
                0x0000000000000620       0x39 build/usb_host.o
 .ARM.attributes
                0x0000000000000659       0x39 build/usbh_conf.o
 .ARM.attributes
                0x0000000000000692       0x39 build/usbh_platform.o
 .ARM.attributes
                0x00000000000006cb       0x21 build/startup_stm32f412zx.o
 .ARM.attributes
                0x00000000000006ec       0x34 /usr/bin/../lib/gcc/arm-none-eabi/7.3.1/../../../../arm-none-eabi/lib/thumb/v7e-m/fpv4-sp/hard/libc.a(lib_a-impure.o)
 .ARM.attributes
                0x0000000000000720       0x34 /usr/bin/../lib/gcc/arm-none-eabi/7.3.1/../../../../arm-none-eabi/lib/thumb/v7e-m/fpv4-sp/hard/libc.a(lib_a-init.o)
 .ARM.attributes
                0x0000000000000754       0x34 /usr/bin/../lib/gcc/arm-none-eabi/7.3.1/../../../../arm-none-eabi/lib/thumb/v7e-m/fpv4-sp/hard/libc.a(lib_a-malloc.o)
 .ARM.attributes
                0x0000000000000788       0x34 /usr/bin/../lib/gcc/arm-none-eabi/7.3.1/../../../../arm-none-eabi/lib/thumb/v7e-m/fpv4-sp/hard/libc.a(lib_a-mallocr.o)
 .ARM.attributes
                0x00000000000007bc       0x34 /usr/bin/../lib/gcc/arm-none-eabi/7.3.1/../../../../arm-none-eabi/lib/thumb/v7e-m/fpv4-sp/hard/libc.a(lib_a-memset.o)
 .ARM.attributes
                0x00000000000007f0       0x34 /usr/bin/../lib/gcc/arm-none-eabi/7.3.1/../../../../arm-none-eabi/lib/thumb/v7e-m/fpv4-sp/hard/libc.a(lib_a-mlock.o)
 .ARM.attributes
                0x0000000000000824       0x34 /usr/bin/../lib/gcc/arm-none-eabi/7.3.1/../../../../arm-none-eabi/lib/thumb/v7e-m/fpv4-sp/hard/libc.a(lib_a-sbrkr.o)
 .ARM.attributes
                0x0000000000000858       0x34 /usr/bin/../lib/gcc/arm-none-eabi/7.3.1/../../../../arm-none-eabi/lib/thumb/v7e-m/fpv4-sp/hard/libc.a(lib_a-__call_atexit.o)
 .ARM.attributes
                0x000000000000088c       0x34 /usr/bin/../lib/gcc/arm-none-eabi/7.3.1/../../../../arm-none-eabi/lib/thumb/v7e-m/fpv4-sp/hard/libc.a(lib_a-atexit.o)
 .ARM.attributes
                0x00000000000008c0       0x34 /usr/bin/../lib/gcc/arm-none-eabi/7.3.1/../../../../arm-none-eabi/lib/thumb/v7e-m/fpv4-sp/hard/libc.a(lib_a-fini.o)
 .ARM.attributes
                0x00000000000008f4       0x34 /usr/bin/../lib/gcc/arm-none-eabi/7.3.1/../../../../arm-none-eabi/lib/thumb/v7e-m/fpv4-sp/hard/libc.a(lib_a-freer.o)
 .ARM.attributes
                0x0000000000000928       0x34 /usr/bin/../lib/gcc/arm-none-eabi/7.3.1/../../../../arm-none-eabi/lib/thumb/v7e-m/fpv4-sp/hard/libc.a(lib_a-lock.o)
 .ARM.attributes
                0x000000000000095c       0x34 /usr/bin/../lib/gcc/arm-none-eabi/7.3.1/../../../../arm-none-eabi/lib/thumb/v7e-m/fpv4-sp/hard/libc.a(lib_a-reent.o)
 .ARM.attributes
                0x0000000000000990       0x34 /usr/bin/../lib/gcc/arm-none-eabi/7.3.1/../../../../arm-none-eabi/lib/thumb/v7e-m/fpv4-sp/hard/libc.a(lib_a-__atexit.o)
 .ARM.attributes
                0x00000000000009c4       0x34 /usr/bin/../lib/gcc/arm-none-eabi/7.3.1/../../../../arm-none-eabi/lib/thumb/v7e-m/fpv4-sp/hard/libnosys.a(sbrk.o)
 .ARM.attributes
                0x00000000000009f8       0x22 /usr/bin/../lib/gcc/arm-none-eabi/7.3.1/thumb/v7e-m/fpv4-sp/hard/libgcc.a(_aeabi_uldivmod.o)
 .ARM.attributes
                0x0000000000000a1a       0x34 /usr/bin/../lib/gcc/arm-none-eabi/7.3.1/thumb/v7e-m/fpv4-sp/hard/libgcc.a(_udivmoddi4.o)
 .ARM.attributes
                0x0000000000000a4e       0x22 /usr/bin/../lib/gcc/arm-none-eabi/7.3.1/thumb/v7e-m/fpv4-sp/hard/libgcc.a(_dvmd_tls.o)
 .ARM.attributes
                0x0000000000000a70       0x22 /usr/bin/../lib/gcc/arm-none-eabi/7.3.1/thumb/v7e-m/fpv4-sp/hard/crtn.o
OUTPUT(build/MODPlayer-32F4DISCO.elf elf32-littlearm)

.debug_info     0x0000000000000000    0x27ea2
 .debug_info    0x0000000000000000      0xb00 build/stm32f4xx_hal.o
 .debug_info    0x0000000000000b00     0x1060 build/stm32f4xx_hal_cortex.o
 .debug_info    0x0000000000001b60      0x8c2 build/stm32f4xx_hal_gpio.o
 .debug_info    0x0000000000002422     0x1469 build/stm32f4xx_hal_hcd.o
 .debug_info    0x000000000000388b     0x352b build/stm32f4xx_hal_i2c.o
 .debug_info    0x0000000000006db6     0x110a build/stm32f4xx_hal_i2s.o
 .debug_info    0x0000000000007ec0      0xebb build/stm32f4xx_hal_i2s_ex.o
 .debug_info    0x0000000000008d7b     0x18ab build/stm32f4xx_hal_qspi.o
 .debug_info    0x000000000000a626      0xbc5 build/stm32f4xx_hal_rcc.o
 .debug_info    0x000000000000b1eb      0xab5 build/stm32f4xx_hal_rcc_ex.o
 .debug_info    0x000000000000bca0     0x25a5 build/stm32f4xx_hal_sd.o
 .debug_info    0x000000000000e245     0x1d82 build/stm32f4xx_hal_spi.o
 .debug_info    0x000000000000ffc7      0xd1d build/stm32f4xx_hal_sram.o
 .debug_info    0x0000000000010ce4     0x189d build/stm32f4xx_hal_uart.o
 .debug_info    0x0000000000012581      0x57e build/stm32f4xx_ll_fsmc.o
 .debug_info    0x0000000000012aff     0x17cf build/stm32f4xx_ll_sdmmc.o
 .debug_info    0x00000000000142ce     0x1da3 build/stm32f4xx_ll_usb.o
 .debug_info    0x0000000000016071     0x20ff build/usbh_cdc.o
 .debug_info    0x0000000000018170     0x1ddd build/usbh_core.o
 .debug_info    0x0000000000019f4d     0x1c7d build/usbh_ctlreq.o
 .debug_info    0x000000000001bbca     0x1880 build/usbh_ioreq.o
 .debug_info    0x000000000001d44a     0x1513 build/usbh_pipes.o
 .debug_info    0x000000000001e95d     0x243f build/main.o
 .debug_info    0x0000000000020d9c     0x2276 build/stm32f4xx_hal_msp.o
 .debug_info    0x0000000000023012      0x800 build/stm32f4xx_it.o
 .debug_info    0x0000000000023812      0x618 build/system_stm32f4xx.o
 .debug_info    0x0000000000023e2a     0x14b6 build/usb_host.o
 .debug_info    0x00000000000252e0     0x28d4 build/usbh_conf.o
 .debug_info    0x0000000000027bb4      0x2cc build/usbh_platform.o
 .debug_info    0x0000000000027e80       0x22 build/startup_stm32f412zx.o

.debug_abbrev   0x0000000000000000     0x47d0
 .debug_abbrev  0x0000000000000000      0x1ed build/stm32f4xx_hal.o
 .debug_abbrev  0x00000000000001ed      0x33d build/stm32f4xx_hal_cortex.o
 .debug_abbrev  0x000000000000052a      0x21c build/stm32f4xx_hal_gpio.o
 .debug_abbrev  0x0000000000000746      0x297 build/stm32f4xx_hal_hcd.o
 .debug_abbrev  0x00000000000009dd      0x2de build/stm32f4xx_hal_i2c.o
 .debug_abbrev  0x0000000000000cbb      0x271 build/stm32f4xx_hal_i2s.o
 .debug_abbrev  0x0000000000000f2c      0x29c build/stm32f4xx_hal_i2s_ex.o
 .debug_abbrev  0x00000000000011c8      0x293 build/stm32f4xx_hal_qspi.o
 .debug_abbrev  0x000000000000145b      0x28d build/stm32f4xx_hal_rcc.o
 .debug_abbrev  0x00000000000016e8      0x1c9 build/stm32f4xx_hal_rcc_ex.o
 .debug_abbrev  0x00000000000018b1      0x2b1 build/stm32f4xx_hal_sd.o
 .debug_abbrev  0x0000000000001b62      0x298 build/stm32f4xx_hal_spi.o
 .debug_abbrev  0x0000000000001dfa      0x23b build/stm32f4xx_hal_sram.o
 .debug_abbrev  0x0000000000002035      0x2d7 build/stm32f4xx_hal_uart.o
 .debug_abbrev  0x000000000000230c      0x191 build/stm32f4xx_ll_fsmc.o
 .debug_abbrev  0x000000000000249d      0x228 build/stm32f4xx_ll_sdmmc.o
 .debug_abbrev  0x00000000000026c5      0x2d1 build/stm32f4xx_ll_usb.o
 .debug_abbrev  0x0000000000002996      0x35e build/usbh_cdc.o
 .debug_abbrev  0x0000000000002cf4      0x3b6 build/usbh_core.o
 .debug_abbrev  0x00000000000030aa      0x384 build/usbh_ctlreq.o
 .debug_abbrev  0x000000000000342e      0x274 build/usbh_ioreq.o
 .debug_abbrev  0x00000000000036a2      0x2ca build/usbh_pipes.o
 .debug_abbrev  0x000000000000396c      0x258 build/main.o
 .debug_abbrev  0x0000000000003bc4      0x213 build/stm32f4xx_hal_msp.o
 .debug_abbrev  0x0000000000003dd7      0x164 build/stm32f4xx_it.o
 .debug_abbrev  0x0000000000003f3b      0x12a build/system_stm32f4xx.o
 .debug_abbrev  0x0000000000004065      0x297 build/usb_host.o
 .debug_abbrev  0x00000000000042fc      0x394 build/usbh_conf.o
 .debug_abbrev  0x0000000000004690      0x12e build/usbh_platform.o
 .debug_abbrev  0x00000000000047be       0x12 build/startup_stm32f412zx.o

.debug_loc      0x0000000000000000    0x1832c
 .debug_loc     0x0000000000000000      0x1bb build/stm32f4xx_hal.o
 .debug_loc     0x00000000000001bb      0x65e build/stm32f4xx_hal_cortex.o
 .debug_loc     0x0000000000000819      0x53e build/stm32f4xx_hal_gpio.o
 .debug_loc     0x0000000000000d57      0xe26 build/stm32f4xx_hal_hcd.o
 .debug_loc     0x0000000000001b7d     0x42f8 build/stm32f4xx_hal_i2c.o
 .debug_loc     0x0000000000005e75      0xfdd build/stm32f4xx_hal_i2s.o
 .debug_loc     0x0000000000006e52      0xc85 build/stm32f4xx_hal_i2s_ex.o
 .debug_loc     0x0000000000007ad7     0x17e7 build/stm32f4xx_hal_qspi.o
 .debug_loc     0x00000000000092be      0x573 build/stm32f4xx_hal_rcc.o
 .debug_loc     0x0000000000009831      0x89b build/stm32f4xx_hal_rcc_ex.o
 .debug_loc     0x000000000000a0cc     0x2469 build/stm32f4xx_hal_sd.o
 .debug_loc     0x000000000000c535     0x20fa build/stm32f4xx_hal_spi.o
 .debug_loc     0x000000000000e62f      0xa36 build/stm32f4xx_hal_sram.o
 .debug_loc     0x000000000000f065     0x1a4d build/stm32f4xx_hal_uart.o
 .debug_loc     0x0000000000010ab2      0x323 build/stm32f4xx_ll_fsmc.o
 .debug_loc     0x0000000000010dd5     0x148f build/stm32f4xx_ll_sdmmc.o
 .debug_loc     0x0000000000012264     0x232e build/stm32f4xx_ll_usb.o
 .debug_loc     0x0000000000014592      0x802 build/usbh_cdc.o
 .debug_loc     0x0000000000014d94      0x890 build/usbh_core.o
 .debug_loc     0x0000000000015624      0xe71 build/usbh_ctlreq.o
 .debug_loc     0x0000000000016495      0x707 build/usbh_ioreq.o
 .debug_loc     0x0000000000016b9c      0x236 build/usbh_pipes.o
 .debug_loc     0x0000000000016dd2      0x1aa build/main.o
 .debug_loc     0x0000000000016f7c      0x65a build/stm32f4xx_hal_msp.o
 .debug_loc     0x00000000000175d6       0x40 build/stm32f4xx_it.o
 .debug_loc     0x0000000000017616      0x13e build/system_stm32f4xx.o
 .debug_loc     0x0000000000017754       0x40 build/usb_host.o
 .debug_loc     0x0000000000017794      0xb23 build/usbh_conf.o
 .debug_loc     0x00000000000182b7       0x75 build/usbh_platform.o

.debug_aranges  0x0000000000000000     0x17f0
 .debug_aranges
                0x0000000000000000       0xf0 build/stm32f4xx_hal.o
 .debug_aranges
                0x00000000000000f0       0xa8 build/stm32f4xx_hal_cortex.o
 .debug_aranges
                0x0000000000000198       0x58 build/stm32f4xx_hal_gpio.o
 .debug_aranges
                0x00000000000001f0       0xf0 build/stm32f4xx_hal_hcd.o
 .debug_aranges
                0x00000000000002e0      0x298 build/stm32f4xx_hal_i2c.o
 .debug_aranges
                0x0000000000000578      0x108 build/stm32f4xx_hal_i2s.o
 .debug_aranges
                0x0000000000000680       0x88 build/stm32f4xx_hal_i2s_ex.o
 .debug_aranges
                0x0000000000000708      0x160 build/stm32f4xx_hal_qspi.o
 .debug_aranges
                0x0000000000000868       0x88 build/stm32f4xx_hal_rcc.o
 .debug_aranges
                0x00000000000008f0       0x60 build/stm32f4xx_hal_rcc_ex.o
 .debug_aranges
                0x0000000000000950      0x168 build/stm32f4xx_hal_sd.o
 .debug_aranges
                0x0000000000000ab8      0x1d0 build/stm32f4xx_hal_spi.o
 .debug_aranges
                0x0000000000000c88       0xa0 build/stm32f4xx_hal_sram.o
 .debug_aranges
                0x0000000000000d28      0x1d0 build/stm32f4xx_hal_uart.o
 .debug_aranges
                0x0000000000000ef8       0x48 build/stm32f4xx_ll_fsmc.o
 .debug_aranges
                0x0000000000000f40      0x178 build/stm32f4xx_ll_sdmmc.o
 .debug_aranges
                0x00000000000010b8      0x198 build/stm32f4xx_ll_usb.o
 .debug_aranges
                0x0000000000001250       0xa8 build/usbh_cdc.o
 .debug_aranges
                0x00000000000012f8       0xc0 build/usbh_core.o
 .debug_aranges
                0x00000000000013b8       0xa0 build/usbh_ctlreq.o
 .debug_aranges
                0x0000000000001458       0x60 build/usbh_ioreq.o
 .debug_aranges
                0x00000000000014b8       0x40 build/usbh_pipes.o
 .debug_aranges
                0x00000000000014f8       0x78 build/main.o
 .debug_aranges
                0x0000000000001570       0xa0 build/stm32f4xx_hal_msp.o
 .debug_aranges
                0x0000000000001610       0x68 build/stm32f4xx_it.o
 .debug_aranges
                0x0000000000001678       0x28 build/system_stm32f4xx.o
 .debug_aranges
                0x00000000000016a0       0x30 build/usb_host.o
 .debug_aranges
                0x00000000000016d0       0xd8 build/usbh_conf.o
 .debug_aranges
                0x00000000000017a8       0x20 build/usbh_platform.o
 .debug_aranges
                0x00000000000017c8       0x28 build/startup_stm32f412zx.o

.debug_ranges   0x0000000000000000     0x16d8
 .debug_ranges  0x0000000000000000       0xe0 build/stm32f4xx_hal.o
 .debug_ranges  0x00000000000000e0       0xf8 build/stm32f4xx_hal_cortex.o
 .debug_ranges  0x00000000000001d8       0x48 build/stm32f4xx_hal_gpio.o
 .debug_ranges  0x0000000000000220       0xe0 build/stm32f4xx_hal_hcd.o
 .debug_ranges  0x0000000000000300      0x2a0 build/stm32f4xx_hal_i2c.o
 .debug_ranges  0x00000000000005a0       0xf8 build/stm32f4xx_hal_i2s.o
 .debug_ranges  0x0000000000000698       0x90 build/stm32f4xx_hal_i2s_ex.o
 .debug_ranges  0x0000000000000728      0x150 build/stm32f4xx_hal_qspi.o
 .debug_ranges  0x0000000000000878       0x90 build/stm32f4xx_hal_rcc.o
 .debug_ranges  0x0000000000000908       0x68 build/stm32f4xx_hal_rcc_ex.o
 .debug_ranges  0x0000000000000970      0x158 build/stm32f4xx_hal_sd.o
 .debug_ranges  0x0000000000000ac8      0x1c0 build/stm32f4xx_hal_spi.o
 .debug_ranges  0x0000000000000c88       0x90 build/stm32f4xx_hal_sram.o
 .debug_ranges  0x0000000000000d18      0x1c0 build/stm32f4xx_hal_uart.o
 .debug_ranges  0x0000000000000ed8       0x38 build/stm32f4xx_ll_fsmc.o
 .debug_ranges  0x0000000000000f10      0x168 build/stm32f4xx_ll_sdmmc.o
 .debug_ranges  0x0000000000001078      0x188 build/stm32f4xx_ll_usb.o
 .debug_ranges  0x0000000000001200       0x98 build/usbh_cdc.o
 .debug_ranges  0x0000000000001298       0xb0 build/usbh_core.o
 .debug_ranges  0x0000000000001348       0x90 build/usbh_ctlreq.o
 .debug_ranges  0x00000000000013d8       0x50 build/usbh_ioreq.o
 .debug_ranges  0x0000000000001428       0x30 build/usbh_pipes.o
 .debug_ranges  0x0000000000001458       0x68 build/main.o
 .debug_ranges  0x00000000000014c0       0x90 build/stm32f4xx_hal_msp.o
 .debug_ranges  0x0000000000001550       0x58 build/stm32f4xx_it.o
 .debug_ranges  0x00000000000015a8       0x18 build/system_stm32f4xx.o
 .debug_ranges  0x00000000000015c0       0x20 build/usb_host.o
 .debug_ranges  0x00000000000015e0       0xc8 build/usbh_conf.o
 .debug_ranges  0x00000000000016a8       0x10 build/usbh_platform.o
 .debug_ranges  0x00000000000016b8       0x20 build/startup_stm32f412zx.o

.debug_line     0x0000000000000000     0xaa78
 .debug_line    0x0000000000000000      0x3a4 build/stm32f4xx_hal.o
 .debug_line    0x00000000000003a4      0x3ee build/stm32f4xx_hal_cortex.o
 .debug_line    0x0000000000000792      0x320 build/stm32f4xx_hal_gpio.o
 .debug_line    0x0000000000000ab2      0x5cf build/stm32f4xx_hal_hcd.o
 .debug_line    0x0000000000001081     0x175e build/stm32f4xx_hal_i2c.o
 .debug_line    0x00000000000027df      0x796 build/stm32f4xx_hal_i2s.o
 .debug_line    0x0000000000002f75      0x790 build/stm32f4xx_hal_i2s_ex.o
 .debug_line    0x0000000000003705      0x835 build/stm32f4xx_hal_qspi.o
 .debug_line    0x0000000000003f3a      0x466 build/stm32f4xx_hal_rcc.o
 .debug_line    0x00000000000043a0      0x4ce build/stm32f4xx_hal_rcc_ex.o
 .debug_line    0x000000000000486e      0xab0 build/stm32f4xx_hal_sd.o
 .debug_line    0x000000000000531e      0xc01 build/stm32f4xx_hal_spi.o
 .debug_line    0x0000000000005f1f      0x490 build/stm32f4xx_hal_sram.o
 .debug_line    0x00000000000063af      0xb1f build/stm32f4xx_hal_uart.o
 .debug_line    0x0000000000006ece      0x262 build/stm32f4xx_ll_fsmc.o
 .debug_line    0x0000000000007130      0x626 build/stm32f4xx_ll_sdmmc.o
 .debug_line    0x0000000000007756      0x869 build/stm32f4xx_ll_usb.o
 .debug_line    0x0000000000007fbf      0x4ee build/usbh_cdc.o
 .debug_line    0x00000000000084ad      0x53b build/usbh_core.o
 .debug_line    0x00000000000089e8      0x539 build/usbh_ctlreq.o
 .debug_line    0x0000000000008f21      0x2e9 build/usbh_ioreq.o
 .debug_line    0x000000000000920a      0x29f build/usbh_pipes.o
 .debug_line    0x00000000000094a9      0x463 build/main.o
 .debug_line    0x000000000000990c      0x484 build/stm32f4xx_hal_msp.o
 .debug_line    0x0000000000009d90      0x22b build/stm32f4xx_it.o
 .debug_line    0x0000000000009fbb      0x182 build/system_stm32f4xx.o
 .debug_line    0x000000000000a13d      0x2aa build/usb_host.o
 .debug_line    0x000000000000a3e7      0x4af build/usbh_conf.o
 .debug_line    0x000000000000a896      0x16e build/usbh_platform.o
 .debug_line    0x000000000000aa04       0x74 build/startup_stm32f412zx.o

.debug_str      0x0000000000000000     0x78e0
 .debug_str     0x0000000000000000      0xb36 build/stm32f4xx_hal.o
                                        0xbbe (size before relaxing)
 .debug_str     0x0000000000000b36      0x49e build/stm32f4xx_hal_cortex.o
                                        0xcd9 (size before relaxing)
 .debug_str     0x0000000000000fd4      0x1d5 build/stm32f4xx_hal_gpio.o
                                        0x5ef (size before relaxing)
 .debug_str     0x00000000000011a9      0x89f build/stm32f4xx_hal_hcd.o
                                        0xbef (size before relaxing)
 .debug_str     0x0000000000001a48      0xcfe build/stm32f4xx_hal_i2c.o
                                       0x10ff (size before relaxing)
 .debug_str     0x0000000000002746      0x43f build/stm32f4xx_hal_i2s.o
                                        0xa27 (size before relaxing)
 .debug_str     0x0000000000002b85      0x1ee build/stm32f4xx_hal_i2s_ex.o
                                        0x968 (size before relaxing)
 .debug_str     0x0000000000002d73      0x695 build/stm32f4xx_hal_qspi.o
                                        0xcaa (size before relaxing)
 .debug_str     0x0000000000003408      0x2d6 build/stm32f4xx_hal_rcc.o
                                        0x7cc (size before relaxing)
 .debug_str     0x00000000000036de      0x247 build/stm32f4xx_hal_rcc_ex.o
                                        0x791 (size before relaxing)
 .debug_str     0x0000000000003925      0xb6c build/stm32f4xx_hal_sd.o
                                       0x11b5 (size before relaxing)
 .debug_str     0x0000000000004491      0x602 build/stm32f4xx_hal_spi.o
                                        0xcae (size before relaxing)
 .debug_str     0x0000000000004a93      0x4bb build/stm32f4xx_hal_sram.o
                                        0xa01 (size before relaxing)
 .debug_str     0x0000000000004f4e      0x675 build/stm32f4xx_hal_uart.o
                                        0xd06 (size before relaxing)
 .debug_str     0x00000000000055c3       0x43 build/stm32f4xx_ll_fsmc.o
                                        0x562 (size before relaxing)
 .debug_str     0x0000000000005606      0x1ff build/stm32f4xx_ll_sdmmc.o
                                        0x8b1 (size before relaxing)
 .debug_str     0x0000000000005805      0x50a build/stm32f4xx_ll_usb.o
                                        0xd5a (size before relaxing)
 .debug_str     0x0000000000005d0f     0x1231 build/usbh_cdc.o
                                       0x15ef (size before relaxing)
 .debug_str     0x0000000000006f40      0x2ae build/usbh_core.o
                                       0x1181 (size before relaxing)
 .debug_str     0x00000000000071ee      0x1d8 build/usbh_ctlreq.o
                                       0x115f (size before relaxing)
 .debug_str     0x00000000000073c6       0xaf build/usbh_ioreq.o
                                        0xf94 (size before relaxing)
 .debug_str     0x0000000000007475       0x7d build/usbh_pipes.o
                                        0xf2a (size before relaxing)
 .debug_str     0x00000000000074f2      0x123 build/main.o
                                       0x183f (size before relaxing)
 .debug_str     0x0000000000007615       0x60 build/stm32f4xx_hal_msp.o
                                       0x1495 (size before relaxing)
 .debug_str     0x0000000000007675       0xc5 build/stm32f4xx_it.o
                                        0x7a7 (size before relaxing)
 .debug_str     0x000000000000773a       0x42 build/system_stm32f4xx.o
                                        0x44d (size before relaxing)
 .debug_str     0x000000000000777c       0x96 build/usb_host.o
                                        0xf58 (size before relaxing)
 .debug_str     0x0000000000007812       0x96 build/usbh_conf.o
                                       0x1e0c (size before relaxing)
 .debug_str     0x00000000000078a8       0x14 build/usbh_platform.o
                                        0x337 (size before relaxing)
 .debug_str     0x00000000000078bc       0x24 build/startup_stm32f412zx.o
                                         0x6f (size before relaxing)

.comment        0x0000000000000000       0x7f
 .comment       0x0000000000000000       0x7f build/stm32f4xx_hal.o
                                         0x80 (size before relaxing)
 .comment       0x000000000000007f       0x80 build/stm32f4xx_hal_cortex.o
 .comment       0x000000000000007f       0x80 build/stm32f4xx_hal_gpio.o
 .comment       0x000000000000007f       0x80 build/stm32f4xx_hal_hcd.o
 .comment       0x000000000000007f       0x80 build/stm32f4xx_hal_i2c.o
 .comment       0x000000000000007f       0x80 build/stm32f4xx_hal_i2s.o
 .comment       0x000000000000007f       0x80 build/stm32f4xx_hal_i2s_ex.o
 .comment       0x000000000000007f       0x80 build/stm32f4xx_hal_qspi.o
 .comment       0x000000000000007f       0x80 build/stm32f4xx_hal_rcc.o
 .comment       0x000000000000007f       0x80 build/stm32f4xx_hal_rcc_ex.o
 .comment       0x000000000000007f       0x80 build/stm32f4xx_hal_sd.o
 .comment       0x000000000000007f       0x80 build/stm32f4xx_hal_spi.o
 .comment       0x000000000000007f       0x80 build/stm32f4xx_hal_sram.o
 .comment       0x000000000000007f       0x80 build/stm32f4xx_hal_uart.o
 .comment       0x000000000000007f       0x80 build/stm32f4xx_ll_fsmc.o
 .comment       0x000000000000007f       0x80 build/stm32f4xx_ll_sdmmc.o
 .comment       0x000000000000007f       0x80 build/stm32f4xx_ll_usb.o
 .comment       0x000000000000007f       0x80 build/usbh_cdc.o
 .comment       0x000000000000007f       0x80 build/usbh_core.o
 .comment       0x000000000000007f       0x80 build/usbh_ctlreq.o
 .comment       0x000000000000007f       0x80 build/usbh_ioreq.o
 .comment       0x000000000000007f       0x80 build/usbh_pipes.o
 .comment       0x000000000000007f       0x80 build/main.o
 .comment       0x000000000000007f       0x80 build/stm32f4xx_hal_msp.o
 .comment       0x000000000000007f       0x80 build/stm32f4xx_it.o
 .comment       0x000000000000007f       0x80 build/system_stm32f4xx.o
 .comment       0x000000000000007f       0x80 build/usb_host.o
 .comment       0x000000000000007f       0x80 build/usbh_conf.o
 .comment       0x000000000000007f       0x80 build/usbh_platform.o

.debug_frame    0x0000000000000000     0x5018
 .debug_frame   0x0000000000000000      0x200 build/stm32f4xx_hal.o
 .debug_frame   0x0000000000000200      0x16c build/stm32f4xx_hal_cortex.o
 .debug_frame   0x000000000000036c       0xf0 build/stm32f4xx_hal_gpio.o
 .debug_frame   0x000000000000045c      0x300 build/stm32f4xx_hal_hcd.o
 .debug_frame   0x000000000000075c      0xa38 build/stm32f4xx_hal_i2c.o
 .debug_frame   0x0000000000001194      0x37c build/stm32f4xx_hal_i2s.o
 .debug_frame   0x0000000000001510      0x1c0 build/stm32f4xx_hal_i2s_ex.o
 .debug_frame   0x00000000000016d0      0x478 build/stm32f4xx_hal_qspi.o
 .debug_frame   0x0000000000001b48      0x1c4 build/stm32f4xx_hal_rcc.o
 .debug_frame   0x0000000000001d0c      0x104 build/stm32f4xx_hal_rcc_ex.o
 .debug_frame   0x0000000000001e10      0x56c build/stm32f4xx_hal_sd.o
 .debug_frame   0x000000000000237c      0x62c build/stm32f4xx_hal_spi.o
 .debug_frame   0x00000000000029a8      0x1e8 build/stm32f4xx_hal_sram.o
 .debug_frame   0x0000000000002b90      0x584 build/stm32f4xx_hal_uart.o
 .debug_frame   0x0000000000003114       0xbc build/stm32f4xx_ll_fsmc.o
 .debug_frame   0x00000000000031d0      0x4f0 build/stm32f4xx_ll_sdmmc.o
 .debug_frame   0x00000000000036c0      0x50c build/stm32f4xx_ll_usb.o
 .debug_frame   0x0000000000003bcc      0x1e8 build/usbh_cdc.o
 .debug_frame   0x0000000000003db4      0x23c build/usbh_core.o
 .debug_frame   0x0000000000003ff0      0x218 build/usbh_ctlreq.o
 .debug_frame   0x0000000000004208      0x154 build/usbh_ioreq.o
 .debug_frame   0x000000000000435c       0x8c build/usbh_pipes.o
 .debug_frame   0x00000000000043e8      0x180 build/main.o
 .debug_frame   0x0000000000004568      0x250 build/stm32f4xx_hal_msp.o
 .debug_frame   0x00000000000047b8       0xc8 build/stm32f4xx_it.o
 .debug_frame   0x0000000000004880       0x30 build/system_stm32f4xx.o
 .debug_frame   0x00000000000048b0       0x58 build/usb_host.o
 .debug_frame   0x0000000000004908      0x2a4 build/usbh_conf.o
 .debug_frame   0x0000000000004bac       0x2c build/usbh_platform.o
 .debug_frame   0x0000000000004bd8       0x2c /usr/bin/../lib/gcc/arm-none-eabi/7.3.1/../../../../arm-none-eabi/lib/thumb/v7e-m/fpv4-sp/hard/libc.a(lib_a-init.o)
 .debug_frame   0x0000000000004c04       0x30 /usr/bin/../lib/gcc/arm-none-eabi/7.3.1/../../../../arm-none-eabi/lib/thumb/v7e-m/fpv4-sp/hard/libc.a(lib_a-malloc.o)
 .debug_frame   0x0000000000004c34       0x54 /usr/bin/../lib/gcc/arm-none-eabi/7.3.1/../../../../arm-none-eabi/lib/thumb/v7e-m/fpv4-sp/hard/libc.a(lib_a-mallocr.o)
 .debug_frame   0x0000000000004c88       0x38 /usr/bin/../lib/gcc/arm-none-eabi/7.3.1/../../../../arm-none-eabi/lib/thumb/v7e-m/fpv4-sp/hard/libc.a(lib_a-memset.o)
 .debug_frame   0x0000000000004cc0       0x30 /usr/bin/../lib/gcc/arm-none-eabi/7.3.1/../../../../arm-none-eabi/lib/thumb/v7e-m/fpv4-sp/hard/libc.a(lib_a-mlock.o)
 .debug_frame   0x0000000000004cf0       0x2c /usr/bin/../lib/gcc/arm-none-eabi/7.3.1/../../../../arm-none-eabi/lib/thumb/v7e-m/fpv4-sp/hard/libc.a(lib_a-sbrkr.o)
 .debug_frame   0x0000000000004d1c       0x5c /usr/bin/../lib/gcc/arm-none-eabi/7.3.1/../../../../arm-none-eabi/lib/thumb/v7e-m/fpv4-sp/hard/libc.a(lib_a-__call_atexit.o)
 .debug_frame   0x0000000000004d78       0x20 /usr/bin/../lib/gcc/arm-none-eabi/7.3.1/../../../../arm-none-eabi/lib/thumb/v7e-m/fpv4-sp/hard/libc.a(lib_a-atexit.o)
 .debug_frame   0x0000000000004d98       0x34 /usr/bin/../lib/gcc/arm-none-eabi/7.3.1/../../../../arm-none-eabi/lib/thumb/v7e-m/fpv4-sp/hard/libc.a(lib_a-fini.o)
 .debug_frame   0x0000000000004dcc       0x80 /usr/bin/../lib/gcc/arm-none-eabi/7.3.1/../../../../arm-none-eabi/lib/thumb/v7e-m/fpv4-sp/hard/libc.a(lib_a-freer.o)
 .debug_frame   0x0000000000004e4c       0xb0 /usr/bin/../lib/gcc/arm-none-eabi/7.3.1/../../../../arm-none-eabi/lib/thumb/v7e-m/fpv4-sp/hard/libc.a(lib_a-lock.o)
 .debug_frame   0x0000000000004efc       0x68 /usr/bin/../lib/gcc/arm-none-eabi/7.3.1/../../../../arm-none-eabi/lib/thumb/v7e-m/fpv4-sp/hard/libc.a(lib_a-reent.o)
 .debug_frame   0x0000000000004f64       0x34 /usr/bin/../lib/gcc/arm-none-eabi/7.3.1/../../../../arm-none-eabi/lib/thumb/v7e-m/fpv4-sp/hard/libc.a(lib_a-__atexit.o)
 .debug_frame   0x0000000000004f98       0x20 /usr/bin/../lib/gcc/arm-none-eabi/7.3.1/../../../../arm-none-eabi/lib/thumb/v7e-m/fpv4-sp/hard/libnosys.a(sbrk.o)
 .debug_frame   0x0000000000004fb8       0x2c /usr/bin/../lib/gcc/arm-none-eabi/7.3.1/thumb/v7e-m/fpv4-sp/hard/libgcc.a(_aeabi_uldivmod.o)
 .debug_frame   0x0000000000004fe4       0x34 /usr/bin/../lib/gcc/arm-none-eabi/7.3.1/thumb/v7e-m/fpv4-sp/hard/libgcc.a(_udivmoddi4.o)

Cross Reference Table

Symbol                                            File
ADC_IRQHandler                                    build/startup_stm32f412zx.o
AHBPrescTable                                     build/system_stm32f4xx.o
                                                  build/stm32f4xx_hal_rcc.o
APBPrescTable                                     build/system_stm32f4xx.o
                                                  build/stm32f4xx_hal_rcc.o
Appli_state                                       build/usb_host.o
BusFault_Handler                                  build/stm32f4xx_it.o
CAN1_RX0_IRQHandler                               build/startup_stm32f412zx.o
CAN1_RX1_IRQHandler                               build/startup_stm32f412zx.o
CAN1_SCE_IRQHandler                               build/startup_stm32f412zx.o
CAN1_TX_IRQHandler                                build/startup_stm32f412zx.o
CAN2_RX0_IRQHandler                               build/startup_stm32f412zx.o
CAN2_RX1_IRQHandler                               build/startup_stm32f412zx.o
CAN2_SCE_IRQHandler                               build/startup_stm32f412zx.o
CAN2_TX_IRQHandler                                build/startup_stm32f412zx.o
CDC_Class                                         build/usbh_cdc.o
                                                  build/usb_host.o
DFSDM1_FLT0_IRQHandler                            build/startup_stm32f412zx.o
DFSDM1_FLT1_IRQHandler                            build/startup_stm32f412zx.o
DMA1_Stream0_IRQHandler                           build/startup_stm32f412zx.o
DMA1_Stream1_IRQHandler                           build/startup_stm32f412zx.o
DMA1_Stream2_IRQHandler                           build/startup_stm32f412zx.o
DMA1_Stream3_IRQHandler                           build/startup_stm32f412zx.o
DMA1_Stream4_IRQHandler                           build/startup_stm32f412zx.o
DMA1_Stream5_IRQHandler                           build/startup_stm32f412zx.o
DMA1_Stream6_IRQHandler                           build/startup_stm32f412zx.o
DMA1_Stream7_IRQHandler                           build/startup_stm32f412zx.o
DMA2_Stream0_IRQHandler                           build/startup_stm32f412zx.o
DMA2_Stream1_IRQHandler                           build/startup_stm32f412zx.o
DMA2_Stream2_IRQHandler                           build/startup_stm32f412zx.o
DMA2_Stream3_IRQHandler                           build/startup_stm32f412zx.o
DMA2_Stream4_IRQHandler                           build/startup_stm32f412zx.o
DMA2_Stream5_IRQHandler                           build/startup_stm32f412zx.o
DMA2_Stream6_IRQHandler                           build/startup_stm32f412zx.o
DMA2_Stream7_IRQHandler                           build/startup_stm32f412zx.o
DebugMon_Handler                                  build/stm32f4xx_it.o
Default_Handler                                   build/startup_stm32f412zx.o
EXTI0_IRQHandler                                  build/startup_stm32f412zx.o
EXTI15_10_IRQHandler                              build/startup_stm32f412zx.o
EXTI1_IRQHandler                                  build/startup_stm32f412zx.o
EXTI2_IRQHandler                                  build/startup_stm32f412zx.o
EXTI3_IRQHandler                                  build/startup_stm32f412zx.o
EXTI4_IRQHandler                                  build/startup_stm32f412zx.o
EXTI9_5_IRQHandler                                build/startup_stm32f412zx.o
Error_Handler                                     build/main.o
                                                  build/usbh_conf.o
                                                  build/usb_host.o
FLASH_Erase_Sector                                build/stm32f4xx_hal_flash_ex.o
                                                  build/stm32f4xx_hal_flash.o
FLASH_FlushCaches                                 build/stm32f4xx_hal_flash_ex.o
                                                  build/stm32f4xx_hal_flash.o
FLASH_IRQHandler                                  build/startup_stm32f412zx.o
FLASH_WaitForLastOperation                        build/stm32f4xx_hal_flash.o
                                                  build/stm32f4xx_hal_flash_ex.o
FMPI2C1_ER_IRQHandler                             build/startup_stm32f412zx.o
FMPI2C1_EV_IRQHandler                             build/startup_stm32f412zx.o
FPU_IRQHandler                                    build/startup_stm32f412zx.o
FSMC_NORSRAM_DeInit                               build/stm32f4xx_ll_fsmc.o
                                                  build/stm32f4xx_hal_sram.o
FSMC_NORSRAM_Extended_Timing_Init                 build/stm32f4xx_ll_fsmc.o
                                                  build/stm32f4xx_hal_sram.o
FSMC_NORSRAM_Init                                 build/stm32f4xx_ll_fsmc.o
                                                  build/stm32f4xx_hal_sram.o